Component: Arm Compiler for Embedded 6.18 Tool: armlink [5e4cc100]

==============================================================================

Section Cross References

    startup_stm32f103xb.o(STACK) refers (Special) to heapauxi.o(.text) for __use_two_region_memory
    startup_stm32f103xb.o(HEAP) refers (Special) to heapauxi.o(.text) for __use_two_region_memory
    startup_stm32f103xb.o(RESET) refers (Special) to heapauxi.o(.text) for __use_two_region_memory
    startup_stm32f103xb.o(RESET) refers to startup_stm32f103xb.o(STACK) for __initial_sp
    startup_stm32f103xb.o(RESET) refers to startup_stm32f103xb.o(.text) for Reset_Handler
    startup_stm32f103xb.o(RESET) refers to stm32f1xx_it.o(.text.NMI_Handler) for NMI_Handler
    startup_stm32f103xb.o(RESET) refers to stm32f1xx_it.o(.text.HardFault_Handler) for HardFault_Handler
    startup_stm32f103xb.o(RESET) refers to stm32f1xx_it.o(.text.MemManage_Handler) for MemManage_Handler
    startup_stm32f103xb.o(RESET) refers to stm32f1xx_it.o(.text.BusFault_Handler) for BusFault_Handler
    startup_stm32f103xb.o(RESET) refers to stm32f1xx_it.o(.text.UsageFault_Handler) for UsageFault_Handler
    startup_stm32f103xb.o(RESET) refers to stm32f1xx_it.o(.text.SVC_Handler) for SVC_Handler
    startup_stm32f103xb.o(RESET) refers to stm32f1xx_it.o(.text.DebugMon_Handler) for DebugMon_Handler
    startup_stm32f103xb.o(RESET) refers to stm32f1xx_it.o(.text.PendSV_Handler) for PendSV_Handler
    startup_stm32f103xb.o(RESET) refers to stm32f1xx_it.o(.text.SysTick_Handler) for SysTick_Handler
    startup_stm32f103xb.o(RESET) refers to stm32f1xx_it.o(.text.USB_LP_CAN1_RX0_IRQHandler) for USB_LP_CAN1_RX0_IRQHandler
    startup_stm32f103xb.o(RESET) refers to stm32f1xx_it.o(.text.CAN1_RX1_IRQHandler) for CAN1_RX1_IRQHandler
    startup_stm32f103xb.o(RESET) refers to stm32f1xx_it.o(.text.USART1_IRQHandler) for USART1_IRQHandler
    startup_stm32f103xb.o(RESET) refers to stm32f1xx_it.o(.text.USART3_IRQHandler) for USART3_IRQHandler
    startup_stm32f103xb.o(.text) refers (Special) to heapauxi.o(.text) for __use_two_region_memory
    startup_stm32f103xb.o(.text) refers to system_stm32f1xx.o(.text.SystemInit) for SystemInit
    startup_stm32f103xb.o(.text) refers to __main.o(!!!main) for __main
    startup_stm32f103xb.o(.text) refers to startup_stm32f103xb.o(HEAP) for Heap_Mem
    startup_stm32f103xb.o(.text) refers to startup_stm32f103xb.o(STACK) for Stack_Mem
    clcd_i2c.o(.text.CLCD_I2C_Init) refers to stm32f1xx_hal.o(.text.HAL_Delay) for HAL_Delay
    clcd_i2c.o(.text.CLCD_I2C_Init) refers to stm32f1xx_hal_i2c.o(.text.HAL_I2C_Master_Transmit) for HAL_I2C_Master_Transmit
    clcd_i2c.o(.ARM.exidx.text.CLCD_I2C_Init) refers to clcd_i2c.o(.text.CLCD_I2C_Init) for [Anonymous Symbol]
    clcd_i2c.o(.text.CLCD_I2C_SetCursor) refers to stm32f1xx_hal.o(.text.HAL_Delay) for HAL_Delay
    clcd_i2c.o(.text.CLCD_I2C_SetCursor) refers to stm32f1xx_hal_i2c.o(.text.HAL_I2C_Master_Transmit) for HAL_I2C_Master_Transmit
    clcd_i2c.o(.ARM.exidx.text.CLCD_I2C_SetCursor) refers to clcd_i2c.o(.text.CLCD_I2C_SetCursor) for [Anonymous Symbol]
    clcd_i2c.o(.text.CLCD_I2C_WriteChar) refers to stm32f1xx_hal.o(.text.HAL_Delay) for HAL_Delay
    clcd_i2c.o(.text.CLCD_I2C_WriteChar) refers to stm32f1xx_hal_i2c.o(.text.HAL_I2C_Master_Transmit) for HAL_I2C_Master_Transmit
    clcd_i2c.o(.ARM.exidx.text.CLCD_I2C_WriteChar) refers to clcd_i2c.o(.text.CLCD_I2C_WriteChar) for [Anonymous Symbol]
    clcd_i2c.o(.text.CLCD_I2C_WriteString) refers to stm32f1xx_hal.o(.text.HAL_Delay) for HAL_Delay
    clcd_i2c.o(.text.CLCD_I2C_WriteString) refers to stm32f1xx_hal_i2c.o(.text.HAL_I2C_Master_Transmit) for HAL_I2C_Master_Transmit
    clcd_i2c.o(.ARM.exidx.text.CLCD_I2C_WriteString) refers to clcd_i2c.o(.text.CLCD_I2C_WriteString) for [Anonymous Symbol]
    clcd_i2c.o(.text.CLCD_I2C_Clear) refers to stm32f1xx_hal.o(.text.HAL_Delay) for HAL_Delay
    clcd_i2c.o(.text.CLCD_I2C_Clear) refers to stm32f1xx_hal_i2c.o(.text.HAL_I2C_Master_Transmit) for HAL_I2C_Master_Transmit
    clcd_i2c.o(.ARM.exidx.text.CLCD_I2C_Clear) refers to clcd_i2c.o(.text.CLCD_I2C_Clear) for [Anonymous Symbol]
    clcd_i2c.o(.text.CLCD_I2C_ReturnHome) refers to stm32f1xx_hal.o(.text.HAL_Delay) for HAL_Delay
    clcd_i2c.o(.text.CLCD_I2C_ReturnHome) refers to stm32f1xx_hal_i2c.o(.text.HAL_I2C_Master_Transmit) for HAL_I2C_Master_Transmit
    clcd_i2c.o(.ARM.exidx.text.CLCD_I2C_ReturnHome) refers to clcd_i2c.o(.text.CLCD_I2C_ReturnHome) for [Anonymous Symbol]
    clcd_i2c.o(.text.CLCD_I2C_CursorOn) refers to stm32f1xx_hal.o(.text.HAL_Delay) for HAL_Delay
    clcd_i2c.o(.text.CLCD_I2C_CursorOn) refers to stm32f1xx_hal_i2c.o(.text.HAL_I2C_Master_Transmit) for HAL_I2C_Master_Transmit
    clcd_i2c.o(.ARM.exidx.text.CLCD_I2C_CursorOn) refers to clcd_i2c.o(.text.CLCD_I2C_CursorOn) for [Anonymous Symbol]
    clcd_i2c.o(.text.CLCD_I2C_CursorOff) refers to stm32f1xx_hal.o(.text.HAL_Delay) for HAL_Delay
[...]
    [Anonymous Symbol]                       0x08004304   Section        0  stm32f1xx_hal_uart.o(.text.HAL_UART_Init)
    [Anonymous Symbol]                       0x080043e4   Section        0  stm32f1xx_hal_msp.o(.text.HAL_UART_MspInit)
    [Anonymous Symbol]                       0x080044f0   Section        0  stm32f1xx_hal_uart.o(.text.HAL_UART_Receive_IT)
    [Anonymous Symbol]                       0x08004544   Section        0  main.o(.text.HAL_UART_RxCpltCallback)
    [Anonymous Symbol]                       0x080045b0   Section        0  stm32f1xx_hal_uart.o(.text.HAL_UART_TxCpltCallback)
    [Anonymous Symbol]                       0x080045b4   Section        0  stm32f1xx_it.o(.text.HardFault_Handler)
    I2C_WaitOnBTFFlagUntilTimeout            0x080045b9   Thumb Code   190  stm32f1xx_hal_i2c.o(.text.I2C_WaitOnBTFFlagUntilTimeout)
    [Anonymous Symbol]                       0x080045b8   Section        0  stm32f1xx_hal_i2c.o(.text.I2C_WaitOnBTFFlagUntilTimeout)
    I2C_WaitOnFlagUntilTimeout               0x08004679   Thumb Code   466  stm32f1xx_hal_i2c.o(.text.I2C_WaitOnFlagUntilTimeout)
    [Anonymous Symbol]                       0x08004678   Section        0  stm32f1xx_hal_i2c.o(.text.I2C_WaitOnFlagUntilTimeout)
    I2C_WaitOnMasterAddressFlagUntilTimeout  0x0800484d   Thumb Code   224  stm32f1xx_hal_i2c.o(.text.I2C_WaitOnMasterAddressFlagUntilTimeout)
    [Anonymous Symbol]                       0x0800484c   Section        0  stm32f1xx_hal_i2c.o(.text.I2C_WaitOnMasterAddressFlagUntilTimeout)
    I2C_WaitOnTXEFlagUntilTimeout            0x0800492d   Thumb Code   190  stm32f1xx_hal_i2c.o(.text.I2C_WaitOnTXEFlagUntilTimeout)
    [Anonymous Symbol]                       0x0800492c   Section        0  stm32f1xx_hal_i2c.o(.text.I2C_WaitOnTXEFlagUntilTimeout)
    [Anonymous Symbol]                       0x080049ec   Section        0  stm32f1xx_it.o(.text.MemManage_Handler)
    [Anonymous Symbol]                       0x080049f0   Section        0  stm32f1xx_it.o(.text.NMI_Handler)
    [Anonymous Symbol]                       0x080049f4   Section        0  stm32f1xx_it.o(.text.PendSV_Handler)
    [Anonymous Symbol]                       0x080049f8   Section        0  stm32f1xx_it.o(.text.SVC_Handler)
    [Anonymous Symbol]                       0x080049fc   Section        0  stm32f1xx_it.o(.text.SysTick_Handler)
    [Anonymous Symbol]                       0x08004a00   Section        0  system_stm32f1xx.o(.text.SystemInit)
    UART_DMAAbortOnError                     0x08004a05   Thumb Code    12  stm32f1xx_hal_uart.o(.text.UART_DMAAbortOnError)
    [Anonymous Symbol]                       0x08004a04   Section        0  stm32f1xx_hal_uart.o(.text.UART_DMAAbortOnError)
    UART_Receive_IT                          0x08004a11   Thumb Code   254  stm32f1xx_hal_uart.o(.text.UART_Receive_IT)
    [Anonymous Symbol]                       0x08004a10   Section        0  stm32f1xx_hal_uart.o(.text.UART_Receive_IT)
    [Anonymous Symbol]                       0x08004b10   Section        0  stm32f1xx_it.o(.text.USART1_IRQHandler)
    [Anonymous Symbol]                       0x08004b1c   Section        0  stm32f1xx_it.o(.text.USART3_IRQHandler)
    [Anonymous Symbol]                       0x08004b28   Section        0  stm32f1xx_it.o(.text.USB_LP_CAN1_RX0_IRQHandler)
    [Anonymous Symbol]                       0x08004b34   Section        0  stm32f1xx_it.o(.text.UsageFault_Handler)
    [Anonymous Symbol]                       0x08004b38   Section        0  convert_lib.o(.text.convert8ByteToFloat)
    [Anonymous Symbol]                       0x08004bf8   Section        0  main.o(.text.main)
    CL$$btod_d2e                             0x08004f4c   Section       62  btod.o(CL$$btod_d2e)
    CL$$btod_d2e_denorm_low                  0x08004f8a   Section       70  btod.o(CL$$btod_d2e_denorm_low)
    CL$$btod_d2e_norm_op1                    0x08004fd0   Section       96  btod.o(CL$$btod_d2e_norm_op1)
    CL$$btod_div_common                      0x08005030   Section      824  btod.o(CL$$btod_div_common)
    CL$$btod_e2d                             0x08005368   Section      132  btod.o(CL$$btod_e2d)
    CL$$btod_e2e                             0x080053ec   Section      220  btod.o(CL$$btod_e2e)
    CL$$btod_ediv                            0x080054c8   Section       42  btod.o(CL$$btod_ediv)
    CL$$btod_edivd                           0x080054f2   Section       42  btod.o(CL$$btod_edivd)
    CL$$btod_emul                            0x0800551c   Section       42  btod.o(CL$$btod_emul)
    CL$$btod_emuld                           0x08005546   Section       42  btod.o(CL$$btod_emuld)
    CL$$btod_mult_common                     0x08005570   Section      580  btod.o(CL$$btod_mult_common)
    i.__ARM_fpclassify                       0x080057b4   Section        0  fpclassify.o(i.__ARM_fpclassify)
    i.__mathlib_dbl_overflow                 0x080057dc   Section        0  dunder.o(i.__mathlib_dbl_overflow)
    i.__mathlib_dbl_underflow                0x080057ec   Section        0  dunder.o(i.__mathlib_dbl_underflow)
    i.__mathlib_narrow                       0x080057fc   Section        0  narrow.o(i.__mathlib_narrow)
    i.__mathlib_tofloat                      0x0800580c   Section        0  narrow.o(i.__mathlib_tofloat)
    i.__support_ldexp                        0x080058c8   Section        0  ldexp.o(i.__support_ldexp)
    i._is_digit                              0x080058de   Section        0  __printf_wp.o(i._is_digit)
    i.frexp                                  0x080058ec   Section        0  frexp.o(i.frexp)
    i.ldexp                                  0x08005944   Section        0  ldexp.o(i.ldexp)
    locale$$code                             0x080059b8   Section       44  lc_numeric_c.o(locale$$code)
    locale$$code                             0x080059e4   Section       44  lc_ctype_c.o(locale$$code)
    x$fpl$d2f                                0x08005a10   Section       98  d2f.o(x$fpl$d2f)
    x$fpl$dcheck1                            0x08005a74   Section       16  dcheck1.o(x$fpl$dcheck1)
    x$fpl$dcmpinf                            0x08005a84   Section       24  dcmpi.o(x$fpl$dcmpinf)
    x$fpl$deqf                               0x08005a9c   Section      120  deqf.o(x$fpl$deqf)
    x$fpl$dleqf                              0x08005b14   Section      120  dleqf.o(x$fpl$dleqf)
    x$fpl$dnaninf                            0x08005b8c   Section      156  dnaninf.o(x$fpl$dnaninf)
    x$fpl$dretinf                            0x08005c28   Section       12  dretinf.o(x$fpl$dretinf)
    x$fpl$drleqf                             0x08005c34   Section      108  drleqf.o(x$fpl$drleqf)
    x$fpl$f2d                                0x08005ca0   Section       86  f2d.o(x$fpl$f2d)
    x$fpl$fadd                               0x08005cf8   Section      196  faddsub_clz.o(x$fpl$fadd)
    _fadd1                                   0x08005d07   Thumb Code     0  faddsub_clz.o(x$fpl$fadd)
    _fdiv1                                   0x08005dbd   Thumb Code     0  fdiv.o(x$fpl$fdiv)
    x$fpl$fdiv                               0x08005dbc   Section      388  fdiv.o(x$fpl$fdiv)
    x$fpl$ffix                               0x08005f40   Section       54  ffix.o(x$fpl$ffix)
    x$fpl$fflt                               0x08005f78   Section       48  fflt_clz.o(x$fpl$fflt)
    x$fpl$fnaninf                            0x08005fa8   Section      140  fnaninf.o(x$fpl$fnaninf)
    x$fpl$fretinf                            0x08006034   Section       10  fretinf.o(x$fpl$fretinf)
    x$fpl$fsub                               0x08006040   Section      234  faddsub_clz.o(x$fpl$fsub)
    _fsub1                                   0x0800604f   Thumb Code     0  faddsub_clz.o(x$fpl$fsub)
    x$fpl$ieeestatus                         0x0800612a   Section        6  istatus.o(x$fpl$ieeestatus)
    x$fpl$printf1                            0x08006130   Section        4  printf1.o(x$fpl$printf1)
    x$fpl$retnan                             0x08006134   Section      100  retnan.o(x$fpl$retnan)
    x$fpl$scalbn                             0x08006198   Section       92  scalbn.o(x$fpl$scalbn)
    x$fpl$scanf1                             0x080061f4   Section        4  scanf1.o(x$fpl$scanf1)
    x$fpl$scanf2                             0x080061f8   Section        8  scanf2.o(x$fpl$scanf2)
    x$fpl$trapveneer                         0x08006200   Section       48  trapv.o(x$fpl$trapveneer)
    uc_hextab                                0x08006230   Data          20  _printf_hex_int.o(.constdata)
    .constdata                               0x08006230   Section       40  _printf_hex_int.o(.constdata)
    x$fpl$usenofp                            0x08006230   Section        0  usenofp.o(x$fpl$usenofp)
    lc_hextab                                0x08006244   Data          20  _printf_hex_int.o(.constdata)
    maptable                                 0x08006258   Data          17  __printf_flags_wp.o(.constdata)
    .constdata                               0x08006258   Section       17  __printf_flags_wp.o(.constdata)
    tenpwrs_x                                0x0800626c   Data          60  bigflt0.o(.constdata)
    .constdata                               0x0800626c   Section      148  bigflt0.o(.constdata)
    tenpwrs_i                                0x080062a8   Data          64  bigflt0.o(.constdata)
    HAL_RCC_GetSysClockFreq.aPredivFactorTable 0x08006318   Data           2  stm32f1xx_hal_rcc.o(.rodata.HAL_RCC_GetSysClockFreq.aPredivFactorTable)
    [Anonymous Symbol]                       0x08006318   Section        0  stm32f1xx_hal_rcc.o(.rodata.HAL_RCC_GetSysClockFreq.aPredivFactorTable)
    HAL_RCC_GetSysClockFreq.aPLLMULFactorTable 0x0800631a   Data          16  stm32f1xx_hal_rcc.o(.rodata.cst16)
    [Anonymous Symbol]                       0x0800631a   Section        0  stm32f1xx_hal_rcc.o(.rodata.cst16)
    .L.str                                   0x0800632a   Data           5  gps.o(.rodata.str1.1)
    [Anonymous Symbol]                       0x0800632a   Section        0  gps.o(.rodata.str1.1)
    .L.str.2                                 0x0800632f   Data          37  gps.o(.rodata.str1.1)
    c$$dinf                                  0x08006374   Section        8  fpconst.o(c$$dinf)
    c$$dmax                                  0x0800637c   Section        8  fpconst.o(c$$dmax)
    locale$$data                             0x08006384   Section       28  lc_numeric_c.o(locale$$data)
    __lcnum_c_name                           0x08006388   Data           2  lc_numeric_c.o(locale$$data)
    __lcnum_c_start                          0x08006390   Data           0  lc_numeric_c.o(locale$$data)
    __lcnum_c_point                          0x0800639c   Data           0  lc_numeric_c.o(locale$$data)
    __lcnum_c_thousands                      0x0800639e   Data           0  lc_numeric_c.o(locale$$data)
    __lcnum_c_grouping                       0x0800639f   Data           0  lc_numeric_c.o(locale$$data)
    __lcnum_c_end                            0x080063a0   Data           0  lc_numeric_c.o(locale$$data)
    locale$$data                             0x080063a0   Section      272  lc_ctype_c.o(locale$$data)
    __lcctype_c_name                         0x080063a4   Data           2  lc_ctype_c.o(locale$$data)
    __lcctype_c_start                        0x080063ac   Data           0  lc_ctype_c.o(locale$$data)
    __lcctype_c_end                          0x080064b0   Data           0  lc_ctype_c.o(locale$$data)
    .L_MergedGlobals                         0x20000000   Data          24  main.o(.data..L_MergedGlobals)
    [Anonymous Symbol]                       0x20000000   Section        0  main.o(.data..L_MergedGlobals)
    .L_MergedGlobals                         0x20000018   Data           8  stm32f1xx_hal.o(.data..L_MergedGlobals)
    [Anonymous Symbol]                       0x20000018   Section        0  stm32f1xx_hal.o(.data..L_MergedGlobals)
    .bss                                     0x20000028   Section       96  libspace.o(.bss)
    .L_MergedGlobals                         0x20000088   Data           2  gps.o(.bss..L_MergedGlobals)
    [Anonymous Symbol]                       0x20000088   Section        0  gps.o(.bss..L_MergedGlobals)
    .L_MergedGlobals.2                       0x2000008c   Data         100  main.o(.bss..L_MergedGlobals.2)
    [Anonymous Symbol]                       0x2000008c   Section        0  main.o(.bss..L_MergedGlobals.2)
    .L_MergedGlobals.3                       0x200000f0   Data          68  main.o(.bss..L_MergedGlobals.3)
    [Anonymous Symbol]                       0x200000f0   Section        0  main.o(.bss..L_MergedGlobals.3)
    Heap_Mem                                 0x20000340   Data         512  startup_stm32f103xb.o(HEAP)
    HEAP                                     0x20000340   Section      512  startup_stm32f103xb.o(HEAP)
    Stack_Mem                                0x20000540   Data        1024  startup_stm32f103xb.o(STACK)
    STACK                                    0x20000540   Section     1024  startup_stm32f103xb.o(STACK)
    __initial_sp                             0x20000940   Data           0  startup_stm32f103xb.o(STACK)

    Global Symbols

    Symbol Name                              Value     Ov Type        Size  Object(Section)

    BuildAttributes$$THM_ISAv4$P$D$K$B$S$PE$A:L22UL41UL21$X:L11$S22US41US21$IEEE1$IW$~IW$USESV6$~STKCKD$USESV7$~SHL$OTIME$ROPI$IEEEX$EBA8$UX$STANDARDLIB$REQ8$PRES8$EABIv2 0x00000000   Number         0  anon$$obj.o ABSOLUTE
    __fp_init_empty                          0x00000000   Number         0  fpinit_empty.o ABSOLUTE
    _printf_flags                            0x00000000   Number         0  printf_stubs.o ABSOLUTE
    _printf_return_value                     0x00000000   Number         0  printf_stubs.o ABSOLUTE
    _printf_sizespec                         0x00000000   Number         0  printf_stubs.o ABSOLUTE
    _printf_widthprec                        0x00000000   Number         0  printf_stubs.o ABSOLUTE
    __ARM_exceptions_init                     - Undefined Weak Reference
    __alloca_initialize                       - Undefined Weak Reference
    __arm_preinit_                            - Undefined Weak Reference
    __arm_relocate_pie_                       - Undefined Weak Reference
    __cpp_initialize__aeabi_                  - Undefined Weak Reference
    __cxa_finalize                            - Undefined Weak Reference
    __sigvec_lookup                           - Undefined Weak Reference
    _atexit_init                              - Undefined Weak Reference
    _call_atexit_fns                          - Undefined Weak Reference
    _clock_init                               - Undefined Weak Reference
    _fp_trap_init                             - Undefined Weak Reference
    _fp_trap_shutdown                         - Undefined Weak Reference
    _get_lc_collate                           - Undefined Weak Reference
    _get_lc_monetary                          - Undefined Weak Reference
    _get_lc_time                              - Undefined Weak Reference
    _getenv_init                              - Undefined Weak Reference
    _handle_redirection                       - Undefined Weak Reference
    _init_alloc                               - Undefined Weak Reference
    _init_user_alloc                          - Undefined Weak Reference
    _initio                                   - Undefined Weak Reference
    _printf_truncate_unsigned                 - Undefined Weak Reference
    _rand_init                                - Undefined Weak Reference
    _scanf_longlong                           - Undefined Weak Reference
    _scanf_mbtowc                             - Undefined Weak Reference
    _scanf_wctomb                             - Undefined Weak Reference
    _scanf_wstring                            - Undefined Weak Reference
    _signal_finish                            - Undefined Weak Reference
    _signal_init                              - Undefined Weak Reference
    _terminate_alloc                          - Undefined Weak Reference
    _terminate_user_alloc                     - Undefined Weak Reference
    _terminateio                              - Undefined Weak Reference
    __Vectors_Size                           0x000000ec   Number         0  startup_stm32f103xb.o ABSOLUTE
    __Vectors                                0x08000000   Data           4  startup_stm32f103xb.o(RESET)
    __Vectors_End                            0x080000ec   Data           0  startup_stm32f103xb.o(RESET)
    __main                                   0x080000ed   Thumb Code     8  __main.o(!!!main)
    __scatterload                            0x080000f5   Thumb Code     0  __scatter.o(!!!scatter)
    __scatterload_rt2                        0x080000f5   Thumb Code    44  __scatter.o(!!!scatter)
    __scatterload_rt2_thumb_only             0x080000f5   Thumb Code     0  __scatter.o(!!!scatter)
    __scatterload_null                       0x08000103   Thumb Code     0  __scatter.o(!!!scatter)
    __scatterload_copy                       0x08000129   Thumb Code    26  __scatter_copy.o(!!handler_copy)
    __scatterload_zeroinit                   0x08000145   Thumb Code    28  __scatter_zi.o(!!handler_zi)
    _printf_f                                0x08000161   Thumb Code     0  _printf_f.o(.ARM.Collect$$_printf_percent$$00000003)
    _printf_percent                          0x08000161   Thumb Code     0  _printf_percent.o(.ARM.Collect$$_printf_percent$$00000000)
    _printf_x                                0x08000167   Thumb Code     0  _printf_x.o(.ARM.Collect$$_printf_percent$$0000000C)
    _printf_percent_end                      0x0800016d   Thumb Code     0  _printf_percent_end.o(.ARM.Collect$$_printf_percent$$00000017)
    __rt_lib_init                            0x08000171   Thumb Code     0  libinit.o(.ARM.Collect$$libinit$$00000000)
    __rt_lib_init_fp_1                       0x08000173   Thumb Code     0  libinit2.o(.ARM.Collect$$libinit$$00000002)
    __rt_lib_init_heap_1                     0x08000173   Thumb Code     0  libinit2.o(.ARM.Collect$$libinit$$0000000C)
    __rt_lib_init_lc_common                  0x08000173   Thumb Code     0  libinit2.o(.ARM.Collect$$libinit$$00000011)
    __rt_lib_init_preinit_1                  0x08000173   Thumb Code     0  libinit2.o(.ARM.Collect$$libinit$$00000006)
    __rt_lib_init_rand_1                     0x08000173   Thumb Code     0  libinit2.o(.ARM.Collect$$libinit$$00000010)
    __rt_lib_init_relocate_pie_1             0x08000173   Thumb Code     0  libinit2.o(.ARM.Collect$$libinit$$00000004)
    __rt_lib_init_user_alloc_1               0x08000173   Thumb Code     0  libinit2.o(.ARM.Collect$$libinit$$0000000E)
    __rt_lib_init_lc_collate_1               0x08000179   Thumb Code     0  libinit2.o(.ARM.Collect$$libinit$$00000013)
    __rt_lib_init_lc_ctype_2                 0x08000179   Thumb Code     0  libinit2.o(.ARM.Collect$$libinit$$00000014)
    __rt_lib_init_lc_ctype_1                 0x08000185   Thumb Code     0  libinit2.o(.ARM.Collect$$libinit$$00000015)
    __rt_lib_init_lc_monetary_1              0x08000185   Thumb Code     0  libinit2.o(.ARM.Collect$$libinit$$00000017)
    __rt_lib_init_lc_numeric_2               0x08000185   Thumb Code     0  libinit2.o(.ARM.Collect$$libinit$$00000018)
    __rt_lib_init_alloca_1                   0x0800018f   Thumb Code     0  libinit2.o(.ARM.Collect$$libinit$$00000030)
    __rt_lib_init_argv_1                     0x0800018f   Thumb Code     0  libinit2.o(.ARM.Collect$$libinit$$0000002E)
    __rt_lib_init_atexit_1                   0x0800018f   Thumb Code     0  libinit2.o(.ARM.Collect$$libinit$$0000001D)
    __rt_lib_init_clock_1                    0x0800018f   Thumb Code     0  libinit2.o(.ARM.Collect$$libinit$$00000023)
    __rt_lib_init_cpp_1                      0x0800018f   Thumb Code     0  libinit2.o(.ARM.Collect$$libinit$$00000034)
    __rt_lib_init_exceptions_1               0x0800018f   Thumb Code     0  libinit2.o(.ARM.Collect$$libinit$$00000032)
    __rt_lib_init_fp_trap_1                  0x0800018f   Thumb Code     0  libinit2.o(.ARM.Collect$$libinit$$00000021)
    __rt_lib_init_getenv_1                   0x0800018f   Thumb Code     0  libinit2.o(.ARM.Collect$$libinit$$00000025)
    __rt_lib_init_lc_numeric_1               0x0800018f   Thumb Code     0  libinit2.o(.ARM.Collect$$libinit$$00000019)
    __rt_lib_init_lc_time_1                  0x0800018f   Thumb Code     0  libinit2.o(.ARM.Collect$$libinit$$0000001B)
    __rt_lib_init_return                     0x0800018f   Thumb Code     0  libinit2.o(.ARM.Collect$$libinit$$00000035)
    __rt_lib_init_signal_1                   0x0800018f   Thumb Code     0  libinit2.o(.ARM.Collect$$libinit$$0000001F)
    __rt_lib_init_stdio_1                    0x0800018f   Thumb Code     0  libinit2.o(.ARM.Collect$$libinit$$00000027)
    __rt_lib_shutdown                        0x08000191   Thumb Code     0  libshutdown.o(.ARM.Collect$$libshutdown$$00000000)
    __rt_lib_shutdown_cpp_1                  0x08000193   Thumb Code     0  libshutdown2.o(.ARM.Collect$$libshutdown$$00000002)
    __rt_lib_shutdown_fp_trap_1              0x08000193   Thumb Code     0  libshutdown2.o(.ARM.Collect$$libshutdown$$00000007)
    __rt_lib_shutdown_heap_1                 0x08000193   Thumb Code     0  libshutdown2.o(.ARM.Collect$$libshutdown$$0000000F)
    __rt_lib_shutdown_return                 0x08000193   Thumb Code     0  libshutdown2.o(.ARM.Collect$$libshutdown$$00000010)
    __rt_lib_shutdown_signal_1               0x08000193   Thumb Code     0  libshutdown2.o(.ARM.Collect$$libshutdown$$0000000A)
    __rt_lib_shutdown_stdio_1                0x08000193   Thumb Code     0  libshutdown2.o(.ARM.Collect$$libshutdown$$00000004)
    __rt_lib_shutdown_user_alloc_1           0x08000193   Thumb Code     0  libshutdown2.o(.ARM.Collect$$libshutdown$$0000000C)
    __rt_entry                               0x08000195   Thumb Code     0  __rtentry.o(.ARM.Collect$$rtentry$$00000000)
    __rt_entry_presh_1                       0x08000195   Thumb Code     0  __rtentry2.o(.ARM.Collect$$rtentry$$00000002)
    __rt_entry_sh                            0x08000195   Thumb Code     0  __rtentry4.o(.ARM.Collect$$rtentry$$00000004)
    __rt_entry_li                            0x0800019b   Thumb Code     0  __rtentry2.o(.ARM.Collect$$rtentry$$0000000A)
    __rt_entry_postsh_1                      0x0800019b   Thumb Code     0  __rtentry2.o(.ARM.Collect$$rtentry$$00000009)
    __rt_entry_main                          0x0800019f   Thumb Code     0  __rtentry2.o(.ARM.Collect$$rtentry$$0000000D)
    __rt_entry_postli_1                      0x0800019f   Thumb Code     0  __rtentry2.o(.ARM.Collect$$rtentry$$0000000C)
    __rt_exit                                0x080001a7   Thumb Code     0  rtexit.o(.ARM.Collect$$rtexit$$00000000)
    __rt_exit_ls                             0x080001a9   Thumb Code     0  rtexit2.o(.ARM.Collect$$rtexit$$00000003)
    __rt_exit_prels_1                        0x080001a9   Thumb Code     0  rtexit2.o(.ARM.Collect$$rtexit$$00000002)
    __rt_exit_exit                           0x080001ad   Thumb Code     0  rtexit2.o(.ARM.Collect$$rtexit$$00000004)
    Reset_Handler                            0x080001b5   Thumb Code     8  startup_stm32f103xb.o(.text)
    ADC1_2_IRQHandler                        0x080001cf   Thumb Code     0  startup_stm32f103xb.o(.text)
    CAN1_SCE_IRQHandler                      0x080001cf   Thumb Code     0  startup_stm32f103xb.o(.text)
    DMA1_Channel1_IRQHandler                 0x080001cf   Thumb Code     0  startup_stm32f103xb.o(.text)
    DMA1_Channel2_IRQHandler                 0x080001cf   Thumb Code     0  startup_stm32f103xb.o(.text)
    DMA1_Channel3_IRQHandler                 0x080001cf   Thumb Code     0  startup_stm32f103xb.o(.text)
    DMA1_Channel4_IRQHandler                 0x080001cf   Thumb Code     0  startup_stm32f103xb.o(.text)
    DMA1_Channel5_IRQHandler                 0x080001cf   Thumb Code     0  startup_stm32f103xb.o(.text)
    DMA1_Channel6_IRQHandler                 0x080001cf   Thumb Code     0  startup_stm32f103xb.o(.text)
    DMA1_Channel7_IRQHandler                 0x080001cf   Thumb Code     0  startup_stm32f103xb.o(.text)
    EXTI0_IRQHandler                         0x080001cf   Thumb Code     0  startup_stm32f103xb.o(.text)
    EXTI15_10_IRQHandler                     0x080001cf   Thumb Code     0  startup_stm32f103xb.o(.text)
    EXTI1_IRQHandler                         0x080001cf   Thumb Code     0  startup_stm32f103xb.o(.text)
    EXTI2_IRQHandler                         0x080001cf   Thumb Code     0  startup_stm32f103xb.o(.text)
    EXTI3_IRQHandler                         0x080001cf   Thumb Code     0  startup_stm32f103xb.o(.text)
    EXTI4_IRQHandler                         0x080001cf   Thumb Code     0  startup_stm32f103xb.o(.text)
    EXTI9_5_IRQHandler                       0x080001cf   Thumb Code     0  startup_stm32f103xb.o(.text)
    FLASH_IRQHandler                         0x080001cf   Thumb Code     0  startup_stm32f103xb.o(.text)
    I2C1_ER_IRQHandler                       0x080001cf   Thumb Code     0  startup_stm32f103xb.o(.text)
    I2C1_EV_IRQHandler                       0x080001cf   Thumb Code     0  startup_stm32f103xb.o(.text)
    I2C2_ER_IRQHandler                       0x080001cf   Thumb Code     0  startup_stm32f103xb.o(.text)
    I2C2_EV_IRQHandler                       0x080001cf   Thumb Code     0  startup_stm32f103xb.o(.text)
    PVD_IRQHandler                           0x080001cf   Thumb Code     0  startup_stm32f103xb.o(.text)
    RCC_IRQHandler                           0x080001cf   Thumb Code     0  startup_stm32f103xb.o(.text)
    RTC_Alarm_IRQHandler                     0x080001cf   Thumb Code     0  startup_stm32f103xb.o(.text)
    RTC_IRQHandler                           0x080001cf   Thumb Code     0  startup_stm32f103xb.o(.text)
    SPI1_IRQHandler                          0x080001cf   Thumb Code     0  startup_stm32f103xb.o(.text)
    SPI2_IRQHandler                          0x080001cf   Thumb Code     0  startup_stm32f103xb.o(.text)
    TAMPER_IRQHandler                        0x080001cf   Thumb Code     0  startup_stm32f103xb.o(.text)
    TIM1_BRK_IRQHandler                      0x080001cf   Thumb Code     0  startup_stm32f103xb.o(.text)
    TIM1_CC_IRQHandler                       0x080001cf   Thumb Code     0  startup_stm32f103xb.o(.text)
    TIM1_TRG_COM_IRQHandler                  0x080001cf   Thumb Code     0  startup_stm32f103xb.o(.text)
    TIM1_UP_IRQHandler                       0x080001cf   Thumb Code     0  startup_stm32f103xb.o(.text)
    TIM2_IRQHandler                          0x080001cf   Thumb Code     0  startup_stm32f103xb.o(.text)
    TIM3_IRQHandler                          0x080001cf   Thumb Code     0  startup_stm32f103xb.o(.text)
    TIM4_IRQHandler                          0x080001cf   Thumb Code     0  startup_stm32f103xb.o(.text)
    USART2_IRQHandler                        0x080001cf   Thumb Code     0  startup_stm32f103xb.o(.text)
    USBWakeUp_IRQHandler                     0x080001cf   Thumb Code     0  startup_stm32f103xb.o(.text)
    USB_HP_CAN1_TX_IRQHandler                0x080001cf   Thumb Code     0  startup_stm32f103xb.o(.text)
    WWDG_IRQHandler                          0x080001cf   Thumb Code     0  startup_stm32f103xb.o(.text)
    __user_initial_stackheap                 0x080001d1   Thumb Code     0  startup_stm32f103xb.o(.text)
    __2sprintf                               0x080001f5   Thumb Code    38  __2sprintf.o(.text)
    _printf_pre_padding                      0x08000221   Thumb Code    44  _printf_pad.o(.text)
    _printf_post_padding                     0x0800024d   Thumb Code    34  _printf_pad.o(.text)
    _printf_int_hex                          0x08000271   Thumb Code    84  _printf_hex_int.o(.text)
    _printf_longlong_hex                     0x08000271   Thumb Code     0  _printf_hex_int.o(.text)
    __printf                                 0x080002c9   Thumb Code   308  __printf_flags_wp.o(.text)
    __0sscanf                                0x08000401   Thumb Code    52  __0sscanf.o(.text)
    _scanf_int                               0x0800043d   Thumb Code   332  _scanf_int.o(.text)
    _scanf_string                            0x08000589   Thumb Code   224  _scanf_str.o(.text)
    strncmp                                  0x08000669   Thumb Code   150  strncmp.o(.text)
    __aeabi_memclr4                          0x080006ff   Thumb Code     0  rt_memclr_w.o(.text)
    __aeabi_memclr8                          0x080006ff   Thumb Code     0  rt_memclr_w.o(.text)
    __rt_memclr_w                            0x080006ff   Thumb Code     0  rt_memclr_w.o(.text)
    _memset_w                                0x08000703   Thumb Code    74  rt_memclr_w.o(.text)
    __use_two_region_memory                  0x0800074d   Thumb Code     2  heapauxi.o(.text)
    __rt_heap_escrow$2region                 0x0800074f   Thumb Code     2  heapauxi.o(.text)
    __rt_heap_expand$2region                 0x08000751   Thumb Code     2  heapauxi.o(.text)
    _printf_int_common                       0x08000753   Thumb Code   178  _printf_intcommon.o(.text)
    _printf_fp_dec_real                      0x080009b5   Thumb Code   620  _printf_fp_dec.o(.text)
    _printf_char_common                      0x08000c2b   Thumb Code    32  _printf_char_common.o(.text)
    _sputc                                   0x08000c51   Thumb Code    10  _sputc.o(.text)
    _chval                                   0x08000c5b   Thumb Code    28  _chval.o(.text)
    _scanf_really_real                       0x08000ec5   Thumb Code   684  scanf_fp.o(.text)
    __vfscanf_char                           0x0800117d   Thumb Code    24  scanf_char.o(.text)
    _sgetc                                   0x0800119d   Thumb Code    30  _sgetc.o(.text)
    _sbackspace                              0x080011bb   Thumb Code    34  _sgetc.o(.text)
    __rt_locale                              0x080011dd   Thumb Code     8  rt_locale_intlibspace.o(.text)
    __aeabi_errno_addr                       0x080011e5   Thumb Code     8  rt_errno_addr_intlibspace.o(.text)
    __errno$intlibspace                      0x080011e5   Thumb Code     0  rt_errno_addr_intlibspace.o(.text)
    __rt_errno_addr$intlibspace              0x080011e5   Thumb Code     0  rt_errno_addr_intlibspace.o(.text)
    __aeabi_llsl                             0x080011ed   Thumb Code     0  llshl.o(.text)
    _ll_shift_l                              0x080011ed   Thumb Code    38  llshl.o(.text)
    _ll_udiv10                               0x08001213   Thumb Code   138  lludiv10.o(.text)
    isspace                                  0x0800129d   Thumb Code    18  isspace.o(.text)
    _printf_fp_infnan                        0x080012b1   Thumb Code   112  _printf_fp_infnan.o(.text)
    __vfscanf                                0x08001331   Thumb Code   878  _scanf.o(.text)
    _btod_etento                             0x080016a5   Thumb Code   224  bigflt0.o(.text)
    __user_libspace                          0x08001789   Thumb Code     8  libspace.o(.text)
    __user_perproc_libspace                  0x08001789   Thumb Code     0  libspace.o(.text)
    __user_perthread_libspace                0x08001789   Thumb Code     0  libspace.o(.text)
    __user_setup_stackheap                   0x08001791   Thumb Code    74  sys_stackheap_outer.o(.text)
    __rt_ctype_table                         0x080017dd   Thumb Code    16  rt_ctype_table.o(.text)
    __read_errno                             0x080017ed   Thumb Code    10  _rserrno.o(.text)
    __set_errno                              0x080017f7   Thumb Code    12  _rserrno.o(.text)
    _scanf_really_hex_real                   0x08001805   Thumb Code   786  scanf_hexfp.o(.text)
    _scanf_really_infnan                     0x08001b25   Thumb Code   292  scanf_infnan.o(.text)
    exit                                     0x08001c59   Thumb Code    18  exit.o(.text)
    strcmp                                   0x08001c6d   Thumb Code   128  strcmpv7m.o(.text)
    _sys_exit                                0x08001ced   Thumb Code     8  sys_exit.o(.text)
    __I$use$semihosting                      0x08001cf9   Thumb Code     0  use_no_semi.o(.text)
    __use_no_semihosting_swi                 0x08001cf9   Thumb Code     2  use_no_semi.o(.text)
    __semihosting_library_function           0x08001cfb   Thumb Code     0  indicate_semi.o(.text)
    BusFault_Handler                         0x08001cfd   Thumb Code     2  stm32f1xx_it.o(.text.BusFault_Handler)
    CAN1_RX1_IRQHandler                      0x08001d01   Thumb Code    12  stm32f1xx_it.o(.text.CAN1_RX1_IRQHandler)
    CLCD_I2C_Init                            0x08001d0d   Thumb Code   720  clcd_i2c.o(.text.CLCD_I2C_Init)
    CLCD_I2C_SetCursor                       0x08001fdd   Thumb Code   138  clcd_i2c.o(.text.CLCD_I2C_SetCursor)
    CLCD_I2C_WriteString                     0x08002069   Thumb Code   116  clcd_i2c.o(.text.CLCD_I2C_WriteString)
    DebugMon_Handler                         0x080020dd   Thumb Code     2  stm32f1xx_it.o(.text.DebugMon_Handler)
    GPS_Init                                 0x080020e1   Thumb Code    24  gps.o(.text.GPS_Init)
    GPS_UART_CallBack                        0x080020f9   Thumb Code   298  gps.o(.text.GPS_UART_CallBack)
    GPS_parse                                0x08002225   Thumb Code   464  gps.o(.text.GPS_parse)
    HAL_CAN_ActivateNotification             0x08002471   Thumb Code    46  stm32f1xx_hal_can.o(.text.HAL_CAN_ActivateNotification)
    HAL_CAN_ConfigFilter                     0x080024a1   Thumb Code   234  stm32f1xx_hal_can.o(.text.HAL_CAN_ConfigFilter)
    HAL_CAN_ErrorCallback                    0x0800258d   Thumb Code     2  stm32f1xx_hal_can.o(.text.HAL_CAN_ErrorCallback)
    HAL_CAN_GetRxMessage                     0x08002591   Thumb Code   308  stm32f1xx_hal_can.o(.text.HAL_CAN_GetRxMessage)
    HAL_CAN_IRQHandler                       0x080026c5   Thumb Code   606  stm32f1xx_hal_can.o(.text.HAL_CAN_IRQHandler)
    HAL_CAN_Init                             0x08002925   Thumb Code   244  stm32f1xx_hal_can.o(.text.HAL_CAN_Init)
    HAL_CAN_MspInit                          0x08002a19   Thumb Code   154  stm32f1xx_hal_msp.o(.text.HAL_CAN_MspInit)
    HAL_CAN_RxFifo0FullCallback              0x08002ab5   Thumb Code     2  stm32f1xx_hal_can.o(.text.HAL_CAN_RxFifo0FullCallback)
    HAL_CAN_RxFifo0MsgPendingCallback        0x08002ab9   Thumb Code   102  main.o(.text.HAL_CAN_RxFifo0MsgPendingCallback)
    HAL_CAN_RxFifo1FullCallback              0x08002b21   Thumb Code     2  stm32f1xx_hal_can.o(.text.HAL_CAN_RxFifo1FullCallback)
    HAL_CAN_RxFifo1MsgPendingCallback        0x08002b25   Thumb Code     2  stm32f1xx_hal_can.o(.text.HAL_CAN_RxFifo1MsgPendingCallback)
    HAL_CAN_SleepCallback                    0x08002b29   Thumb Code     2  stm32f1xx_hal_can.o(.text.HAL_CAN_SleepCallback)
    HAL_CAN_Start                            0x08002b2d   Thumb Code    90  stm32f1xx_hal_can.o(.text.HAL_CAN_Start)
    HAL_CAN_TxMailbox0AbortCallback          0x08002b89   Thumb Code     2  stm32f1xx_hal_can.o(.text.HAL_CAN_TxMailbox0AbortCallback)
    HAL_CAN_TxMailbox0CompleteCallback       0x08002b8d   Thumb Code     2  stm32f1xx_hal_can.o(.text.HAL_CAN_TxMailbox0CompleteCallback)
    HAL_CAN_TxMailbox1AbortCallback          0x08002b91   Thumb Code     2  stm32f1xx_hal_can.o(.text.HAL_CAN_TxMailbox1AbortCallback)
    HAL_CAN_TxMailbox1CompleteCallback       0x08002b95   Thumb Code     2  stm32f1xx_hal_can.o(.text.HAL_CAN_TxMailbox1CompleteCallback)
    HAL_CAN_TxMailbox2AbortCallback          0x08002b99   Thumb Code     2  stm32f1xx_hal_can.o(.text.HAL_CAN_TxMailbox2AbortCallback)
    HAL_CAN_TxMailbox2CompleteCallback       0x08002b9d   Thumb Code     2  stm32f1xx_hal_can.o(.text.HAL_CAN_TxMailbox2CompleteCallback)
    HAL_CAN_WakeUpFromRxMsgCallback          0x08002ba1   Thumb Code     2  stm32f1xx_hal_can.o(.text.HAL_CAN_WakeUpFromRxMsgCallback)
    HAL_DMA_Abort                            0x08002ba5   Thumb Code    70  stm32f1xx_hal_dma.o(.text.HAL_DMA_Abort)
    HAL_DMA_Abort_IT                         0x08002bed   Thumb Code   178  stm32f1xx_hal_dma.o(.text.HAL_DMA_Abort_IT)
    HAL_Delay                                0x08002ca1   Thumb Code    40  stm32f1xx_hal.o(.text.HAL_Delay)
    HAL_GPIO_Init                            0x08002cc9   Thumb Code   530  stm32f1xx_hal_gpio.o(.text.HAL_GPIO_Init)
    HAL_GPIO_WritePin                        0x08002edd   Thumb Code    10  stm32f1xx_hal_gpio.o(.text.HAL_GPIO_WritePin)
    HAL_GetTick                              0x08002ee9   Thumb Code    12  stm32f1xx_hal.o(.text.HAL_GetTick)
    HAL_I2C_Init                             0x08002ef5   Thumb Code   374  stm32f1xx_hal_i2c.o(.text.HAL_I2C_Init)
    HAL_I2C_Master_Transmit                  0x0800306d   Thumb Code   468  stm32f1xx_hal_i2c.o(.text.HAL_I2C_Master_Transmit)
    HAL_I2C_MspInit                          0x08003241   Thumb Code    98  stm32f1xx_hal_msp.o(.text.HAL_I2C_MspInit)
    HAL_IncTick                              0x080032a5   Thumb Code    26  stm32f1xx_hal.o(.text.HAL_IncTick)
    HAL_Init                                 0x080032c1   Thumb Code    38  stm32f1xx_hal.o(.text.HAL_Init)
    HAL_InitTick                             0x080032e9   Thumb Code    72  stm32f1xx_hal.o(.text.HAL_InitTick)
    HAL_MspInit                              0x08003331   Thumb Code    66  stm32f1xx_hal_msp.o(.text.HAL_MspInit)
    HAL_NVIC_EnableIRQ                       0x08003375   Thumb Code    32  stm32f1xx_hal_cortex.o(.text.HAL_NVIC_EnableIRQ)
    HAL_NVIC_SetPriority                     0x08003395   Thumb Code    86  stm32f1xx_hal_cortex.o(.text.HAL_NVIC_SetPriority)
    HAL_NVIC_SetPriorityGrouping             0x080033ed   Thumb Code    32  stm32f1xx_hal_cortex.o(.text.HAL_NVIC_SetPriorityGrouping)
    HAL_RCC_ClockConfig                      0x0800340d   Thumb Code   446  stm32f1xx_hal_rcc.o(.text.HAL_RCC_ClockConfig)
    HAL_RCC_GetPCLK1Freq                     0x080035cd   Thumb Code    38  stm32f1xx_hal_rcc.o(.text.HAL_RCC_GetPCLK1Freq)
    HAL_RCC_GetPCLK2Freq                     0x080035f5   Thumb Code    38  stm32f1xx_hal_rcc.o(.text.HAL_RCC_GetPCLK2Freq)
    HAL_RCC_OscConfig                        0x0800361d   Thumb Code   948  stm32f1xx_hal_rcc.o(.text.HAL_RCC_OscConfig)
    HAL_SYSTICK_Config                       0x080039d1   Thumb Code    44  stm32f1xx_hal_cortex.o(.text.HAL_SYSTICK_Config)
    HAL_TIMEx_MasterConfigSynchronization    0x080039fd   Thumb Code   122  stm32f1xx_hal_tim_ex.o(.text.HAL_TIMEx_MasterConfigSynchronization)
    HAL_TIM_Base_Init                        0x08003a79   Thumb Code   236  stm32f1xx_hal_tim.o(.text.HAL_TIM_Base_Init)
    HAL_TIM_Base_MspInit                     0x08003b65   Thumb Code    46  stm32f1xx_hal_msp.o(.text.HAL_TIM_Base_MspInit)
    HAL_TIM_Base_Start                       0x08003b95   Thumb Code   102  stm32f1xx_hal_tim.o(.text.HAL_TIM_Base_Start)
    HAL_TIM_ConfigClockSource                0x08003bfd   Thumb Code   412  stm32f1xx_hal_tim.o(.text.HAL_TIM_ConfigClockSource)
    HAL_UARTEx_RxEventCallback               0x08003d99   Thumb Code     2  stm32f1xx_hal_uart.o(.text.HAL_UARTEx_RxEventCallback)
    HAL_UART_ErrorCallback                   0x08003d9d   Thumb Code     2  stm32f1xx_hal_uart.o(.text.HAL_UART_ErrorCallback)
    HAL_UART_IRQHandler                      0x08003da1   Thumb Code  1380  stm32f1xx_hal_uart.o(.text.HAL_UART_IRQHandler)
    HAL_UART_Init                            0x08004305   Thumb Code   222  stm32f1xx_hal_uart.o(.text.HAL_UART_Init)
    HAL_UART_MspInit                         0x080043e5   Thumb Code   268  stm32f1xx_hal_msp.o(.text.HAL_UART_MspInit)
    HAL_UART_Receive_IT                      0x080044f1   Thumb Code    82  stm32f1xx_hal_uart.o(.text.HAL_UART_Receive_IT)
    HAL_UART_RxCpltCallback                  0x08004545   Thumb Code   108  main.o(.text.HAL_UART_RxCpltCallback)
    HAL_UART_TxCpltCallback                  0x080045b1   Thumb Code     2  stm32f1xx_hal_uart.o(.text.HAL_UART_TxCpltCallback)
    HardFault_Handler                        0x080045b5   Thumb Code     2  stm32f1xx_it.o(.text.HardFault_Handler)
    MemManage_Handler                        0x080049ed   Thumb Code     2  stm32f1xx_it.o(.text.MemManage_Handler)
    NMI_Handler                              0x080049f1   Thumb Code     2  stm32f1xx_it.o(.text.NMI_Handler)
    PendSV_Handler                           0x080049f5   Thumb Code     2  stm32f1xx_it.o(.text.PendSV_Handler)
    SVC_Handler                              0x080049f9   Thumb Code     2  stm32f1xx_it.o(.text.SVC_Handler)
    SysTick_Handler                          0x080049fd   Thumb Code     4  stm32f1xx_it.o(.text.SysTick_Handler)
    SystemInit                               0x08004a01   Thumb Code     2  system_stm32f1xx.o(.text.SystemInit)
    USART1_IRQHandler                        0x08004b11   Thumb Code    12  stm32f1xx_it.o(.text.USART1_IRQHandler)
    USART3_IRQHandler                        0x08004b1d   Thumb Code    12  stm32f1xx_it.o(.text.USART3_IRQHandler)
    USB_LP_CAN1_RX0_IRQHandler               0x08004b29   Thumb Code    12  stm32f1xx_it.o(.text.USB_LP_CAN1_RX0_IRQHandler)
    UsageFault_Handler                       0x08004b35   Thumb Code     2  stm32f1xx_it.o(.text.UsageFault_Handler)
    convert8ByteToFloat                      0x08004b39   Thumb Code   192  convert_lib.o(.text.convert8ByteToFloat)
    main                                     0x08004bf9   Thumb Code   828  main.o(.text.main)
    _btod_d2e                                0x08004f4d   Thumb Code    62  btod.o(CL$$btod_d2e)
    _d2e_denorm_low                          0x08004f8b   Thumb Code    70  btod.o(CL$$btod_d2e_denorm_low)
    _d2e_norm_op1                            0x08004fd1   Thumb Code    96  btod.o(CL$$btod_d2e_norm_op1)
    __btod_div_common                        0x08005031   Thumb Code   696  btod.o(CL$$btod_div_common)
    _e2d                                     0x08005369   Thumb Code   122  btod.o(CL$$btod_e2d)
    _e2e                                     0x080053ed   Thumb Code   220  btod.o(CL$$btod_e2e)
    _btod_ediv                               0x080054c9   Thumb Code    42  btod.o(CL$$btod_ediv)
    _btod_edivd                              0x080054f3   Thumb Code    42  btod.o(CL$$btod_edivd)
    _btod_emul                               0x0800551d   Thumb Code    42  btod.o(CL$$btod_emul)
    _btod_emuld                              0x08005547   Thumb Code    42  btod.o(CL$$btod_emuld)
    __btod_mult_common                       0x08005571   Thumb Code   580  btod.o(CL$$btod_mult_common)
    __ARM_fpclassify                         0x080057b5   Thumb Code    40  fpclassify.o(i.__ARM_fpclassify)
    __mathlib_dbl_overflow                   0x080057dd   Thumb Code    14  dunder.o(i.__mathlib_dbl_overflow)
    __mathlib_dbl_underflow                  0x080057ed   Thumb Code    10  dunder.o(i.__mathlib_dbl_underflow)
    __mathlib_narrow                         0x080057fd   Thumb Code    16  narrow.o(i.__mathlib_narrow)
    __mathlib_tofloat                        0x0800580d   Thumb Code   184  narrow.o(i.__mathlib_tofloat)
    __support_ldexp                          0x080058c9   Thumb Code    22  ldexp.o(i.__support_ldexp)
    _is_digit                                0x080058df   Thumb Code    14  __printf_wp.o(i._is_digit)
    frexp                                    0x080058ed   Thumb Code    80  frexp.o(i.frexp)
    ldexp                                    0x08005945   Thumb Code   116  ldexp.o(i.ldexp)
    _get_lc_numeric                          0x080059b9   Thumb Code    44  lc_numeric_c.o(locale$$code)
    _get_lc_ctype                            0x080059e5   Thumb Code    44  lc_ctype_c.o(locale$$code)
    __aeabi_d2f                              0x08005a11   Thumb Code     0  d2f.o(x$fpl$d2f)
    _d2f                                     0x08005a11   Thumb Code    98  d2f.o(x$fpl$d2f)
    __fpl_dcheck_NaN1                        0x08005a75   Thumb Code    10  dcheck1.o(x$fpl$dcheck1)
    __fpl_dcmp_Inf                           0x08005a85   Thumb Code    24  dcmpi.o(x$fpl$dcmpinf)
    __aeabi_cdcmpeq                          0x08005a9d   Thumb Code     0  deqf.o(x$fpl$deqf)
    _dcmpeq                                  0x08005a9d   Thumb Code   120  deqf.o(x$fpl$deqf)
    __aeabi_cdcmple                          0x08005b15   Thumb Code     0  dleqf.o(x$fpl$dleqf)
    _dcmple                                  0x08005b15   Thumb Code   120  dleqf.o(x$fpl$dleqf)
    __fpl_dcmple_InfNaN                      0x08005b77   Thumb Code     0  dleqf.o(x$fpl$dleqf)
    __fpl_dnaninf                            0x08005b8d   Thumb Code   156  dnaninf.o(x$fpl$dnaninf)
    __fpl_dretinf                            0x08005c29   Thumb Code    12  dretinf.o(x$fpl$dretinf)
    __aeabi_cdrcmple                         0x08005c35   Thumb Code     0  drleqf.o(x$fpl$drleqf)
    _drcmple                                 0x08005c35   Thumb Code   108  drleqf.o(x$fpl$drleqf)
    __aeabi_f2d                              0x08005ca1   Thumb Code     0  f2d.o(x$fpl$f2d)
    _f2d                                     0x08005ca1   Thumb Code    86  f2d.o(x$fpl$f2d)
    __aeabi_fadd                             0x08005cf9   Thumb Code     0  faddsub_clz.o(x$fpl$fadd)
    _fadd                                    0x08005cf9   Thumb Code   196  faddsub_clz.o(x$fpl$fadd)
    __aeabi_fdiv                             0x08005dbd   Thumb Code     0  fdiv.o(x$fpl$fdiv)
    _fdiv                                    0x08005dbd   Thumb Code   384  fdiv.o(x$fpl$fdiv)
    __aeabi_f2iz                             0x08005f41   Thumb Code     0  ffix.o(x$fpl$ffix)
    _ffix                                    0x08005f41   Thumb Code    54  ffix.o(x$fpl$ffix)
    __aeabi_i2f                              0x08005f79   Thumb Code     0  fflt_clz.o(x$fpl$fflt)
    _fflt                                    0x08005f79   Thumb Code    48  fflt_clz.o(x$fpl$fflt)
    __fpl_fnaninf                            0x08005fa9   Thumb Code   140  fnaninf.o(x$fpl$fnaninf)
    __fpl_fretinf                            0x08006035   Thumb Code    10  fretinf.o(x$fpl$fretinf)
    __aeabi_fsub                             0x08006041   Thumb Code     0  faddsub_clz.o(x$fpl$fsub)
    _fsub                                    0x08006041   Thumb Code   234  faddsub_clz.o(x$fpl$fsub)
    __ieee_status                            0x0800612b   Thumb Code     6  istatus.o(x$fpl$ieeestatus)
    _printf_fp_dec                           0x08006131   Thumb Code     4  printf1.o(x$fpl$printf1)
    __fpl_return_NaN                         0x08006135   Thumb Code   100  retnan.o(x$fpl$retnan)
    __ARM_scalbn                             0x08006199   Thumb Code    92  scalbn.o(x$fpl$scalbn)
    _scanf_real                              0x080061f5   Thumb Code     4  scanf1.o(x$fpl$scanf1)
    _scanf_hex_real                          0x080061f9   Thumb Code     4  scanf2.o(x$fpl$scanf2)
    _scanf_infnan                            0x080061fd   Thumb Code     4  scanf2.o(x$fpl$scanf2)
    __fpl_cmpreturn                          0x08006201   Thumb Code    48  trapv.o(x$fpl$trapveneer)
    __I$use$fp                               0x08006230   Number         0  usenofp.o(x$fpl$usenofp)
    AHBPrescTable                            0x08006300   Data          16  system_stm32f1xx.o(.rodata.AHBPrescTable)
    APBPrescTable                            0x08006310   Data           8  system_stm32f1xx.o(.rodata.APBPrescTable)
    Region$$Table$$Base                      0x08006354   Number         0  anon$$obj.o(Region$$Table)
    Region$$Table$$Limit                     0x08006374   Number         0  anon$$obj.o(Region$$Table)
    __aeabi_HUGE_VAL                         0x08006374   Data           0  fpconst.o(c$$dinf)
    __aeabi_HUGE_VALL                        0x08006374   Data           0  fpconst.o(c$$dinf)
    __aeabi_INFINITY                         0x08006374   Data           0  fpconst.o(c$$dinf)
    __dInf                                   0x08006374   Data           0  fpconst.o(c$$dinf)
    __huge_val                               0x08006374   Data           0  fpconst.o(c$$dinf)
    __dbl_max                                0x0800637c   Data           0  fpconst.o(c$$dmax)
    __ctype                                  0x080063ad   Data           0  lc_ctype_c.o(locale$$data)
    dataCANvel                               0x20000000   Data           8  main.o(.data..L_MergedGlobals)
    dataCANpos                               0x20000008   Data           8  main.o(.data..L_MergedGlobals)
    dataCANyaw                               0x20000010   Data           8  main.o(.data..L_MergedGlobals)
    uwTickFreq                               0x20000018   Data           1  stm32f1xx_hal.o(.data..L_MergedGlobals)
    uwTickPrio                               0x2000001c   Data           4  stm32f1xx_hal.o(.data..L_MergedGlobals)
    SystemCoreClock                          0x20000020   Data           4  system_stm32f1xx.o(.data.SystemCoreClock)
    __libspace_start                         0x20000028   Data          96  libspace.o(.bss)
    __temporary_stack_top$libspace           0x20000088   Data           0  libspace.o(.bss)
    rx_data                                  0x20000088   Data           1  gps.o(.bss..L_MergedGlobals)
    rx_index                                 0x20000089   Data           1  gps.o(.bss..L_MergedGlobals)
    buffer                                   0x2000008c   Data           1  main.o(.bss..L_MergedGlobals.2)
    count                                    0x2000008d   Data           1  main.o(.bss..L_MergedGlobals.2)
    GPS1                                     0x20000090   Data           4  main.o(.bss..L_MergedGlobals.2)
    TxMailbox                                0x20000094   Data           4  main.o(.bss..L_MergedGlobals.2)
    dataInBackWheel                          0x20000098   Data           4  main.o(.bss..L_MergedGlobals.2)
    dataBuff                                 0x2000009c   Data           6  main.o(.bss..L_MergedGlobals.2)
    RxData                                   0x200000a2   Data           8  main.o(.bss..L_MergedGlobals.2)
    LCD1                                     0x200000ac   Data          12  main.o(.bss..L_MergedGlobals.2)
    kinhdo                                   0x200000b8   Data          16  main.o(.bss..L_MergedGlobals.2)
    vido                                     0x200000c8   Data          16  main.o(.bss..L_MergedGlobals.2)
    TxHeader                                 0x200000d8   Data          24  main.o(.bss..L_MergedGlobals.2)
    RxHeader                                 0x200000f0   Data          28  main.o(.bss..L_MergedGlobals.3)
    hcan                                     0x2000010c   Data          40  main.o(.bss..L_MergedGlobals.3)
    GPS_NEO                                  0x20000134   Data          88  main.o(.bss.GPS_NEO)
    hi2c1                                    0x2000018c   Data          84  main.o(.bss.hi2c1)
    htim2                                    0x200001e0   Data          72  main.o(.bss.htim2)
    huart1                                   0x20000228   Data          72  main.o(.bss.huart1)
    huart3                                   0x20000270   Data          72  main.o(.bss.huart3)
    rx_buffer                                0x200002b8   Data         128  gps.o(.bss.rx_buffer)
    uwTick                                   0x20000338   Data           4  stm32f1xx_hal.o(.bss.uwTick)



==============================================================================

Memory Map of the image

  Image Entry point : 0x080000ed

  Load Region LR_IROM1 (Base: 0x08000000, Size: 0x000064d8, Max: 0x00010000, ABSOLUTE)

    Execution Region ER_IROM1 (Exec base: 0x08000000, Load base: 0x08000000, Size: 0x000064b0, Max: 0x00010000, ABSOLUTE)

    Exec Addr    Load Addr    Size         Type   Attr      Idx    E Section Name        Object

    0x08000000   0x08000000   0x000000ec   Data   RO            3    RESET               startup_stm32f103xb.o
    0x080000ec   0x080000ec   0x00000008   Code   RO         1263  * !!!main             c_w.l(__main.o)
    0x080000f4   0x080000f4   0x00000034   Code   RO         1648    !!!scatter          c_w.l(__scatter.o)
    0x08000128   0x08000128   0x0000001a   Code   RO         1650    !!handler_copy      c_w.l(__scatter_copy.o)
    0x08000142   0x08000142   0x00000002   PAD
    0x08000144   0x08000144   0x0000001c   Code   RO         1652    !!handler_zi        c_w.l(__scatter_zi.o)
    0x08000160   0x08000160   0x00000000   Code   RO         1250    .ARM.Collect$$_printf_percent$$00000000  c_w.l(_printf_percent.o)
    0x08000160   0x08000160   0x00000006   Code   RO         1249    .ARM.Collect$$_printf_percent$$00000003  c_w.l(_printf_f.o)
    0x08000166   0x08000166   0x00000006   Code   RO         1248    .ARM.Collect$$_printf_percent$$0000000C  c_w.l(_printf_x.o)
    0x0800016c   0x0800016c   0x00000004   Code   RO         1310    .ARM.Collect$$_printf_percent$$00000017  c_w.l(_printf_percent_end.o)
    0x08000170   0x08000170   0x00000002   Code   RO         1452    .ARM.Collect$$libinit$$00000000  c_w.l(libinit.o)
    0x08000172   0x08000172   0x00000000   Code   RO         1454    .ARM.Collect$$libinit$$00000002  c_w.l(libinit2.o)
    0x08000172   0x08000172   0x00000000   Code   RO         1456    .ARM.Collect$$libinit$$00000004  c_w.l(libinit2.o)
    0x08000172   0x08000172   0x00000000   Code   RO         1458    .ARM.Collect$$libinit$$00000006  c_w.l(libinit2.o)
    0x08000172   0x08000172   0x00000000   Code   RO         1461    .ARM.Collect$$libinit$$0000000C  c_w.l(libinit2.o)
    0x08000172   0x08000172   0x00000000   Code   RO         1463    .ARM.Collect$$libinit$$0000000E  c_w.l(libinit2.o)
    0x08000172   0x08000172   0x00000000   Code   RO         1465    .ARM.Collect$$libinit$$00000010  c_w.l(libinit2.o)
    0x08000172   0x08000172   0x00000006   Code   RO         1466    .ARM.Collect$$libinit$$00000011  c_w.l(libinit2.o)
    0x08000178   0x08000178   0x00000000   Code   RO         1468    .ARM.Collect$$libinit$$00000013  c_w.l(libinit2.o)
    0x08000178   0x08000178   0x0000000c   Code   RO         1469    .ARM.Collect$$libinit$$00000014  c_w.l(libinit2.o)
    0x08000184   0x08000184   0x00000000   Code   RO         1470    .ARM.Collect$$libinit$$00000015  c_w.l(libinit2.o)
    0x08000184   0x08000184   0x00000000   Code   RO         1472    .ARM.Collect$$libinit$$00000017  c_w.l(libinit2.o)
    0x08000184   0x08000184   0x0000000a   Code   RO         1473    .ARM.Collect$$libinit$$00000018  c_w.l(libinit2.o)
    0x0800018e   0x0800018e   0x00000000   Code   RO         1474    .ARM.Collect$$libinit$$00000019  c_w.l(libinit2.o)
    0x0800018e   0x0800018e   0x00000000   Code   RO         1476    .ARM.Collect$$libinit$$0000001B  c_w.l(libinit2.o)
    0x0800018e   0x0800018e   0x00000000   Code   RO         1478    .ARM.Collect$$libinit$$0000001D  c_w.l(libinit2.o)
    0x0800018e   0x0800018e   0x00000000   Code   RO         1480    .ARM.Collect$$libinit$$0000001F  c_w.l(libinit2.o)
    0x0800018e   0x0800018e   0x00000000   Code   RO         1482    .ARM.Collect$$libinit$$00000021  c_w.l(libinit2.o)
    0x0800018e   0x0800018e   0x00000000   Code   RO         1484    .ARM.Collect$$libinit$$00000023  c_w.l(libinit2.o)
    0x0800018e   0x0800018e   0x00000000   Code   RO         1486    .ARM.Collect$$libinit$$00000025  c_w.l(libinit2.o)
    0x0800018e   0x0800018e   0x00000000   Code   RO         1488    .ARM.Collect$$libinit$$00000027  c_w.l(libinit2.o)
    0x0800018e   0x0800018e   0x00000000   Code   RO         1492    .ARM.Collect$$libinit$$0000002E  c_w.l(libinit2.o)
    0x0800018e   0x0800018e   0x00000000   Code   RO         1494    .ARM.Collect$$libinit$$00000030  c_w.l(libinit2.o)
    0x0800018e   0x0800018e   0x00000000   Code   RO         1496    .ARM.Collect$$libinit$$00000032  c_w.l(libinit2.o)
    0x0800018e   0x0800018e   0x00000000   Code   RO         1498    .ARM.Collect$$libinit$$00000034  c_w.l(libinit2.o)
    0x0800018e   0x0800018e   0x00000002   Code   RO         1499    .ARM.Collect$$libinit$$00000035  c_w.l(libinit2.o)
    0x08000190   0x08000190   0x00000002   Code   RO         1578    .ARM.Collect$$libshutdown$$00000000  c_w.l(libshutdown.o)
    0x08000192   0x08000192   0x00000000   Code   RO         1603    .ARM.Collect$$libshutdown$$00000002  c_w.l(libshutdown2.o)
    0x08000192   0x08000192   0x00000000   Code   RO         1605    .ARM.Collect$$libshutdown$$00000004  c_w.l(libshutdown2.o)
    0x08000192   0x08000192   0x00000000   Code   RO         1608    .ARM.Collect$$libshutdown$$00000007  c_w.l(libshutdown2.o)
    0x08000192   0x08000192   0x00000000   Code   RO         1611    .ARM.Collect$$libshutdown$$0000000A  c_w.l(libshutdown2.o)
    0x08000192   0x08000192   0x00000000   Code   RO         1613    .ARM.Collect$$libshutdown$$0000000C  c_w.l(libshutdown2.o)
    0x08000192   0x08000192   0x00000000   Code   RO         1616    .ARM.Collect$$libshutdown$$0000000F  c_w.l(libshutdown2.o)
    0x08000192   0x08000192   0x00000002   Code   RO         1617    .ARM.Collect$$libshutdown$$00000010  c_w.l(libshutdown2.o)
    0x08000194   0x08000194   0x00000000   Code   RO         1299    .ARM.Collect$$rtentry$$00000000  c_w.l(__rtentry.o)
    0x08000194   0x08000194   0x00000000   Code   RO         1335    .ARM.Collect$$rtentry$$00000002  c_w.l(__rtentry2.o)
    0x08000194   0x08000194   0x00000006   Code   RO         1347    .ARM.Collect$$rtentry$$00000004  c_w.l(__rtentry4.o)
    0x0800019a   0x0800019a   0x00000000   Code   RO         1337    .ARM.Collect$$rtentry$$00000009  c_w.l(__rtentry2.o)
    0x0800019a   0x0800019a   0x00000004   Code   RO         1338    .ARM.Collect$$rtentry$$0000000A  c_w.l(__rtentry2.o)
    0x0800019e   0x0800019e   0x00000000   Code   RO         1340    .ARM.Collect$$rtentry$$0000000C  c_w.l(__rtentry2.o)
    0x0800019e   0x0800019e   0x00000008   Code   RO         1341    .ARM.Collect$$rtentry$$0000000D  c_w.l(__rtentry2.o)
    0x080001a6   0x080001a6   0x00000002   Code   RO         1510    .ARM.Collect$$rtexit$$00000000  c_w.l(rtexit.o)
    0x080001a8   0x080001a8   0x00000000   Code   RO         1536    .ARM.Collect$$rtexit$$00000002  c_w.l(rtexit2.o)
    0x080001a8   0x080001a8   0x00000004   Code   RO         1537    .ARM.Collect$$rtexit$$00000003  c_w.l(rtexit2.o)
    0x080001ac   0x080001ac   0x00000006   Code   RO         1538    .ARM.Collect$$rtexit$$00000004  c_w.l(rtexit2.o)
    0x080001b2   0x080001b2   0x00000002   PAD
    0x080001b4   0x080001b4   0x00000040   Code   RO            4    .text               startup_stm32f103xb.o
    0x080001f4   0x080001f4   0x0000002c   Code   RO         1199    .text               c_w.l(__2sprintf.o)
    0x08000220   0x08000220   0x0000004e   Code   RO         1205    .text               c_w.l(_printf_pad.o)
    0x0800026e   0x0800026e   0x00000002   PAD
    0x08000270   0x08000270   0x00000058   Code   RO         1210    .text               c_w.l(_printf_hex_int.o)
    0x080002c8   0x080002c8   0x00000138   Code   RO         1240    .text               c_w.l(__printf_flags_wp.o)
    0x08000400   0x08000400   0x0000003c   Code   RO         1251    .text               c_w.l(__0sscanf.o)
    0x0800043c   0x0800043c   0x0000014c   Code   RO         1253    .text               c_w.l(_scanf_int.o)
    0x08000588   0x08000588   0x000000e0   Code   RO         1255    .text               c_w.l(_scanf_str.o)
    0x08000668   0x08000668   0x00000096   Code   RO         1257    .text               c_w.l(strncmp.o)
    0x080006fe   0x080006fe   0x0000004e   Code   RO         1259    .text               c_w.l(rt_memclr_w.o)
    0x0800074c   0x0800074c   0x00000006   Code   RO         1261    .text               c_w.l(heapauxi.o)
    0x08000752   0x08000752   0x000000b2   Code   RO         1300    .text               c_w.l(_printf_intcommon.o)
    0x08000804   0x08000804   0x0000041c   Code   RO         1302    .text               c_w.l(_printf_fp_dec.o)
    0x08000c20   0x08000c20   0x00000030   Code   RO         1306    .text               c_w.l(_printf_char_common.o)
    0x08000c50   0x08000c50   0x0000000a   Code   RO         1308    .text               c_w.l(_sputc.o)
    0x08000c5a   0x08000c5a   0x0000001c   Code   RO         1311    .text               c_w.l(_chval.o)
    0x08000c76   0x08000c76   0x00000002   PAD
    0x08000c78   0x08000c78   0x000004f8   Code   RO         1313    .text               c_w.l(scanf_fp.o)
    0x08001170   0x08001170   0x0000002c   Code   RO         1317    .text               c_w.l(scanf_char.o)
    0x0800119c   0x0800119c   0x00000040   Code   RO         1319    .text               c_w.l(_sgetc.o)
    0x080011dc   0x080011dc   0x00000008   Code   RO         1352    .text               c_w.l(rt_locale_intlibspace.o)
    0x080011e4   0x080011e4   0x00000008   Code   RO         1357    .text               c_w.l(rt_errno_addr_intlibspace.o)
    0x080011ec   0x080011ec   0x00000026   Code   RO         1359    .text               c_w.l(llshl.o)
    0x08001212   0x08001212   0x0000008a   Code   RO         1361    .text               c_w.l(lludiv10.o)
    0x0800129c   0x0800129c   0x00000012   Code   RO         1363    .text               c_w.l(isspace.o)
    0x080012ae   0x080012ae   0x00000002   PAD
    0x080012b0   0x080012b0   0x00000080   Code   RO         1365    .text               c_w.l(_printf_fp_infnan.o)
    0x08001330   0x08001330   0x00000374   Code   RO         1369    .text               c_w.l(_scanf.o)
    0x080016a4   0x080016a4   0x000000e4   Code   RO         1371    .text               c_w.l(bigflt0.o)
    0x08001788   0x08001788   0x00000008   Code   RO         1428    .text               c_w.l(libspace.o)
    0x08001790   0x08001790   0x0000004a   Code   RO         1431    .text               c_w.l(sys_stackheap_outer.o)
    0x080017da   0x080017da   0x00000002   PAD
    0x080017dc   0x080017dc   0x00000010   Code   RO         1433    .text               c_w.l(rt_ctype_table.o)
    0x080017ec   0x080017ec   0x00000016   Code   RO         1435    .text               c_w.l(_rserrno.o)
    0x08001802   0x08001802   0x00000002   PAD
    0x08001804   0x08001804   0x00000320   Code   RO         1437    .text               c_w.l(scanf_hexfp.o)
    0x08001b24   0x08001b24   0x00000134   Code   RO         1439    .text               c_w.l(scanf_infnan.o)
    0x08001c58   0x08001c58   0x00000012   Code   RO         1443    .text               c_w.l(exit.o)
    0x08001c6a   0x08001c6a   0x00000002   PAD
    0x08001c6c   0x08001c6c   0x00000080   Code   RO         1445    .text               c_w.l(strcmpv7m.o)
    0x08001cec   0x08001cec   0x0000000c   Code   RO         1564    .text               c_w.l(sys_exit.o)
    0x08001cf8   0x08001cf8   0x00000002   Code   RO         1593    .text               c_w.l(use_no_semi.o)
    0x08001cfa   0x08001cfa   0x00000000   Code   RO         1595    .text               c_w.l(indicate_semi.o)
    0x08001cfa   0x08001cfa   0x00000002   PAD
    0x08001cfc   0x08001cfc   0x00000002   Code   RO          126    .text.BusFault_Handler  stm32f1xx_it.o
    0x08001cfe   0x08001cfe   0x00000002   PAD
    0x08001d00   0x08001d00   0x0000000c   Code   RO          140    .text.CAN1_RX1_IRQHandler  stm32f1xx_it.o
    0x08001d0c   0x08001d0c   0x000002d0   Code   RO           11    .text.CLCD_I2C_Init  clcd_i2c.o
    0x08001fdc   0x08001fdc   0x0000008a   Code   RO           13    .text.CLCD_I2C_SetCursor  clcd_i2c.o
    0x08002066   0x08002066   0x00000002   PAD
    0x08002068   0x08002068   0x00000074   Code   RO           17    .text.CLCD_I2C_WriteString  clcd_i2c.o
    0x080020dc   0x080020dc   0x00000002   Code   RO          132    .text.DebugMon_Handler  stm32f1xx_it.o
    0x080020de   0x080020de   0x00000002   PAD
    0x080020e0   0x080020e0   0x00000018   Code   RO           39    .text.GPS_Init      gps.o
    0x080020f8   0x080020f8   0x0000012a   Code   RO           41    .text.GPS_UART_CallBack  gps.o
    0x08002222   0x08002222   0x00000002   PAD
    0x08002224   0x08002224   0x0000024c   Code   RO           45    .text.GPS_parse     gps.o
    0x08002470   0x08002470   0x0000002e   Code   RO          227    .text.HAL_CAN_ActivateNotification  stm32f1xx_hal_can.o
    0x0800249e   0x0800249e   0x00000002   PAD
    0x080024a0   0x080024a0   0x000000ea   Code   RO          203    .text.HAL_CAN_ConfigFilter  stm32f1xx_hal_can.o
    0x0800258a   0x0800258a   0x00000002   PAD
    0x0800258c   0x0800258c   0x00000002   Code   RO          257    .text.HAL_CAN_ErrorCallback  stm32f1xx_hal_can.o
    0x0800258e   0x0800258e   0x00000002   PAD
    0x08002590   0x08002590   0x00000134   Code   RO          223    .text.HAL_CAN_GetRxMessage  stm32f1xx_hal_can.o
    0x080026c4   0x080026c4   0x0000025e   Code   RO          231    .text.HAL_CAN_IRQHandler  stm32f1xx_hal_can.o
    0x08002922   0x08002922   0x00000002   PAD
    0x08002924   0x08002924   0x000000f4   Code   RO          193    .text.HAL_CAN_Init  stm32f1xx_hal_can.o
    0x08002a18   0x08002a18   0x0000009a   Code   RO          155    .text.HAL_CAN_MspInit  stm32f1xx_hal_msp.o
    0x08002ab2   0x08002ab2   0x00000002   PAD
    0x08002ab4   0x08002ab4   0x00000002   Code   RO          245    .text.HAL_CAN_RxFifo0FullCallback  stm32f1xx_hal_can.o
    0x08002ab6   0x08002ab6   0x00000002   PAD
    0x08002ab8   0x08002ab8   0x00000066   Code   RO           88    .text.HAL_CAN_RxFifo0MsgPendingCallback  main.o
    0x08002b1e   0x08002b1e   0x00000002   PAD
    0x08002b20   0x08002b20   0x00000002   Code   RO          249    .text.HAL_CAN_RxFifo1FullCallback  stm32f1xx_hal_can.o
    0x08002b22   0x08002b22   0x00000002   PAD
    0x08002b24   0x08002b24   0x00000002   Code   RO          251    .text.HAL_CAN_RxFifo1MsgPendingCallback  stm32f1xx_hal_can.o
    0x08002b26   0x08002b26   0x00000002   PAD
    0x08002b28   0x08002b28   0x00000002   Code   RO          253    .text.HAL_CAN_SleepCallback  stm32f1xx_hal_can.o
    0x08002b2a   0x08002b2a   0x00000002   PAD
    0x08002b2c   0x08002b2c   0x0000005a   Code   RO          205    .text.HAL_CAN_Start  stm32f1xx_hal_can.o
    0x08002b86   0x08002b86   0x00000002   PAD
    0x08002b88   0x08002b88   0x00000002   Code   RO          235    .text.HAL_CAN_TxMailbox0AbortCallback  stm32f1xx_hal_can.o
    0x08002b8a   0x08002b8a   0x00000002   PAD
    0x08002b8c   0x08002b8c   0x00000002   Code   RO          233    .text.HAL_CAN_TxMailbox0CompleteCallback  stm32f1xx_hal_can.o
    0x08002b8e   0x08002b8e   0x00000002   PAD
    0x08002b90   0x08002b90   0x00000002   Code   RO          239    .text.HAL_CAN_TxMailbox1AbortCallback  stm32f1xx_hal_can.o
    0x08002b92   0x08002b92   0x00000002   PAD
    0x08002b94   0x08002b94   0x00000002   Code   RO          237    .text.HAL_CAN_TxMailbox1CompleteCallback  stm32f1xx_hal_can.o
    0x08002b96   0x08002b96   0x00000002   PAD
    0x08002b98   0x08002b98   0x00000002   Code   RO          243    .text.HAL_CAN_TxMailbox2AbortCallback  stm32f1xx_hal_can.o
    0x08002b9a   0x08002b9a   0x00000002   PAD
    0x08002b9c   0x08002b9c   0x00000002   Code   RO          241    .text.HAL_CAN_TxMailbox2CompleteCallback  stm32f1xx_hal_can.o
    0x08002b9e   0x08002b9e   0x00000002   PAD
    0x08002ba0   0x08002ba0   0x00000002   Code   RO          255    .text.HAL_CAN_WakeUpFromRxMsgCallback  stm32f1xx_hal_can.o
    0x08002ba2   0x08002ba2   0x00000002   PAD
    0x08002ba4   0x08002ba4   0x00000046   Code   RO          417    .text.HAL_DMA_Abort  stm32f1xx_hal_dma.o
    0x08002bea   0x08002bea   0x00000002   PAD
    0x08002bec   0x08002bec   0x000000b2   Code   RO          419    .text.HAL_DMA_Abort_IT  stm32f1xx_hal_dma.o
    0x08002c9e   0x08002c9e   0x00000002   PAD
    0x08002ca0   0x08002ca0   0x00000028   Code   RO          293    .text.HAL_Delay     stm32f1xx_hal.o
    0x08002cc8   0x08002cc8   0x00000212   Code   RO          385    .text.HAL_GPIO_Init  stm32f1xx_hal_gpio.o
    0x08002eda   0x08002eda   0x00000002   PAD
    0x08002edc   0x08002edc   0x0000000a   Code   RO          391    .text.HAL_GPIO_WritePin  stm32f1xx_hal_gpio.o
    0x08002ee6   0x08002ee6   0x00000002   PAD
    0x08002ee8   0x08002ee8   0x0000000c   Code   RO          285    .text.HAL_GetTick   stm32f1xx_hal.o
    0x08002ef4   0x08002ef4   0x00000176   Code   RO          606    .text.HAL_I2C_Init  stm32f1xx_hal_i2c.o
    0x0800306a   0x0800306a   0x00000002   PAD
    0x0800306c   0x0800306c   0x000001d4   Code   RO          614    .text.HAL_I2C_Master_Transmit  stm32f1xx_hal_i2c.o
    0x08003240   0x08003240   0x00000062   Code   RO          159    .text.HAL_I2C_MspInit  stm32f1xx_hal_msp.o
    0x080032a2   0x080032a2   0x00000002   PAD
    0x080032a4   0x080032a4   0x0000001a   Code   RO          283    .text.HAL_IncTick   stm32f1xx_hal.o
    0x080032be   0x080032be   0x00000002   PAD
    0x080032c0   0x080032c0   0x00000026   Code   RO          273    .text.HAL_Init      stm32f1xx_hal.o
    0x080032e6   0x080032e6   0x00000002   PAD
    0x080032e8   0x080032e8   0x00000048   Code   RO          275    .text.HAL_InitTick  stm32f1xx_hal.o
    0x08003330   0x08003330   0x00000042   Code   RO          153    .text.HAL_MspInit   stm32f1xx_hal_msp.o
    0x08003372   0x08003372   0x00000002   PAD
    0x08003374   0x08003374   0x00000020   Code   RO          445    .text.HAL_NVIC_EnableIRQ  stm32f1xx_hal_cortex.o
    0x08003394   0x08003394   0x00000056   Code   RO          443    .text.HAL_NVIC_SetPriority  stm32f1xx_hal_cortex.o
    0x080033ea   0x080033ea   0x00000002   PAD
    0x080033ec   0x080033ec   0x00000020   Code   RO          441    .text.HAL_NVIC_SetPriorityGrouping  stm32f1xx_hal_cortex.o
    0x0800340c   0x0800340c   0x000001be   Code   RO          337    .text.HAL_RCC_ClockConfig  stm32f1xx_hal_rcc.o
    0x080035ca   0x080035ca   0x00000002   PAD
    0x080035cc   0x080035cc   0x00000026   Code   RO          349    .text.HAL_RCC_GetPCLK1Freq  stm32f1xx_hal_rcc.o
    0x080035f2   0x080035f2   0x00000002   PAD
    0x080035f4   0x080035f4   0x00000026   Code   RO          351    .text.HAL_RCC_GetPCLK2Freq  stm32f1xx_hal_rcc.o
    0x0800361a   0x0800361a   0x00000002   PAD
    0x0800361c   0x0800361c   0x000003b4   Code   RO          335    .text.HAL_RCC_OscConfig  stm32f1xx_hal_rcc.o
    0x080039d0   0x080039d0   0x0000002c   Code   RO          453    .text.HAL_SYSTICK_Config  stm32f1xx_hal_cortex.o
    0x080039fc   0x080039fc   0x0000007a   Code   RO         1039    .text.HAL_TIMEx_MasterConfigSynchronization  stm32f1xx_hal_tim_ex.o
    0x08003a76   0x08003a76   0x00000002   PAD
    0x08003a78   0x08003a78   0x000000ec   Code   RO          744    .text.HAL_TIM_Base_Init  stm32f1xx_hal_tim.o
    0x08003b64   0x08003b64   0x0000002e   Code   RO          163    .text.HAL_TIM_Base_MspInit  stm32f1xx_hal_msp.o
    0x08003b92   0x08003b92   0x00000002   PAD
    0x08003b94   0x08003b94   0x00000066   Code   RO          754    .text.HAL_TIM_Base_Start  stm32f1xx_hal_tim.o
    0x08003bfa   0x08003bfa   0x00000002   PAD
    0x08003bfc   0x08003bfc   0x0000019c   Code   RO          924    .text.HAL_TIM_ConfigClockSource  stm32f1xx_hal_tim.o
    0x08003d98   0x08003d98   0x00000002   Code   RO         1147    .text.HAL_UARTEx_RxEventCallback  stm32f1xx_hal_uart.o
    0x08003d9a   0x08003d9a   0x00000002   PAD
    0x08003d9c   0x08003d9c   0x00000002   Code   RO         1145    .text.HAL_UART_ErrorCallback  stm32f1xx_hal_uart.o
    0x08003d9e   0x08003d9e   0x00000002   PAD
    0x08003da0   0x08003da0   0x00000564   Code   RO         1139    .text.HAL_UART_IRQHandler  stm32f1xx_hal_uart.o
    0x08004304   0x08004304   0x000000de   Code   RO         1063    .text.HAL_UART_Init  stm32f1xx_hal_uart.o
    0x080043e2   0x080043e2   0x00000002   PAD
    0x080043e4   0x080043e4   0x0000010c   Code   RO          167    .text.HAL_UART_MspInit  stm32f1xx_hal_msp.o
    0x080044f0   0x080044f0   0x00000052   Code   RO         1083    .text.HAL_UART_Receive_IT  stm32f1xx_hal_uart.o
    0x08004542   0x08004542   0x00000002   PAD
    0x08004544   0x08004544   0x0000006c   Code   RO           90    .text.HAL_UART_RxCpltCallback  main.o
    0x080045b0   0x080045b0   0x00000002   Code   RO         1149    .text.HAL_UART_TxCpltCallback  stm32f1xx_hal_uart.o
    0x080045b2   0x080045b2   0x00000002   PAD
    0x080045b4   0x080045b4   0x00000002   Code   RO          122    .text.HardFault_Handler  stm32f1xx_it.o
    0x080045b6   0x080045b6   0x00000002   PAD
    0x080045b8   0x080045b8   0x000000be   Code   RO          620    .text.I2C_WaitOnBTFFlagUntilTimeout  stm32f1xx_hal_i2c.o
    0x08004676   0x08004676   0x00000002   PAD
    0x08004678   0x08004678   0x000001d2   Code   RO          616    .text.I2C_WaitOnFlagUntilTimeout  stm32f1xx_hal_i2c.o
    0x0800484a   0x0800484a   0x00000002   PAD
    0x0800484c   0x0800484c   0x000000e0   Code   RO          734    .text.I2C_WaitOnMasterAddressFlagUntilTimeout  stm32f1xx_hal_i2c.o
    0x0800492c   0x0800492c   0x000000be   Code   RO          618    .text.I2C_WaitOnTXEFlagUntilTimeout  stm32f1xx_hal_i2c.o
    0x080049ea   0x080049ea   0x00000002   PAD
    0x080049ec   0x080049ec   0x00000002   Code   RO          124    .text.MemManage_Handler  stm32f1xx_it.o
    0x080049ee   0x080049ee   0x00000002   PAD
    0x080049f0   0x080049f0   0x00000002   Code   RO          120    .text.NMI_Handler   stm32f1xx_it.o
    0x080049f2   0x080049f2   0x00000002   PAD
    0x080049f4   0x080049f4   0x00000002   Code   RO          134    .text.PendSV_Handler  stm32f1xx_it.o
    0x080049f6   0x080049f6   0x00000002   PAD
    0x080049f8   0x080049f8   0x00000002   Code   RO          130    .text.SVC_Handler   stm32f1xx_it.o
    0x080049fa   0x080049fa   0x00000002   PAD
    0x080049fc   0x080049fc   0x00000004   Code   RO          136    .text.SysTick_Handler  stm32f1xx_it.o
    0x08004a00   0x08004a00   0x00000002   Code   RO         1183    .text.SystemInit    system_stm32f1xx.o
    0x08004a02   0x08004a02   0x00000002   PAD
    0x08004a04   0x08004a04   0x0000000c   Code   RO         1143    .text.UART_DMAAbortOnError  stm32f1xx_hal_uart.o
    0x08004a10   0x08004a10   0x000000fe   Code   RO         1141    .text.UART_Receive_IT  stm32f1xx_hal_uart.o
    0x08004b0e   0x08004b0e   0x00000002   PAD
    0x08004b10   0x08004b10   0x0000000c   Code   RO          142    .text.USART1_IRQHandler  stm32f1xx_it.o
    0x08004b1c   0x08004b1c   0x0000000c   Code   RO          144    .text.USART3_IRQHandler  stm32f1xx_it.o
    0x08004b28   0x08004b28   0x0000000c   Code   RO          138    .text.USB_LP_CAN1_RX0_IRQHandler  stm32f1xx_it.o
    0x08004b34   0x08004b34   0x00000002   Code   RO          128    .text.UsageFault_Handler  stm32f1xx_it.o
    0x08004b36   0x08004b36   0x00000002   PAD
    0x08004b38   0x08004b38   0x000000c0   Code   RO           66    .text.convert8ByteToFloat  convert_lib.o
    0x08004bf8   0x08004bf8   0x00000354   Code   RO           78    .text.main          main.o
    0x08004f4c   0x08004f4c   0x0000003e   Code   RO         1374    CL$$btod_d2e        c_w.l(btod.o)
    0x08004f8a   0x08004f8a   0x00000046   Code   RO         1376    CL$$btod_d2e_denorm_low  c_w.l(btod.o)
    0x08004fd0   0x08004fd0   0x00000060   Code   RO         1375    CL$$btod_d2e_norm_op1  c_w.l(btod.o)
    0x08005030   0x08005030   0x00000338   Code   RO         1384    CL$$btod_div_common  c_w.l(btod.o)
    0x08005368   0x08005368   0x00000084   Code   RO         1382    CL$$btod_e2d        c_w.l(btod.o)
    0x080053ec   0x080053ec   0x000000dc   Code   RO         1381    CL$$btod_e2e        c_w.l(btod.o)
    0x080054c8   0x080054c8   0x0000002a   Code   RO         1378    CL$$btod_ediv       c_w.l(btod.o)
    0x080054f2   0x080054f2   0x0000002a   Code   RO         1380    CL$$btod_edivd      c_w.l(btod.o)
    0x0800551c   0x0800551c   0x0000002a   Code   RO         1377    CL$$btod_emul       c_w.l(btod.o)
    0x08005546   0x08005546   0x0000002a   Code   RO         1379    CL$$btod_emuld      c_w.l(btod.o)
    0x08005570   0x08005570   0x00000244   Code   RO         1383    CL$$btod_mult_common  c_w.l(btod.o)
    0x080057b4   0x080057b4   0x00000028   Code   RO         1420    i.__ARM_fpclassify  m_ws.l(fpclassify.o)
    0x080057dc   0x080057dc   0x0000000e   Code   RO         1552    i.__mathlib_dbl_overflow  m_ws.l(dunder.o)
    0x080057ea   0x080057ea   0x00000002   PAD
    0x080057ec   0x080057ec   0x00000010   Code   RO         1554    i.__mathlib_dbl_underflow  m_ws.l(dunder.o)
    0x080057fc   0x080057fc   0x00000010   Code   RO         1422    i.__mathlib_narrow  m_ws.l(narrow.o)
    0x0800580c   0x0800580c   0x000000bc   Code   RO         1423    i.__mathlib_tofloat  m_ws.l(narrow.o)
    0x080058c8   0x080058c8   0x00000016   Code   RO         1530    i.__support_ldexp   m_ws.l(ldexp.o)
    0x080058de   0x080058de   0x0000000e   Code   RO         1238    i._is_digit         c_w.l(__printf_wp.o)
    0x080058ec   0x080058ec   0x00000058   Code   RO         1507    i.frexp             m_ws.l(frexp.o)
    0x08005944   0x08005944   0x00000074   Code   RO         1531    i.ldexp             m_ws.l(ldexp.o)
    0x080059b8   0x080059b8   0x0000002c   Code   RO         1402    locale$$code        c_w.l(lc_numeric_c.o)
    0x080059e4   0x080059e4   0x0000002c   Code   RO         1515    locale$$code        c_w.l(lc_ctype_c.o)
    0x08005a10   0x08005a10   0x00000062   Code   RO         1500    x$fpl$d2f           fz_ws.l(d2f.o)
    0x08005a72   0x08005a72   0x00000002   PAD
    0x08005a74   0x08005a74   0x00000010   Code   RO         1546    x$fpl$dcheck1       fz_ws.l(dcheck1.o)
    0x08005a84   0x08005a84   0x00000018   Code   RO         1519    x$fpl$dcmpinf       fz_ws.l(dcmpi.o)
    0x08005a9c   0x08005a9c   0x00000078   Code   RO         1502    x$fpl$deqf          fz_ws.l(deqf.o)
    0x08005b14   0x08005b14   0x00000078   Code   RO         1521    x$fpl$dleqf         fz_ws.l(dleqf.o)
    0x08005b8c   0x08005b8c   0x0000009c   Code   RO         1523    x$fpl$dnaninf       fz_ws.l(dnaninf.o)
    0x08005c28   0x08005c28   0x0000000c   Code   RO         1321    x$fpl$dretinf       fz_ws.l(dretinf.o)
    0x08005c34   0x08005c34   0x0000006c   Code   RO         1504    x$fpl$drleqf        fz_ws.l(drleqf.o)
    0x08005ca0   0x08005ca0   0x00000056   Code   RO         1265    x$fpl$f2d           fz_ws.l(f2d.o)
    0x08005cf6   0x08005cf6   0x00000002   PAD
    0x08005cf8   0x08005cf8   0x000000c4   Code   RO         1267    x$fpl$fadd          fz_ws.l(faddsub_clz.o)
    0x08005dbc   0x08005dbc   0x00000184   Code   RO         1276    x$fpl$fdiv          fz_ws.l(fdiv.o)
    0x08005f40   0x08005f40   0x00000036   Code   RO         1279    x$fpl$ffix          fz_ws.l(ffix.o)
    0x08005f76   0x08005f76   0x00000002   PAD
    0x08005f78   0x08005f78   0x00000030   Code   RO         1288    x$fpl$fflt          fz_ws.l(fflt_clz.o)
    0x08005fa8   0x08005fa8   0x0000008c   Code   RO         1329    x$fpl$fnaninf       fz_ws.l(fnaninf.o)
    0x08006034   0x08006034   0x0000000a   Code   RO         1331    x$fpl$fretinf       fz_ws.l(fretinf.o)
    0x0800603e   0x0800603e   0x00000002   PAD
    0x08006040   0x08006040   0x000000ea   Code   RO         1269    x$fpl$fsub          fz_ws.l(faddsub_clz.o)
    0x0800612a   0x0800612a   0x00000006   Code   RO         1412    x$fpl$ieeestatus    fz_ws.l(istatus.o)
    0x08006130   0x08006130   0x00000004   Code   RO         1295    x$fpl$printf1       fz_ws.l(printf1.o)
    0x08006134   0x08006134   0x00000064   Code   RO         1591    x$fpl$retnan        fz_ws.l(retnan.o)
    0x08006198   0x08006198   0x0000005c   Code   RO         1527    x$fpl$scalbn        fz_ws.l(scalbn.o)
    0x080061f4   0x080061f4   0x00000004   Code   RO         1297    x$fpl$scanf1        fz_ws.l(scanf1.o)
    0x080061f8   0x080061f8   0x00000008   Code   RO         1414    x$fpl$scanf2        fz_ws.l(scanf2.o)
    0x08006200   0x08006200   0x00000030   Code   RO         1618    x$fpl$trapveneer    fz_ws.l(trapv.o)
    0x08006230   0x08006230   0x00000000   Code   RO         1333    x$fpl$usenofp       fz_ws.l(usenofp.o)
    0x08006230   0x08006230   0x00000028   Data   RO         1211    .constdata          c_w.l(_printf_hex_int.o)
    0x08006258   0x08006258   0x00000011   Data   RO         1241    .constdata          c_w.l(__printf_flags_wp.o)
    0x08006269   0x08006269   0x00000003   PAD
    0x0800626c   0x0800626c   0x00000094   Data   RO         1372    .constdata          c_w.l(bigflt0.o)
    0x08006300   0x08006300   0x00000010   Data   RO         1188    .rodata.AHBPrescTable  system_stm32f1xx.o
    0x08006310   0x08006310   0x00000008   Data   RO         1189    .rodata.APBPrescTable  system_stm32f1xx.o
    0x08006318   0x08006318   0x00000002   Data   RO          362    .rodata.HAL_RCC_GetSysClockFreq.aPredivFactorTable  stm32f1xx_hal_rcc.o
    0x0800631a   0x0800631a   0x00000010   Data   RO          361    .rodata.cst16       stm32f1xx_hal_rcc.o
    0x0800632a   0x0800632a   0x0000002a   Data   RO           50    .rodata.str1.1      gps.o
    0x08006354   0x08006354   0x00000020   Data   RO         1647    Region$$Table       anon$$obj.o
    0x08006374   0x08006374   0x00000008   Data   RO         1408    c$$dinf             fz_ws.l(fpconst.o)
    0x0800637c   0x0800637c   0x00000008   Data   RO         1411    c$$dmax             fz_ws.l(fpconst.o)
    0x08006384   0x08006384   0x0000001c   Data   RO         1401    locale$$data        c_w.l(lc_numeric_c.o)
    0x080063a0   0x080063a0   0x00000110   Data   RO         1514    locale$$data        c_w.l(lc_ctype_c.o)


    Execution Region RW_IRAM1 (Exec base: 0x20000000, Load base: 0x080064b0, Size: 0x00000940, Max: 0x00005000, ABSOLUTE)

    Exec Addr    Load Addr    Size         Type   Attr      Idx    E Section Name        Object

    0x20000000   0x080064b0   0x00000018   Data   RW          109    .data..L_MergedGlobals  main.o
    0x20000018   0x080064c8   0x00000008   Data   RW          324    .data..L_MergedGlobals  stm32f1xx_hal.o
    0x20000020   0x080064d0   0x00000004   Data   RW         1187    .data.SystemCoreClock  system_stm32f1xx.o
    0x20000024   0x080064d4   0x00000004   PAD
    0x20000028        -       0x00000060   Zero   RW         1429    .bss                c_w.l(libspace.o)
    0x20000088        -       0x00000002   Zero   RW           51    .bss..L_MergedGlobals  gps.o
    0x2000008a   0x080064d4   0x00000002   PAD
    0x2000008c        -       0x00000064   Zero   RW          110    .bss..L_MergedGlobals.2  main.o
    0x200000f0        -       0x00000044   Zero   RW          111    .bss..L_MergedGlobals.3  main.o
    0x20000134        -       0x00000058   Zero   RW          102    .bss.GPS_NEO        main.o
    0x2000018c        -       0x00000054   Zero   RW           99    .bss.hi2c1          main.o
    0x200001e0        -       0x00000048   Zero   RW           98    .bss.htim2          main.o
    0x20000228        -       0x00000048   Zero   RW          100    .bss.huart1         main.o
    0x20000270        -       0x00000048   Zero   RW          101    .bss.huart3         main.o
    0x200002b8        -       0x00000080   Zero   RW           49    .bss.rx_buffer      gps.o
    0x20000338        -       0x00000004   Zero   RW          323    .bss.uwTick         stm32f1xx_hal.o
    0x2000033c   0x080064d4   0x00000004   PAD
    0x20000340        -       0x00000200   Zero   RW            2    HEAP                startup_stm32f103xb.o
    0x20000540        -       0x00000400   Zero   RW            1    STACK               startup_stm32f103xb.o


==============================================================================

Image component sizes


      Code (inc. data)   RO Data    RW Data    ZI Data      Debug   Object Name

       974          4          0          0          0      12654   clcd_i2c.o
       192          0          0          0          0       4309   convert_lib.o
       910        124         42          0        130       7031   gps.o
      1062         24          0         24        556      15256   main.o
        64         26        236          0       1536        788   startup_stm32f103xb.o
       188          0          0          8          4       5734   stm32f1xx_hal.o
      1552          6          0          0          0      13673   stm32f1xx_hal_can.o
       194          0          0          0          0       8460   stm32f1xx_hal_cortex.o
       248          0          0          0          0       8413   stm32f1xx_hal_dma.o
       540         22          0          0          0       4601   stm32f1xx_hal_gpio.o
      1912          0          0          0          0      42470   stm32f1xx_hal_i2c.o
       632          0          0          0          0      11540   stm32f1xx_hal_msp.o
      1470          0         18          0          0       7643   stm32f1xx_hal_rcc.o
       750          0          0          0          0      55127   stm32f1xx_hal_tim.o
       122          0          0          0          0      20718   stm32f1xx_hal_tim_ex.o
      1956          0          0          0          0      32540   stm32f1xx_hal_uart.o
        68          0          0          0          0       5818   stm32f1xx_it.o
         2          0         24          4          0       1614   system_stm32f1xx.o

    ----------------------------------------------------------------------
     12944        206        352         36       2236     258389   Object Totals
         0          0         32          0          0          0   (incl. Generated)
       108          0          0          0         10          0   (incl. Padding)

    ----------------------------------------------------------------------

      Code (inc. data)   RO Data    RW Data    ZI Data      Debug   Library Member Name

        60          8          0          0          0         84   __0sscanf.o
        44          6          0          0          0         84   __2sprintf.o
         8          0          0          0          0         68   __main.o
       312          4         17          0          0         92   __printf_flags_wp.o
        14          0          0          0          0         68   __printf_wp.o
         0          0          0          0          0          0   __rtentry.o
        12          0          0          0          0          0   __rtentry2.o
         6          0          0          0          0          0   __rtentry4.o
        52          8          0          0          0          0   __scatter.o
        26          0          0          0          0          0   __scatter_copy.o
        28          0          0          0          0          0   __scatter_zi.o
        28          0          0          0          0         68   _chval.o
        48          6          0          0          0         96   _printf_char_common.o
         6          0          0          0          0          0   _printf_f.o
      1052          0          0          0          0        148   _printf_fp_dec.o
       128         16          0          0          0         84   _printf_fp_infnan.o
        88          4         40          0          0         88   _printf_hex_int.o
       178          0          0          0          0         88   _printf_intcommon.o
        78          0          0          0          0        108   _printf_pad.o
         0          0          0          0          0          0   _printf_percent.o
         4          0          0          0          0          0   _printf_percent_end.o
         6          0          0          0          0          0   _printf_x.o
        22          0          0          0          0        100   _rserrno.o
       884          6          0          0          0        100   _scanf.o
       332          0          0          0          0         96   _scanf_int.o
       224          0          0          0          0         96   _scanf_str.o
        64          0          0          0          0         84   _sgetc.o
        10          0          0          0          0         68   _sputc.o
       228          4        148          0          0         96   bigflt0.o
      2152        136          0          0          0        956   btod.o
        18          0          0          0          0         80   exit.o
         6          0          0          0          0        152   heapauxi.o
         0          0          0          0          0          0   indicate_semi.o
        18          0          0          0          0         76   isspace.o
        44         10        272          0          0         76   lc_ctype_c.o
        44         10         28          0          0         76   lc_numeric_c.o
         2          0          0          0          0          0   libinit.o
        30          0          0          0          0          0   libinit2.o
         2          0          0          0          0          0   libshutdown.o
         2          0          0          0          0          0   libshutdown2.o
         8          4          0          0         96         68   libspace.o
        38          0          0          0          0         68   llshl.o
       138          0          0          0          0         80   lludiv10.o
        16          4          0          0          0         76   rt_ctype_table.o
         8          4          0          0          0         68   rt_errno_addr_intlibspace.o
         8          4          0          0          0         68   rt_locale_intlibspace.o
        78          0          0          0          0         80   rt_memclr_w.o
         2          0          0          0          0          0   rtexit.o
        10          0          0          0          0          0   rtexit2.o
        44          8          0          0          0         84   scanf_char.o
      1272         16          0          0          0        168   scanf_fp.o
       800         14          0          0          0        100   scanf_hexfp.o
       308         16          0          0          0        100   scanf_infnan.o
       128          0          0          0          0         68   strcmpv7m.o
       150          0          0          0          0         80   strncmp.o
        12          4          0          0          0         68   sys_exit.o
        74          0          0          0          0         80   sys_stackheap_outer.o
         2          0          0          0          0         68   use_no_semi.o
        98          4          0          0          0         92   d2f.o
        16          4          0          0          0         68   dcheck1.o
        24          0          0          0          0         68   dcmpi.o
       120          4          0          0          0         92   deqf.o
       120          4          0          0          0         92   dleqf.o
       156          4          0          0          0         92   dnaninf.o
        12          0          0          0          0         68   dretinf.o
       108          0          0          0          0         80   drleqf.o
        86          4          0          0          0         84   f2d.o
       430          8          0          0          0        168   faddsub_clz.o
       388         76          0          0          0         96   fdiv.o
        54          4          0          0          0         84   ffix.o
        48          0          0          0          0         68   fflt_clz.o
       140          4          0          0          0         84   fnaninf.o
         0          0         16          0          0          0   fpconst.o
        10          0          0          0          0         68   fretinf.o
         6          0          0          0          0         68   istatus.o
         4          0          0          0          0         68   printf1.o
       100          0          0          0          0         68   retnan.o
        92          0          0          0          0         68   scalbn.o
         4          0          0          0          0         68   scanf1.o
         8          0          0          0          0         84   scanf2.o
        48          0          0          0          0         68   trapv.o
         0          0          0          0          0          0   usenofp.o
        30          6          0          0          0        136   dunder.o
        40          0          0          0          0         68   fpclassify.o
        88          8          0          0          0         76   frexp.o
       138          0          0          0          0        160   ldexp.o
       204          4          0          0          0        168   narrow.o

    ----------------------------------------------------------------------
     11956        426        524          0         96       6860   Library Totals
        28          0          3          0          0          0   (incl. Padding)

    ----------------------------------------------------------------------

      Code (inc. data)   RO Data    RW Data    ZI Data      Debug   Library Name

      9356        292        505          0         96       4456   c_w.l
      2072        116         16          0          0       1796   fz_ws.l
       500         18          0          0          0        608   m_ws.l

    ----------------------------------------------------------------------
     11956        426        524          0         96       6860   Library Totals

    ----------------------------------------------------------------------

==============================================================================


      Code (inc. data)   RO Data    RW Data    ZI Data      Debug   

     24900        632        876         36       2332     260921   Grand Totals
     24900        632        876         36       2332     260921   ELF Image Totals
     24900        632        876         36          0          0   ROM Totals

==============================================================================

    Total RO  Size (Code + RO Data)                25776 (  25.17kB)
    Total RW  Size (RW Data + ZI Data)              2368 (   2.31kB)
    Total ROM Size (Code + RO Data + RW Data)      25812 (  25.21kB)

==============================================================================

