<html>
<body>
<pre>
<h1>µVision Build Log</h1>
<h2>Tool Versions:</h2>
IDE-Version: µVision V5.37.0.0
Copyright (C) 2022 ARM Ltd and ARM Germany GmbH. All rights reserved.
License Information: Pham Thang, Ho Chi Minh University of Technology and Education, LIC=UJWP0-B6HZ8-12YLE-5RUMI-QA6NV-ZQD1Y
 
Tool Versions:
Toolchain:       MDK-ARM Plus  Version: 5.37.0.0
Toolchain Path:  C:\Keil_v5\ARM\ARMCLANG\Bin
C Compiler:      ArmClang.exe V6.18
Assembler:       Armasm.exe V6.18
Linker/Locator:  ArmLink.exe V6.18
Library Manager: ArmAr.exe V6.18
Hex Converter:   FromElf.exe V6.18
CPU DLL:         SARMCM3.DLL V5.37.0.0
Dialog DLL:      DCM.DLL V1.17.5.0
Target DLL:      STLink\ST-LINKIII-KEIL_SWO.dll V3.0.9.0
Dialog DLL:      TCM.DLL V1.56.1.0
 
<h2>Project:</h2>
C:\Users\dinhthang\Desktop\Break\MDK-ARM\Break.uvprojx
Project File Date:  07/05/2023

<h2>Output:</h2>
*** Using Compiler 'V6.18', folder: 'C:\Keil_v5\ARM\ARMCLANG\Bin'
Build target 'Break'
../Core/Src/main.c(240): warning: 'sprintf' will always overflow; destination buffer has size 16, but format string expands to at least 17 [-Wfortify-source]
                                sprintf(lcdAcelX,"X:%.3f Z:%.3f ",Data.Ax,Data.Az);
                                ^
../Core/Src/main.c(244): warning: 'sprintf' will always overflow; destination buffer has size 16, but format string expands to at least 17 [-Wfortify-source]
                                sprintf(lcdAcelX,"X:%.3f Z:%.3f ",Data.Gx,Data.Gz);
                                ^
../Core/Src/main.c(248): warning: 'sprintf' will always overflow; destination buffer has size 16, but format string expands to at least 17 [-Wfortify-source]
                                sprintf(lcdAcelX,"X:%.3f         ",Data.KalmanAngleX);
                                ^
3 warnings generated.
compiling main.c...
linking...
Program Size: Code=27682 RO-data=734 RW-data=156 ZI-data=2188  
FromELF: creating hex file...
"Break\Break.axf" - 0 Error(s), 3 Warning(s).

<h2>Software Packages used:</h2>

Package Vendor: ARM
                http://www.keil.com/pack/ARM.CMSIS.5.9.0.pack
                ARM.CMSIS.5.9.0
                CMSIS (Common Microcontroller Software Interface Standard)
   * Component: CORE Version: 5.6.0

Package Vendor: Keil
                http://www.keil.com/pack/Keil.STM32F1xx_DFP.2.4.0.pack
                Keil.STM32F1xx_DFP.2.4.0
                STMicroelectronics STM32F1 Series Device Support, Drivers and Examples

<h2>Collection of Component include folders:</h2>
  ./RTE/_Break
  C:/Users/dinhthang/AppData/Local/Arm/Packs/ARM/CMSIS/5.9.0/CMSIS/Core/Include
  C:/Users/dinhthang/AppData/Local/Arm/Packs/Keil/STM32F1xx_DFP/2.4.0/Device/Include

<h2>Collection of Component Files used:</h2>

   * Component: ARM::CMSIS:CORE:5.6.0
      Include file:  CMSIS/Core/Include/tz_context.h
Build Time Elapsed:  00:00:00
</pre>
</body>
</html>
