Component: Arm Compiler for Embedded 6.18 Tool: armlink [5e4cc100]

==============================================================================

Section Cross References

    startup_stm32f103xb.o(STACK) refers (Special) to heapauxi.o(.text) for __use_two_region_memory
    startup_stm32f103xb.o(HEAP) refers (Special) to heapauxi.o(.text) for __use_two_region_memory
    startup_stm32f103xb.o(RESET) refers (Special) to heapauxi.o(.text) for __use_two_region_memory
    startup_stm32f103xb.o(RESET) refers to startup_stm32f103xb.o(STACK) for __initial_sp
    startup_stm32f103xb.o(RESET) refers to startup_stm32f103xb.o(.text) for Reset_Handler
    startup_stm32f103xb.o(RESET) refers to stm32f1xx_it.o(.text.NMI_Handler) for NMI_Handler
    startup_stm32f103xb.o(RESET) refers to stm32f1xx_it.o(.text.HardFault_Handler) for HardFault_Handler
    startup_stm32f103xb.o(RESET) refers to stm32f1xx_it.o(.text.MemManage_Handler) for MemManage_Handler
    startup_stm32f103xb.o(RESET) refers to stm32f1xx_it.o(.text.BusFault_Handler) for BusFault_Handler
    startup_stm32f103xb.o(RESET) refers to stm32f1xx_it.o(.text.UsageFault_Handler) for UsageFault_Handler
    startup_stm32f103xb.o(RESET) refers to stm32f1xx_it.o(.text.SVC_Handler) for SVC_Handler
    startup_stm32f103xb.o(RESET) refers to stm32f1xx_it.o(.text.DebugMon_Handler) for DebugMon_Handler
    startup_stm32f103xb.o(RESET) refers to stm32f1xx_it.o(.text.PendSV_Handler) for PendSV_Handler
    startup_stm32f103xb.o(RESET) refers to stm32f1xx_it.o(.text.SysTick_Handler) for SysTick_Handler
    startup_stm32f103xb.o(RESET) refers to stm32f1xx_it.o(.text.EXTI1_IRQHandler) for EXTI1_IRQHandler
    startup_stm32f103xb.o(RESET) refers to stm32f1xx_it.o(.text.EXTI2_IRQHandler) for EXTI2_IRQHandler
    startup_stm32f103xb.o(RESET) refers to stm32f1xx_it.o(.text.ADC1_2_IRQHandler) for ADC1_2_IRQHandler
    startup_stm32f103xb.o(RESET) refers to stm32f1xx_it.o(.text.USB_LP_CAN1_RX0_IRQHandler) for USB_LP_CAN1_RX0_IRQHandler
    startup_stm32f103xb.o(RESET) refers to stm32f1xx_it.o(.text.CAN1_RX1_IRQHandler) for CAN1_RX1_IRQHandler
    startup_stm32f103xb.o(RESET) refers to stm32f1xx_it.o(.text.TIM1_UP_IRQHandler) for TIM1_UP_IRQHandler
    startup_stm32f103xb.o(RESET) refers to stm32f1xx_it.o(.text.TIM2_IRQHandler) for TIM2_IRQHandler
    startup_stm32f103xb.o(RESET) refers to stm32f1xx_it.o(.text.TIM3_IRQHandler) for TIM3_IRQHandler
    startup_stm32f103xb.o(RESET) refers to stm32f1xx_it.o(.text.I2C1_EV_IRQHandler) for I2C1_EV_IRQHandler
    startup_stm32f103xb.o(.text) refers (Special) to heapauxi.o(.text) for __use_two_region_memory
    startup_stm32f103xb.o(.text) refers to system_stm32f1xx.o(.text.SystemInit) for SystemInit
    startup_stm32f103xb.o(.text) refers to __main.o(!!!main) for __main
    startup_stm32f103xb.o(.text) refers to startup_stm32f103xb.o(HEAP) for Heap_Mem
    startup_stm32f103xb.o(.text) refers to startup_stm32f103xb.o(STACK) for Stack_Mem
    clcd_i2c.o(.text.CLCD_I2C_Init) refers to stm32f1xx_hal.o(.text.HAL_Delay) for HAL_Delay
    clcd_i2c.o(.text.CLCD_I2C_Init) refers to stm32f1xx_hal_i2c.o(.text.HAL_I2C_Master_Transmit) for HAL_I2C_Master_Transmit
    clcd_i2c.o(.ARM.exidx.text.CLCD_I2C_Init) refers to clcd_i2c.o(.text.CLCD_I2C_Init) for [Anonymous Symbol]
    clcd_i2c.o(.text.CLCD_I2C_SetCursor) refers to stm32f1xx_hal.o(.text.HAL_Delay) for HAL_Delay
    clcd_i2c.o(.text.CLCD_I2C_SetCursor) refers to stm32f1xx_hal_i2c.o(.text.HAL_I2C_Master_Transmit) for HAL_I2C_Master_Transmit
    clcd_i2c.o(.ARM.exidx.text.CLCD_I2C_SetCursor) refers to clcd_i2c.o(.text.CLCD_I2C_SetCursor) for [Anonymous Symbol]
    clcd_i2c.o(.text.CLCD_I2C_WriteChar) refers to stm32f1xx_hal.o(.text.HAL_Delay) for HAL_Delay
    clcd_i2c.o(.text.CLCD_I2C_WriteChar) refers to stm32f1xx_hal_i2c.o(.text.HAL_I2C_Master_Transmit) for HAL_I2C_Master_Transmit
    clcd_i2c.o(.ARM.exidx.text.CLCD_I2C_WriteChar) refers to clcd_i2c.o(.text.CLCD_I2C_WriteChar) for [Anonymous Symbol]
    clcd_i2c.o(.text.CLCD_I2C_WriteString) refers to stm32f1xx_hal.o(.text.HAL_Delay) for HAL_Delay
    clcd_i2c.o(.text.CLCD_I2C_WriteString) refers to stm32f1xx_hal_i2c.o(.text.HAL_I2C_Master_Transmit) for HAL_I2C_Master_Transmit
    clcd_i2c.o(.ARM.exidx.text.CLCD_I2C_WriteString) refers to clcd_i2c.o(.text.CLCD_I2C_WriteString) for [Anonymous Symbol]
    clcd_i2c.o(.text.CLCD_I2C_Clear) refers to stm32f1xx_hal.o(.text.HAL_Delay) for HAL_Delay
    clcd_i2c.o(.text.CLCD_I2C_Clear) refers to stm32f1xx_hal_i2c.o(.text.HAL_I2C_Master_Transmit) for HAL_I2C_Master_Transmit
    clcd_i2c.o(.ARM.exidx.text.CLCD_I2C_Clear) refers to clcd_i2c.o(.text.CLCD_I2C_Clear) for [Anonymous Symbol]
    clcd_i2c.o(.text.CLCD_I2C_ReturnHome) refers to stm32f1xx_hal.o(.text.HAL_Delay) for HAL_Delay
    clcd_i2c.o(.text.CLCD_I2C_ReturnHome) refers to stm32f1xx_hal_i2c.o(.text.HAL_I2C_Master_Transmit) for HAL_I2C_Master_Transmit
[...]
    [Anonymous Symbol]                       0x080032d0   Section        0  stm32f1xx_hal_tim.o(.text.HAL_TIM_Encoder_Start)
    [Anonymous Symbol]                       0x0800338c   Section        0  stm32f1xx_hal_tim.o(.text.HAL_TIM_IC_CaptureCallback)
    [Anonymous Symbol]                       0x08003390   Section        0  stm32f1xx_hal_tim.o(.text.HAL_TIM_IRQHandler)
    [Anonymous Symbol]                       0x08003500   Section        0  stm32f1xx_hal_msp.o(.text.HAL_TIM_MspPostInit)
    [Anonymous Symbol]                       0x08003550   Section        0  stm32f1xx_hal_tim.o(.text.HAL_TIM_OC_DelayElapsedCallback)
    [Anonymous Symbol]                       0x08003554   Section        0  stm32f1xx_hal_tim.o(.text.HAL_TIM_PWM_ConfigChannel)
    [Anonymous Symbol]                       0x08003758   Section        0  stm32f1xx_hal_tim.o(.text.HAL_TIM_PWM_Init)
    [Anonymous Symbol]                       0x08003844   Section        0  stm32f1xx_hal_tim.o(.text.HAL_TIM_PWM_MspInit)
    [Anonymous Symbol]                       0x08003848   Section        0  stm32f1xx_hal_tim.o(.text.HAL_TIM_PWM_PulseFinishedCallback)
    [Anonymous Symbol]                       0x0800384c   Section        0  stm32f1xx_hal_tim.o(.text.HAL_TIM_PWM_Start)
    [Anonymous Symbol]                       0x0800392c   Section        0  main.o(.text.HAL_TIM_PeriodElapsedCallback)
    [Anonymous Symbol]                       0x08003a68   Section        0  stm32f1xx_hal_tim.o(.text.HAL_TIM_TriggerCallback)
    [Anonymous Symbol]                       0x08003a6c   Section        0  stm32f1xx_it.o(.text.HardFault_Handler)
    [Anonymous Symbol]                       0x08003a70   Section        0  stm32f1xx_it.o(.text.I2C1_EV_IRQHandler)
    I2C_DMAAbort                             0x08003a7d   Thumb Code   290  stm32f1xx_hal_i2c.o(.text.I2C_DMAAbort)
    [Anonymous Symbol]                       0x08003a7c   Section        0  stm32f1xx_hal_i2c.o(.text.I2C_DMAAbort)
    I2C_ITError                              0x08003ba1   Thumb Code   396  stm32f1xx_hal_i2c.o(.text.I2C_ITError)
    [Anonymous Symbol]                       0x08003ba0   Section        0  stm32f1xx_hal_i2c.o(.text.I2C_ITError)
    I2C_MasterReceive_BTF                    0x08003d2d   Thumb Code   232  stm32f1xx_hal_i2c.o(.text.I2C_MasterReceive_BTF)
    [Anonymous Symbol]                       0x08003d2c   Section        0  stm32f1xx_hal_i2c.o(.text.I2C_MasterReceive_BTF)
    I2C_MasterReceive_RXNE                   0x08003e15   Thumb Code   322  stm32f1xx_hal_i2c.o(.text.I2C_MasterReceive_RXNE)
    [Anonymous Symbol]                       0x08003e14   Section        0  stm32f1xx_hal_i2c.o(.text.I2C_MasterReceive_RXNE)
    I2C_MasterTransmit_BTF                   0x08003f59   Thumb Code   130  stm32f1xx_hal_i2c.o(.text.I2C_MasterTransmit_BTF)
    [Anonymous Symbol]                       0x08003f58   Section        0  stm32f1xx_hal_i2c.o(.text.I2C_MasterTransmit_BTF)
    I2C_MasterTransmit_TXE                   0x08003fdd   Thumb Code   178  stm32f1xx_hal_i2c.o(.text.I2C_MasterTransmit_TXE)
    [Anonymous Symbol]                       0x08003fdc   Section        0  stm32f1xx_hal_i2c.o(.text.I2C_MasterTransmit_TXE)
    I2C_MemoryTransmit_TXE_BTF               0x08004091   Thumb Code   190  stm32f1xx_hal_i2c.o(.text.I2C_MemoryTransmit_TXE_BTF)
    [Anonymous Symbol]                       0x08004090   Section        0  stm32f1xx_hal_i2c.o(.text.I2C_MemoryTransmit_TXE_BTF)
    I2C_RequestMemoryRead                    0x08004151   Thumb Code   280  stm32f1xx_hal_i2c.o(.text.I2C_RequestMemoryRead)
    [Anonymous Symbol]                       0x08004150   Section        0  stm32f1xx_hal_i2c.o(.text.I2C_RequestMemoryRead)
    I2C_RequestMemoryWrite                   0x08004269   Thumb Code   200  stm32f1xx_hal_i2c.o(.text.I2C_RequestMemoryWrite)
    [Anonymous Symbol]                       0x08004268   Section        0  stm32f1xx_hal_i2c.o(.text.I2C_RequestMemoryWrite)
    I2C_WaitOnBTFFlagUntilTimeout            0x08004331   Thumb Code   190  stm32f1xx_hal_i2c.o(.text.I2C_WaitOnBTFFlagUntilTimeout)
    [Anonymous Symbol]                       0x08004330   Section        0  stm32f1xx_hal_i2c.o(.text.I2C_WaitOnBTFFlagUntilTimeout)
    I2C_WaitOnFlagUntilTimeout               0x080043f1   Thumb Code   466  stm32f1xx_hal_i2c.o(.text.I2C_WaitOnFlagUntilTimeout)
    [Anonymous Symbol]                       0x080043f0   Section        0  stm32f1xx_hal_i2c.o(.text.I2C_WaitOnFlagUntilTimeout)
    I2C_WaitOnMasterAddressFlagUntilTimeout  0x080045c5   Thumb Code   224  stm32f1xx_hal_i2c.o(.text.I2C_WaitOnMasterAddressFlagUntilTimeout)
    [Anonymous Symbol]                       0x080045c4   Section        0  stm32f1xx_hal_i2c.o(.text.I2C_WaitOnMasterAddressFlagUntilTimeout)
    I2C_WaitOnRXNEFlagUntilTimeout           0x080046a5   Thumb Code   144  stm32f1xx_hal_i2c.o(.text.I2C_WaitOnRXNEFlagUntilTimeout)
    [Anonymous Symbol]                       0x080046a4   Section        0  stm32f1xx_hal_i2c.o(.text.I2C_WaitOnRXNEFlagUntilTimeout)
    I2C_WaitOnTXEFlagUntilTimeout            0x08004735   Thumb Code   190  stm32f1xx_hal_i2c.o(.text.I2C_WaitOnTXEFlagUntilTimeout)
    [Anonymous Symbol]                       0x08004734   Section        0  stm32f1xx_hal_i2c.o(.text.I2C_WaitOnTXEFlagUntilTimeout)
    [Anonymous Symbol]                       0x080047f4   Section        0  mpu6050.o(.text.MPU6050_Init)
    [Anonymous Symbol]                       0x080048c4   Section        0  mpu6050.o(.text.MPU6050_Read_Angle)
    [Anonymous Symbol]                       0x08004b28   Section        0  mpu6050.o(.text.MPU6050_Read_Data)
    [Anonymous Symbol]                       0x08004dd0   Section        0  stm32f1xx_it.o(.text.MemManage_Handler)
    [Anonymous Symbol]                       0x08004dd4   Section        0  stm32f1xx_it.o(.text.NMI_Handler)
    [Anonymous Symbol]                       0x08004dd8   Section        0  stm32f1xx_it.o(.text.PendSV_Handler)
    [Anonymous Symbol]                       0x08004ddc   Section        0  stm32f1xx_it.o(.text.SVC_Handler)
    [Anonymous Symbol]                       0x08004de0   Section        0  stm32f1xx_it.o(.text.SysTick_Handler)
    [Anonymous Symbol]                       0x08004de4   Section        0  system_stm32f1xx.o(.text.SystemInit)
    [Anonymous Symbol]                       0x08004de8   Section        0  stm32f1xx_it.o(.text.TIM1_UP_IRQHandler)
    [Anonymous Symbol]                       0x08004df4   Section        0  stm32f1xx_it.o(.text.TIM2_IRQHandler)
    [Anonymous Symbol]                       0x08004e00   Section        0  stm32f1xx_it.o(.text.TIM3_IRQHandler)
    [Anonymous Symbol]                       0x08004e0c   Section        0  stm32f1xx_it.o(.text.USB_LP_CAN1_RX0_IRQHandler)
    [Anonymous Symbol]                       0x08004e18   Section        0  stm32f1xx_it.o(.text.UsageFault_Handler)
    [Anonymous Symbol]                       0x08004e1c   Section        0  main.o(.text.dc_motor_control)
    [Anonymous Symbol]                       0x08004f78   Section        0  main.o(.text.main)
    i.__ARM_fpclassify                       0x08005448   Section        0  fpclassify.o(i.__ARM_fpclassify)
    i.__kernel_poly                          0x08005470   Section        0  poly.o(i.__kernel_poly)
    i.__mathlib_dbl_infnan                   0x0800551a   Section        0  dunder.o(i.__mathlib_dbl_infnan)
    i.__mathlib_dbl_underflow                0x08005520   Section        0  dunder.o(i.__mathlib_dbl_underflow)
    i.atan                                   0x08005530   Section        0  atan.o(i.atan)
    i.sqrt                                   0x08005750   Section        0  sqrt.o(i.sqrt)
    x$fpl$d2f                                0x0800579c   Section       98  d2f.o(x$fpl$d2f)
    x$fpl$dadd                               0x08005800   Section      336  daddsub_clz.o(x$fpl$dadd)
    _dadd1                                   0x08005811   Thumb Code     0  daddsub_clz.o(x$fpl$dadd)
    x$fpl$dcheck1                            0x08005950   Section       16  dcheck1.o(x$fpl$dcheck1)
    x$fpl$ddiv                               0x08005960   Section      692  ddiv.o(x$fpl$ddiv)
    ddiv_entry                               0x08005967   Thumb Code     0  ddiv.o(x$fpl$ddiv)
    x$fpl$dfix                               0x08005c14   Section       94  dfix.o(x$fpl$dfix)
    x$fpl$dflt                               0x08005c72   Section       46  dflt_clz.o(x$fpl$dflt)
    x$fpl$dfltu                              0x08005ca0   Section       38  dflt_clz.o(x$fpl$dfltu)
    x$fpl$dmul                               0x08005cc8   Section      340  dmul.o(x$fpl$dmul)
    x$fpl$dnaninf                            0x08005e1c   Section      156  dnaninf.o(x$fpl$dnaninf)
    x$fpl$dretinf                            0x08005eb8   Section       12  dretinf.o(x$fpl$dretinf)
    x$fpl$drsb                               0x08005ec4   Section       22  daddsub_clz.o(x$fpl$drsb)
    x$fpl$dsqrt                              0x08005edc   Section      460  dsqrt_noumaal.o(x$fpl$dsqrt)
    x$fpl$dsub                               0x080060a8   Section      476  daddsub_clz.o(x$fpl$dsub)
    _dsub1                                   0x080060b9   Thumb Code     0  daddsub_clz.o(x$fpl$dsub)
    x$fpl$f2d                                0x08006284   Section       86  f2d.o(x$fpl$f2d)
    x$fpl$fadd                               0x080062dc   Section      196  faddsub_clz.o(x$fpl$fadd)
    _fadd1                                   0x080062eb   Thumb Code     0  faddsub_clz.o(x$fpl$fadd)
    x$fpl$fcmp                               0x080063a0   Section       84  fcmp.o(x$fpl$fcmp)
    x$fpl$fcmpinf                            0x080063f4   Section       24  fcmpi.o(x$fpl$fcmpinf)
    _fdiv1                                   0x0800640d   Thumb Code     0  fdiv.o(x$fpl$fdiv)
    x$fpl$fdiv                               0x0800640c   Section      388  fdiv.o(x$fpl$fdiv)
    x$fpl$feqf                               0x08006590   Section      104  feqf.o(x$fpl$feqf)
    x$fpl$ffix                               0x080065f8   Section       54  ffix.o(x$fpl$ffix)
    x$fpl$fflt                               0x08006630   Section       48  fflt_clz.o(x$fpl$fflt)
    x$fpl$fgeqf                              0x08006660   Section      104  fgeqf.o(x$fpl$fgeqf)
    x$fpl$fleqf                              0x080066c8   Section      104  fleqf.o(x$fpl$fleqf)
    x$fpl$fmul                               0x08006730   Section      258  fmul.o(x$fpl$fmul)
    x$fpl$fnaninf                            0x08006832   Section      140  fnaninf.o(x$fpl$fnaninf)
    x$fpl$fretinf                            0x080068be   Section       10  fretinf.o(x$fpl$fretinf)
    x$fpl$fsub                               0x080068c8   Section      234  faddsub_clz.o(x$fpl$fsub)
    _fsub1                                   0x080068d7   Thumb Code     0  faddsub_clz.o(x$fpl$fsub)
    x$fpl$retnan                             0x080069b2   Section      100  retnan.o(x$fpl$retnan)
    x$fpl$scalbn                             0x08006a16   Section       92  scalbn.o(x$fpl$scalbn)
    x$fpl$trapveneer                         0x08006a72   Section       48  trapv.o(x$fpl$trapveneer)
    x$fpl$usenofp                            0x08006aa2   Section        0  usenofp.o(x$fpl$usenofp)
    atanhi                                   0x08006aa8   Data          32  atan.o(.constdata)
    .constdata                               0x08006aa8   Section      152  atan.o(.constdata)
    atanlo                                   0x08006ac8   Data          32  atan.o(.constdata)
    aTodd                                    0x08006ae8   Data          40  atan.o(.constdata)
    aTeven                                   0x08006b10   Data          48  atan.o(.constdata)
    HAL_RCC_GetSysClockFreq.aPredivFactorTable 0x08006b58   Data           2  stm32f1xx_hal_rcc.o(.rodata.HAL_RCC_GetSysClockFreq.aPredivFactorTable)
    [Anonymous Symbol]                       0x08006b58   Section        0  stm32f1xx_hal_rcc.o(.rodata.HAL_RCC_GetSysClockFreq.aPredivFactorTable)
    HAL_RCC_GetSysClockFreq.aPLLMULFactorTable 0x08006b5a   Data          16  stm32f1xx_hal_rcc.o(.rodata.cst16)
    [Anonymous Symbol]                       0x08006b5a   Section        0  stm32f1xx_hal_rcc.o(.rodata.cst16)
    .L_MergedGlobals                         0x20000000   Data           8  main.o(.data..L_MergedGlobals)
    [Anonymous Symbol]                       0x20000000   Section        0  main.o(.data..L_MergedGlobals)
    .L_MergedGlobals                         0x20000008   Data           8  stm32f1xx_hal.o(.data..L_MergedGlobals)
    [Anonymous Symbol]                       0x20000008   Section        0  stm32f1xx_hal.o(.data..L_MergedGlobals)
    .bss                                     0x20000018   Section       96  libspace.o(.bss)
    .L_MergedGlobals                         0x20000078   Data          24  mpu6050.o(.bss..L_MergedGlobals)
    [Anonymous Symbol]                       0x20000078   Section        0  mpu6050.o(.bss..L_MergedGlobals)
    .L_MergedGlobals.1                       0x20000090   Data         116  main.o(.bss..L_MergedGlobals.1)
    [Anonymous Symbol]                       0x20000090   Section        0  main.o(.bss..L_MergedGlobals.1)
    .L_MergedGlobals.2                       0x20000104   Data         104  main.o(.bss..L_MergedGlobals.2)
    [Anonymous Symbol]                       0x20000104   Section        0  main.o(.bss..L_MergedGlobals.2)
    .L_MergedGlobals.3                       0x2000016c   Data          92  main.o(.bss..L_MergedGlobals.3)
    [Anonymous Symbol]                       0x2000016c   Section        0  main.o(.bss..L_MergedGlobals.3)
    Heap_Mem                                 0x200002f8   Data         512  startup_stm32f103xb.o(HEAP)
    HEAP                                     0x200002f8   Section      512  startup_stm32f103xb.o(HEAP)
    Stack_Mem                                0x200004f8   Data        1024  startup_stm32f103xb.o(STACK)
    STACK                                    0x200004f8   Section     1024  startup_stm32f103xb.o(STACK)
    __initial_sp                             0x200008f8   Data           0  startup_stm32f103xb.o(STACK)

    Global Symbols

    Symbol Name                              Value     Ov Type        Size  Object(Section)

    BuildAttributes$$THM_ISAv4$P$D$K$B$S$PE$A:L22UL41UL21$X:L11$S22US41US21$IEEE1$IW$~IW$USESV6$~STKCKD$USESV7$~SHL$OTIME$ROPI$IEEEX$EBA8$UX$STANDARDLIB$REQ8$PRES8$EABIv2 0x00000000   Number         0  anon$$obj.o ABSOLUTE
    __fp_init_empty                          0x00000000   Number         0  fpinit_empty.o ABSOLUTE
    __ARM_exceptions_init                     - Undefined Weak Reference
    __alloca_initialize                       - Undefined Weak Reference
    __arm_preinit_                            - Undefined Weak Reference
    __arm_relocate_pie_                       - Undefined Weak Reference
    __cpp_initialize__aeabi_                  - Undefined Weak Reference
    __cxa_finalize                            - Undefined Weak Reference
    __rt_locale                               - Undefined Weak Reference
    __sigvec_lookup                           - Undefined Weak Reference
    _atexit_init                              - Undefined Weak Reference
    _call_atexit_fns                          - Undefined Weak Reference
    _clock_init                               - Undefined Weak Reference
    _fp_trap_init                             - Undefined Weak Reference
    _fp_trap_shutdown                         - Undefined Weak Reference
    _get_lc_collate                           - Undefined Weak Reference
    _get_lc_ctype                             - Undefined Weak Reference
    _get_lc_monetary                          - Undefined Weak Reference
    _get_lc_numeric                           - Undefined Weak Reference
    _get_lc_time                              - Undefined Weak Reference
    _getenv_init                              - Undefined Weak Reference
    _handle_redirection                       - Undefined Weak Reference
    _init_alloc                               - Undefined Weak Reference
    _init_user_alloc                          - Undefined Weak Reference
    _initio                                   - Undefined Weak Reference
    _rand_init                                - Undefined Weak Reference
    _signal_finish                            - Undefined Weak Reference
    _signal_init                              - Undefined Weak Reference
    _terminate_alloc                          - Undefined Weak Reference
    _terminate_user_alloc                     - Undefined Weak Reference
    _terminateio                              - Undefined Weak Reference
    __Vectors_Size                           0x000000ec   Number         0  startup_stm32f103xb.o ABSOLUTE
    __Vectors                                0x08000000   Data           4  startup_stm32f103xb.o(RESET)
    __Vectors_End                            0x080000ec   Data           0  startup_stm32f103xb.o(RESET)
    __main                                   0x080000ed   Thumb Code     8  __main.o(!!!main)
    __scatterload                            0x080000f5   Thumb Code     0  __scatter.o(!!!scatter)
    __scatterload_rt2                        0x080000f5   Thumb Code    44  __scatter.o(!!!scatter)
    __scatterload_rt2_thumb_only             0x080000f5   Thumb Code     0  __scatter.o(!!!scatter)
    __scatterload_null                       0x08000103   Thumb Code     0  __scatter.o(!!!scatter)
    __scatterload_copy                       0x08000129   Thumb Code    26  __scatter_copy.o(!!handler_copy)
    __scatterload_zeroinit                   0x08000145   Thumb Code    28  __scatter_zi.o(!!handler_zi)
    __rt_lib_init                            0x08000161   Thumb Code     0  libinit.o(.ARM.Collect$$libinit$$00000000)
    __rt_lib_init_alloca_1                   0x08000163   Thumb Code     0  libinit2.o(.ARM.Collect$$libinit$$00000030)
    __rt_lib_init_argv_1                     0x08000163   Thumb Code     0  libinit2.o(.ARM.Collect$$libinit$$0000002E)
    __rt_lib_init_atexit_1                   0x08000163   Thumb Code     0  libinit2.o(.ARM.Collect$$libinit$$0000001D)
    __rt_lib_init_clock_1                    0x08000163   Thumb Code     0  libinit2.o(.ARM.Collect$$libinit$$00000023)
    __rt_lib_init_cpp_1                      0x08000163   Thumb Code     0  libinit2.o(.ARM.Collect$$libinit$$00000034)
    __rt_lib_init_exceptions_1               0x08000163   Thumb Code     0  libinit2.o(.ARM.Collect$$libinit$$00000032)
    __rt_lib_init_fp_1                       0x08000163   Thumb Code     0  libinit2.o(.ARM.Collect$$libinit$$00000002)
    __rt_lib_init_fp_trap_1                  0x08000163   Thumb Code     0  libinit2.o(.ARM.Collect$$libinit$$00000021)
    __rt_lib_init_getenv_1                   0x08000163   Thumb Code     0  libinit2.o(.ARM.Collect$$libinit$$00000025)
    __rt_lib_init_heap_1                     0x08000163   Thumb Code     0  libinit2.o(.ARM.Collect$$libinit$$0000000C)
    __rt_lib_init_lc_collate_1               0x08000163   Thumb Code     0  libinit2.o(.ARM.Collect$$libinit$$00000013)
    __rt_lib_init_lc_ctype_1                 0x08000163   Thumb Code     0  libinit2.o(.ARM.Collect$$libinit$$00000015)
    __rt_lib_init_lc_monetary_1              0x08000163   Thumb Code     0  libinit2.o(.ARM.Collect$$libinit$$00000017)
    __rt_lib_init_lc_numeric_1               0x08000163   Thumb Code     0  libinit2.o(.ARM.Collect$$libinit$$00000019)
    __rt_lib_init_lc_time_1                  0x08000163   Thumb Code     0  libinit2.o(.ARM.Collect$$libinit$$0000001B)
    __rt_lib_init_preinit_1                  0x08000163   Thumb Code     0  libinit2.o(.ARM.Collect$$libinit$$00000006)
    __rt_lib_init_rand_1                     0x08000163   Thumb Code     0  libinit2.o(.ARM.Collect$$libinit$$00000010)
    __rt_lib_init_relocate_pie_1             0x08000163   Thumb Code     0  libinit2.o(.ARM.Collect$$libinit$$00000004)
    __rt_lib_init_return                     0x08000163   Thumb Code     0  libinit2.o(.ARM.Collect$$libinit$$00000035)
    __rt_lib_init_signal_1                   0x08000163   Thumb Code     0  libinit2.o(.ARM.Collect$$libinit$$0000001F)
    __rt_lib_init_stdio_1                    0x08000163   Thumb Code     0  libinit2.o(.ARM.Collect$$libinit$$00000027)
    __rt_lib_init_user_alloc_1               0x08000163   Thumb Code     0  libinit2.o(.ARM.Collect$$libinit$$0000000E)
    __rt_lib_shutdown                        0x08000165   Thumb Code     0  libshutdown.o(.ARM.Collect$$libshutdown$$00000000)
    __rt_lib_shutdown_cpp_1                  0x08000167   Thumb Code     0  libshutdown2.o(.ARM.Collect$$libshutdown$$00000002)
    __rt_lib_shutdown_fp_trap_1              0x08000167   Thumb Code     0  libshutdown2.o(.ARM.Collect$$libshutdown$$00000007)
    __rt_lib_shutdown_heap_1                 0x08000167   Thumb Code     0  libshutdown2.o(.ARM.Collect$$libshutdown$$0000000F)
    __rt_lib_shutdown_return                 0x08000167   Thumb Code     0  libshutdown2.o(.ARM.Collect$$libshutdown$$00000010)
    __rt_lib_shutdown_signal_1               0x08000167   Thumb Code     0  libshutdown2.o(.ARM.Collect$$libshutdown$$0000000A)
    __rt_lib_shutdown_stdio_1                0x08000167   Thumb Code     0  libshutdown2.o(.ARM.Collect$$libshutdown$$00000004)
    __rt_lib_shutdown_user_alloc_1           0x08000167   Thumb Code     0  libshutdown2.o(.ARM.Collect$$libshutdown$$0000000C)
    __rt_entry                               0x08000169   Thumb Code     0  __rtentry.o(.ARM.Collect$$rtentry$$00000000)
    __rt_entry_presh_1                       0x08000169   Thumb Code     0  __rtentry2.o(.ARM.Collect$$rtentry$$00000002)
    __rt_entry_sh                            0x08000169   Thumb Code     0  __rtentry4.o(.ARM.Collect$$rtentry$$00000004)
    __rt_entry_li                            0x0800016f   Thumb Code     0  __rtentry2.o(.ARM.Collect$$rtentry$$0000000A)
    __rt_entry_postsh_1                      0x0800016f   Thumb Code     0  __rtentry2.o(.ARM.Collect$$rtentry$$00000009)
    __rt_entry_main                          0x08000173   Thumb Code     0  __rtentry2.o(.ARM.Collect$$rtentry$$0000000D)
    __rt_entry_postli_1                      0x08000173   Thumb Code     0  __rtentry2.o(.ARM.Collect$$rtentry$$0000000C)
    __rt_exit                                0x0800017b   Thumb Code     0  rtexit.o(.ARM.Collect$$rtexit$$00000000)
    __rt_exit_ls                             0x0800017d   Thumb Code     0  rtexit2.o(.ARM.Collect$$rtexit$$00000003)
    __rt_exit_prels_1                        0x0800017d   Thumb Code     0  rtexit2.o(.ARM.Collect$$rtexit$$00000002)
    __rt_exit_exit                           0x08000181   Thumb Code     0  rtexit2.o(.ARM.Collect$$rtexit$$00000004)
    Reset_Handler                            0x08000189   Thumb Code     8  startup_stm32f103xb.o(.text)
    CAN1_SCE_IRQHandler                      0x080001a3   Thumb Code     0  startup_stm32f103xb.o(.text)
    DMA1_Channel1_IRQHandler                 0x080001a3   Thumb Code     0  startup_stm32f103xb.o(.text)
    DMA1_Channel2_IRQHandler                 0x080001a3   Thumb Code     0  startup_stm32f103xb.o(.text)
    DMA1_Channel3_IRQHandler                 0x080001a3   Thumb Code     0  startup_stm32f103xb.o(.text)
    DMA1_Channel4_IRQHandler                 0x080001a3   Thumb Code     0  startup_stm32f103xb.o(.text)
    DMA1_Channel5_IRQHandler                 0x080001a3   Thumb Code     0  startup_stm32f103xb.o(.text)
    DMA1_Channel6_IRQHandler                 0x080001a3   Thumb Code     0  startup_stm32f103xb.o(.text)
    DMA1_Channel7_IRQHandler                 0x080001a3   Thumb Code     0  startup_stm32f103xb.o(.text)
    EXTI0_IRQHandler                         0x080001a3   Thumb Code     0  startup_stm32f103xb.o(.text)
    EXTI15_10_IRQHandler                     0x080001a3   Thumb Code     0  startup_stm32f103xb.o(.text)
    EXTI3_IRQHandler                         0x080001a3   Thumb Code     0  startup_stm32f103xb.o(.text)
    EXTI4_IRQHandler                         0x080001a3   Thumb Code     0  startup_stm32f103xb.o(.text)
    EXTI9_5_IRQHandler                       0x080001a3   Thumb Code     0  startup_stm32f103xb.o(.text)
    FLASH_IRQHandler                         0x080001a3   Thumb Code     0  startup_stm32f103xb.o(.text)
    I2C1_ER_IRQHandler                       0x080001a3   Thumb Code     0  startup_stm32f103xb.o(.text)
    I2C2_ER_IRQHandler                       0x080001a3   Thumb Code     0  startup_stm32f103xb.o(.text)
    I2C2_EV_IRQHandler                       0x080001a3   Thumb Code     0  startup_stm32f103xb.o(.text)
    PVD_IRQHandler                           0x080001a3   Thumb Code     0  startup_stm32f103xb.o(.text)
    RCC_IRQHandler                           0x080001a3   Thumb Code     0  startup_stm32f103xb.o(.text)
    RTC_Alarm_IRQHandler                     0x080001a3   Thumb Code     0  startup_stm32f103xb.o(.text)
    RTC_IRQHandler                           0x080001a3   Thumb Code     0  startup_stm32f103xb.o(.text)
    SPI1_IRQHandler                          0x080001a3   Thumb Code     0  startup_stm32f103xb.o(.text)
    SPI2_IRQHandler                          0x080001a3   Thumb Code     0  startup_stm32f103xb.o(.text)
    TAMPER_IRQHandler                        0x080001a3   Thumb Code     0  startup_stm32f103xb.o(.text)
    TIM1_BRK_IRQHandler                      0x080001a3   Thumb Code     0  startup_stm32f103xb.o(.text)
    TIM1_CC_IRQHandler                       0x080001a3   Thumb Code     0  startup_stm32f103xb.o(.text)
    TIM1_TRG_COM_IRQHandler                  0x080001a3   Thumb Code     0  startup_stm32f103xb.o(.text)
    TIM4_IRQHandler                          0x080001a3   Thumb Code     0  startup_stm32f103xb.o(.text)
    USART1_IRQHandler                        0x080001a3   Thumb Code     0  startup_stm32f103xb.o(.text)
    USART2_IRQHandler                        0x080001a3   Thumb Code     0  startup_stm32f103xb.o(.text)
    USART3_IRQHandler                        0x080001a3   Thumb Code     0  startup_stm32f103xb.o(.text)
    USBWakeUp_IRQHandler                     0x080001a3   Thumb Code     0  startup_stm32f103xb.o(.text)
    USB_HP_CAN1_TX_IRQHandler                0x080001a3   Thumb Code     0  startup_stm32f103xb.o(.text)
    WWDG_IRQHandler                          0x080001a3   Thumb Code     0  startup_stm32f103xb.o(.text)
    __user_initial_stackheap                 0x080001a5   Thumb Code     0  startup_stm32f103xb.o(.text)
    __use_two_region_memory                  0x080001c9   Thumb Code     2  heapauxi.o(.text)
    __rt_heap_escrow$2region                 0x080001cb   Thumb Code     2  heapauxi.o(.text)
    __rt_heap_expand$2region                 0x080001cd   Thumb Code     2  heapauxi.o(.text)
    __read_errno                             0x080001cf   Thumb Code    10  _rserrno.o(.text)
    __set_errno                              0x080001d9   Thumb Code    12  _rserrno.o(.text)
    __aeabi_errno_addr                       0x080001e5   Thumb Code     8  rt_errno_addr_intlibspace.o(.text)
    __errno$intlibspace                      0x080001e5   Thumb Code     0  rt_errno_addr_intlibspace.o(.text)
    __rt_errno_addr$intlibspace              0x080001e5   Thumb Code     0  rt_errno_addr_intlibspace.o(.text)
    __user_libspace                          0x080001ed   Thumb Code     8  libspace.o(.text)
    __user_perproc_libspace                  0x080001ed   Thumb Code     0  libspace.o(.text)
    __user_perthread_libspace                0x080001ed   Thumb Code     0  libspace.o(.text)
    __user_setup_stackheap                   0x080001f5   Thumb Code    74  sys_stackheap_outer.o(.text)
    exit                                     0x0800023f   Thumb Code    18  exit.o(.text)
    _sys_exit                                0x08000251   Thumb Code     8  sys_exit.o(.text)
    __I$use$semihosting                      0x0800025d   Thumb Code     0  use_no_semi.o(.text)
    __use_no_semihosting_swi                 0x0800025d   Thumb Code     2  use_no_semi.o(.text)
    __semihosting_library_function           0x0800025f   Thumb Code     0  indicate_semi.o(.text)
    ADC1_2_IRQHandler                        0x08000261   Thumb Code    12  stm32f1xx_it.o(.text.ADC1_2_IRQHandler)
    ADC_Enable                               0x0800026d   Thumb Code   182  stm32f1xx_hal_adc.o(.text.ADC_Enable)
    BusFault_Handler                         0x08000325   Thumb Code     2  stm32f1xx_it.o(.text.BusFault_Handler)
    CAN1_RX1_IRQHandler                      0x08000329   Thumb Code    12  stm32f1xx_it.o(.text.CAN1_RX1_IRQHandler)
    CLCD_I2C_Init                            0x08000335   Thumb Code   720  clcd_i2c.o(.text.CLCD_I2C_Init)
    DebugMon_Handler                         0x08000605   Thumb Code     2  stm32f1xx_it.o(.text.DebugMon_Handler)
    EXTI1_IRQHandler                         0x08000609   Thumb Code     6  stm32f1xx_it.o(.text.EXTI1_IRQHandler)
    EXTI2_IRQHandler                         0x08000611   Thumb Code     6  stm32f1xx_it.o(.text.EXTI2_IRQHandler)
    HAL_ADCEx_InjectedConvCpltCallback       0x08000619   Thumb Code     2  stm32f1xx_hal_adc_ex.o(.text.HAL_ADCEx_InjectedConvCpltCallback)
    HAL_ADC_ConfigChannel                    0x0800061d   Thumb Code   404  stm32f1xx_hal_adc.o(.text.HAL_ADC_ConfigChannel)
    HAL_ADC_ConvCpltCallback                 0x080007b1   Thumb Code     2  stm32f1xx_hal_adc.o(.text.HAL_ADC_ConvCpltCallback)
    HAL_ADC_IRQHandler                       0x080007b5   Thumb Code   238  stm32f1xx_hal_adc.o(.text.HAL_ADC_IRQHandler)
    HAL_ADC_Init                             0x080008a5   Thumb Code   348  stm32f1xx_hal_adc.o(.text.HAL_ADC_Init)
    HAL_ADC_LevelOutOfWindowCallback         0x08000a01   Thumb Code     2  stm32f1xx_hal_adc.o(.text.HAL_ADC_LevelOutOfWindowCallback)
    HAL_ADC_MspInit                          0x08000a05   Thumb Code   114  stm32f1xx_hal_msp.o(.text.HAL_ADC_MspInit)
    HAL_ADC_Start                            0x08000a79   Thumb Code   204  stm32f1xx_hal_adc.o(.text.HAL_ADC_Start)
    HAL_CAN_ActivateNotification             0x08000b45   Thumb Code    46  stm32f1xx_hal_can.o(.text.HAL_CAN_ActivateNotification)
    HAL_CAN_ConfigFilter                     0x08000b75   Thumb Code   234  stm32f1xx_hal_can.o(.text.HAL_CAN_ConfigFilter)
    HAL_CAN_ErrorCallback                    0x08000c61   Thumb Code     2  stm32f1xx_hal_can.o(.text.HAL_CAN_ErrorCallback)
    HAL_CAN_GetRxMessage                     0x08000c65   Thumb Code   308  stm32f1xx_hal_can.o(.text.HAL_CAN_GetRxMessage)
    HAL_CAN_IRQHandler                       0x08000d99   Thumb Code   606  stm32f1xx_hal_can.o(.text.HAL_CAN_IRQHandler)
    HAL_CAN_Init                             0x08000ff9   Thumb Code   244  stm32f1xx_hal_can.o(.text.HAL_CAN_Init)
    HAL_CAN_MspInit                          0x080010ed   Thumb Code   154  stm32f1xx_hal_msp.o(.text.HAL_CAN_MspInit)
    HAL_CAN_RxFifo0FullCallback              0x08001189   Thumb Code     2  stm32f1xx_hal_can.o(.text.HAL_CAN_RxFifo0FullCallback)
    HAL_CAN_RxFifo0MsgPendingCallback        0x0800118d   Thumb Code    68  main.o(.text.HAL_CAN_RxFifo0MsgPendingCallback)
    HAL_CAN_RxFifo1FullCallback              0x080011d1   Thumb Code     2  stm32f1xx_hal_can.o(.text.HAL_CAN_RxFifo1FullCallback)
    HAL_CAN_RxFifo1MsgPendingCallback        0x080011d5   Thumb Code     2  stm32f1xx_hal_can.o(.text.HAL_CAN_RxFifo1MsgPendingCallback)
    HAL_CAN_SleepCallback                    0x080011d9   Thumb Code     2  stm32f1xx_hal_can.o(.text.HAL_CAN_SleepCallback)
    HAL_CAN_Start                            0x080011dd   Thumb Code    90  stm32f1xx_hal_can.o(.text.HAL_CAN_Start)
    HAL_CAN_TxMailbox0AbortCallback          0x08001239   Thumb Code     2  stm32f1xx_hal_can.o(.text.HAL_CAN_TxMailbox0AbortCallback)
    HAL_CAN_TxMailbox0CompleteCallback       0x0800123d   Thumb Code     2  stm32f1xx_hal_can.o(.text.HAL_CAN_TxMailbox0CompleteCallback)
    HAL_CAN_TxMailbox1AbortCallback          0x08001241   Thumb Code     2  stm32f1xx_hal_can.o(.text.HAL_CAN_TxMailbox1AbortCallback)
    HAL_CAN_TxMailbox1CompleteCallback       0x08001245   Thumb Code     2  stm32f1xx_hal_can.o(.text.HAL_CAN_TxMailbox1CompleteCallback)
    HAL_CAN_TxMailbox2AbortCallback          0x08001249   Thumb Code     2  stm32f1xx_hal_can.o(.text.HAL_CAN_TxMailbox2AbortCallback)
    HAL_CAN_TxMailbox2CompleteCallback       0x0800124d   Thumb Code     2  stm32f1xx_hal_can.o(.text.HAL_CAN_TxMailbox2CompleteCallback)
    HAL_CAN_WakeUpFromRxMsgCallback          0x08001251   Thumb Code     2  stm32f1xx_hal_can.o(.text.HAL_CAN_WakeUpFromRxMsgCallback)
    HAL_DMA_Abort_IT                         0x08001255   Thumb Code   178  stm32f1xx_hal_dma.o(.text.HAL_DMA_Abort_IT)
    HAL_DMA_GetState                         0x08001309   Thumb Code     6  stm32f1xx_hal_dma.o(.text.HAL_DMA_GetState)
    HAL_Delay                                0x08001311   Thumb Code    40  stm32f1xx_hal.o(.text.HAL_Delay)
    HAL_GPIO_EXTI_Callback                   0x08001339   Thumb Code    38  main.o(.text.HAL_GPIO_EXTI_Callback)
    HAL_GPIO_EXTI_IRQHandler                 0x08001361   Thumb Code    22  stm32f1xx_hal_gpio.o(.text.HAL_GPIO_EXTI_IRQHandler)
    HAL_GPIO_Init                            0x08001379   Thumb Code   530  stm32f1xx_hal_gpio.o(.text.HAL_GPIO_Init)
    HAL_GPIO_TogglePin                       0x0800158d   Thumb Code    16  stm32f1xx_hal_gpio.o(.text.HAL_GPIO_TogglePin)
    HAL_GPIO_WritePin                        0x0800159d   Thumb Code    10  stm32f1xx_hal_gpio.o(.text.HAL_GPIO_WritePin)
    HAL_GetTick                              0x080015a9   Thumb Code    12  stm32f1xx_hal.o(.text.HAL_GetTick)
    HAL_I2C_AbortCpltCallback                0x080015b5   Thumb Code     2  stm32f1xx_hal_i2c.o(.text.HAL_I2C_AbortCpltCallback)
    HAL_I2C_AddrCallback                     0x080015b9   Thumb Code     2  stm32f1xx_hal_i2c.o(.text.HAL_I2C_AddrCallback)
    HAL_I2C_EV_IRQHandler                    0x080015bd   Thumb Code  1632  stm32f1xx_hal_i2c.o(.text.HAL_I2C_EV_IRQHandler)
    HAL_I2C_ErrorCallback                    0x08001c1d   Thumb Code     2  stm32f1xx_hal_i2c.o(.text.HAL_I2C_ErrorCallback)
    HAL_I2C_Init                             0x08001c21   Thumb Code   374  stm32f1xx_hal_i2c.o(.text.HAL_I2C_Init)
    HAL_I2C_ListenCpltCallback               0x08001d99   Thumb Code     2  stm32f1xx_hal_i2c.o(.text.HAL_I2C_ListenCpltCallback)
    HAL_I2C_MasterRxCpltCallback             0x08001d9d   Thumb Code     2  stm32f1xx_hal_i2c.o(.text.HAL_I2C_MasterRxCpltCallback)
    HAL_I2C_MasterTxCpltCallback             0x08001da1   Thumb Code     2  stm32f1xx_hal_i2c.o(.text.HAL_I2C_MasterTxCpltCallback)
    HAL_I2C_Master_Transmit                  0x08001da5   Thumb Code   468  stm32f1xx_hal_i2c.o(.text.HAL_I2C_Master_Transmit)
    HAL_I2C_MemRxCpltCallback                0x08001f79   Thumb Code     2  stm32f1xx_hal_i2c.o(.text.HAL_I2C_MemRxCpltCallback)
    HAL_I2C_MemTxCpltCallback                0x08001f7d   Thumb Code     2  stm32f1xx_hal_i2c.o(.text.HAL_I2C_MemTxCpltCallback)
    HAL_I2C_Mem_Read                         0x08001f81   Thumb Code   842  stm32f1xx_hal_i2c.o(.text.HAL_I2C_Mem_Read)
    HAL_I2C_Mem_Write                        0x080022cd   Thumb Code   344  stm32f1xx_hal_i2c.o(.text.HAL_I2C_Mem_Write)
    HAL_I2C_MspInit                          0x08002425   Thumb Code   114  stm32f1xx_hal_msp.o(.text.HAL_I2C_MspInit)
    HAL_I2C_SlaveRxCpltCallback              0x08002499   Thumb Code     2  stm32f1xx_hal_i2c.o(.text.HAL_I2C_SlaveRxCpltCallback)
    HAL_I2C_SlaveTxCpltCallback              0x0800249d   Thumb Code     2  stm32f1xx_hal_i2c.o(.text.HAL_I2C_SlaveTxCpltCallback)
    HAL_IncTick                              0x080024a1   Thumb Code    26  stm32f1xx_hal.o(.text.HAL_IncTick)
    HAL_Init                                 0x080024bd   Thumb Code    38  stm32f1xx_hal.o(.text.HAL_Init)
    HAL_InitTick                             0x080024e5   Thumb Code    72  stm32f1xx_hal.o(.text.HAL_InitTick)
    HAL_MspInit                              0x0800252d   Thumb Code    66  stm32f1xx_hal_msp.o(.text.HAL_MspInit)
    HAL_NVIC_EnableIRQ                       0x08002571   Thumb Code    32  stm32f1xx_hal_cortex.o(.text.HAL_NVIC_EnableIRQ)
    HAL_NVIC_SetPriority                     0x08002591   Thumb Code    86  stm32f1xx_hal_cortex.o(.text.HAL_NVIC_SetPriority)
    HAL_NVIC_SetPriorityGrouping             0x080025e9   Thumb Code    32  stm32f1xx_hal_cortex.o(.text.HAL_NVIC_SetPriorityGrouping)
    HAL_RCCEx_PeriphCLKConfig                0x08002609   Thumb Code   266  stm32f1xx_hal_rcc_ex.o(.text.HAL_RCCEx_PeriphCLKConfig)
    HAL_RCC_ClockConfig                      0x08002715   Thumb Code   446  stm32f1xx_hal_rcc.o(.text.HAL_RCC_ClockConfig)
    HAL_RCC_GetPCLK1Freq                     0x080028d5   Thumb Code    38  stm32f1xx_hal_rcc.o(.text.HAL_RCC_GetPCLK1Freq)
    HAL_RCC_OscConfig                        0x080028fd   Thumb Code   948  stm32f1xx_hal_rcc.o(.text.HAL_RCC_OscConfig)
    HAL_SYSTICK_Config                       0x08002cb1   Thumb Code    44  stm32f1xx_hal_cortex.o(.text.HAL_SYSTICK_Config)
    HAL_TIMEx_BreakCallback                  0x08002cdd   Thumb Code     2  stm32f1xx_hal_tim_ex.o(.text.HAL_TIMEx_BreakCallback)
    HAL_TIMEx_CommutCallback                 0x08002ce1   Thumb Code     2  stm32f1xx_hal_tim_ex.o(.text.HAL_TIMEx_CommutCallback)
    HAL_TIMEx_MasterConfigSynchronization    0x08002ce5   Thumb Code   122  stm32f1xx_hal_tim_ex.o(.text.HAL_TIMEx_MasterConfigSynchronization)
    HAL_TIM_Base_Init                        0x08002d61   Thumb Code   236  stm32f1xx_hal_tim.o(.text.HAL_TIM_Base_Init)
    HAL_TIM_Base_MspInit                     0x08002e4d   Thumb Code   124  stm32f1xx_hal_msp.o(.text.HAL_TIM_Base_MspInit)
    HAL_TIM_Base_Start_IT                    0x08002ec9   Thumb Code   110  stm32f1xx_hal_tim.o(.text.HAL_TIM_Base_Start_IT)
    HAL_TIM_ConfigClockSource                0x08002f39   Thumb Code   412  stm32f1xx_hal_tim.o(.text.HAL_TIM_ConfigClockSource)
    HAL_TIM_Encoder_Init                     0x080030d5   Thumb Code   332  stm32f1xx_hal_tim.o(.text.HAL_TIM_Encoder_Init)
    HAL_TIM_Encoder_MspInit                  0x08003221   Thumb Code   176  stm32f1xx_hal_msp.o(.text.HAL_TIM_Encoder_MspInit)
    HAL_TIM_Encoder_Start                    0x080032d1   Thumb Code   188  stm32f1xx_hal_tim.o(.text.HAL_TIM_Encoder_Start)
    HAL_TIM_IC_CaptureCallback               0x0800338d   Thumb Code     2  stm32f1xx_hal_tim.o(.text.HAL_TIM_IC_CaptureCallback)
    HAL_TIM_IRQHandler                       0x08003391   Thumb Code   368  stm32f1xx_hal_tim.o(.text.HAL_TIM_IRQHandler)
    HAL_TIM_MspPostInit                      0x08003501   Thumb Code    78  stm32f1xx_hal_msp.o(.text.HAL_TIM_MspPostInit)
    HAL_TIM_OC_DelayElapsedCallback          0x08003551   Thumb Code     2  stm32f1xx_hal_tim.o(.text.HAL_TIM_OC_DelayElapsedCallback)
    HAL_TIM_PWM_ConfigChannel                0x08003555   Thumb Code   516  stm32f1xx_hal_tim.o(.text.HAL_TIM_PWM_ConfigChannel)
    HAL_TIM_PWM_Init                         0x08003759   Thumb Code   236  stm32f1xx_hal_tim.o(.text.HAL_TIM_PWM_Init)
    HAL_TIM_PWM_MspInit                      0x08003845   Thumb Code     2  stm32f1xx_hal_tim.o(.text.HAL_TIM_PWM_MspInit)
    HAL_TIM_PWM_PulseFinishedCallback        0x08003849   Thumb Code     2  stm32f1xx_hal_tim.o(.text.HAL_TIM_PWM_PulseFinishedCallback)
    HAL_TIM_PWM_Start                        0x0800384d   Thumb Code   222  stm32f1xx_hal_tim.o(.text.HAL_TIM_PWM_Start)
    HAL_TIM_PeriodElapsedCallback            0x0800392d   Thumb Code   314  main.o(.text.HAL_TIM_PeriodElapsedCallback)
    HAL_TIM_TriggerCallback                  0x08003a69   Thumb Code     2  stm32f1xx_hal_tim.o(.text.HAL_TIM_TriggerCallback)
    HardFault_Handler                        0x08003a6d   Thumb Code     2  stm32f1xx_it.o(.text.HardFault_Handler)
    I2C1_EV_IRQHandler                       0x08003a71   Thumb Code    12  stm32f1xx_it.o(.text.I2C1_EV_IRQHandler)
    MPU6050_Init                             0x080047f5   Thumb Code   206  mpu6050.o(.text.MPU6050_Init)
    MPU6050_Read_Angle                       0x080048c5   Thumb Code   612  mpu6050.o(.text.MPU6050_Read_Angle)
    MPU6050_Read_Data                        0x08004b29   Thumb Code   680  mpu6050.o(.text.MPU6050_Read_Data)
    MemManage_Handler                        0x08004dd1   Thumb Code     2  stm32f1xx_it.o(.text.MemManage_Handler)
    NMI_Handler                              0x08004dd5   Thumb Code     2  stm32f1xx_it.o(.text.NMI_Handler)
    PendSV_Handler                           0x08004dd9   Thumb Code     2  stm32f1xx_it.o(.text.PendSV_Handler)
    SVC_Handler                              0x08004ddd   Thumb Code     2  stm32f1xx_it.o(.text.SVC_Handler)
    SysTick_Handler                          0x08004de1   Thumb Code     4  stm32f1xx_it.o(.text.SysTick_Handler)
    SystemInit                               0x08004de5   Thumb Code     2  system_stm32f1xx.o(.text.SystemInit)
    TIM1_UP_IRQHandler                       0x08004de9   Thumb Code    12  stm32f1xx_it.o(.text.TIM1_UP_IRQHandler)
    TIM2_IRQHandler                          0x08004df5   Thumb Code    12  stm32f1xx_it.o(.text.TIM2_IRQHandler)
    TIM3_IRQHandler                          0x08004e01   Thumb Code    12  stm32f1xx_it.o(.text.TIM3_IRQHandler)
    USB_LP_CAN1_RX0_IRQHandler               0x08004e0d   Thumb Code    12  stm32f1xx_it.o(.text.USB_LP_CAN1_RX0_IRQHandler)
    UsageFault_Handler                       0x08004e19   Thumb Code     2  stm32f1xx_it.o(.text.UsageFault_Handler)
    dc_motor_control                         0x08004e1d   Thumb Code   346  main.o(.text.dc_motor_control)
    main                                     0x08004f79   Thumb Code  1232  main.o(.text.main)
    __ARM_fpclassify                         0x08005449   Thumb Code    40  fpclassify.o(i.__ARM_fpclassify)
    __kernel_poly                            0x08005471   Thumb Code   170  poly.o(i.__kernel_poly)
    __mathlib_dbl_infnan                     0x0800551b   Thumb Code     6  dunder.o(i.__mathlib_dbl_infnan)
    __mathlib_dbl_underflow                  0x08005521   Thumb Code    10  dunder.o(i.__mathlib_dbl_underflow)
    atan                                     0x08005531   Thumb Code   474  atan.o(i.atan)
    sqrt                                     0x08005751   Thumb Code    76  sqrt.o(i.sqrt)
    __aeabi_d2f                              0x0800579d   Thumb Code     0  d2f.o(x$fpl$d2f)
    _d2f                                     0x0800579d   Thumb Code    98  d2f.o(x$fpl$d2f)
    __aeabi_dadd                             0x08005801   Thumb Code     0  daddsub_clz.o(x$fpl$dadd)
    _dadd                                    0x08005801   Thumb Code   332  daddsub_clz.o(x$fpl$dadd)
    __fpl_dcheck_NaN1                        0x08005951   Thumb Code    10  dcheck1.o(x$fpl$dcheck1)
    __aeabi_ddiv                             0x08005961   Thumb Code     0  ddiv.o(x$fpl$ddiv)
    _ddiv                                    0x08005961   Thumb Code   556  ddiv.o(x$fpl$ddiv)
    __aeabi_d2iz                             0x08005c15   Thumb Code     0  dfix.o(x$fpl$dfix)
    _dfix                                    0x08005c15   Thumb Code    94  dfix.o(x$fpl$dfix)
    __aeabi_i2d                              0x08005c73   Thumb Code     0  dflt_clz.o(x$fpl$dflt)
    _dflt                                    0x08005c73   Thumb Code    46  dflt_clz.o(x$fpl$dflt)
    __aeabi_ui2d                             0x08005ca1   Thumb Code     0  dflt_clz.o(x$fpl$dfltu)
    _dfltu                                   0x08005ca1   Thumb Code    38  dflt_clz.o(x$fpl$dfltu)
    __aeabi_dmul                             0x08005cc9   Thumb Code     0  dmul.o(x$fpl$dmul)
    _dmul                                    0x08005cc9   Thumb Code   332  dmul.o(x$fpl$dmul)
    __fpl_dnaninf                            0x08005e1d   Thumb Code   156  dnaninf.o(x$fpl$dnaninf)
    __fpl_dretinf                            0x08005eb9   Thumb Code    12  dretinf.o(x$fpl$dretinf)
    __aeabi_drsub                            0x08005ec5   Thumb Code     0  daddsub_clz.o(x$fpl$drsb)
    _drsb                                    0x08005ec5   Thumb Code    22  daddsub_clz.o(x$fpl$drsb)
    _dsqrt                                   0x08005edd   Thumb Code   456  dsqrt_noumaal.o(x$fpl$dsqrt)
    __aeabi_dsub                             0x080060a9   Thumb Code     0  daddsub_clz.o(x$fpl$dsub)
    _dsub                                    0x080060a9   Thumb Code   472  daddsub_clz.o(x$fpl$dsub)
    __aeabi_f2d                              0x08006285   Thumb Code     0  f2d.o(x$fpl$f2d)
    _f2d                                     0x08006285   Thumb Code    86  f2d.o(x$fpl$f2d)
    __aeabi_fadd                             0x080062dd   Thumb Code     0  faddsub_clz.o(x$fpl$fadd)
    _fadd                                    0x080062dd   Thumb Code   196  faddsub_clz.o(x$fpl$fadd)
    __aeabi_fcmpeq                           0x080063a1   Thumb Code     0  fcmp.o(x$fpl$fcmp)
    _feq                                     0x080063a1   Thumb Code    14  fcmp.o(x$fpl$fcmp)
    _fneq                                    0x080063af   Thumb Code    14  fcmp.o(x$fpl$fcmp)
    __aeabi_fcmpgt                           0x080063bd   Thumb Code     0  fcmp.o(x$fpl$fcmp)
    _fgr                                     0x080063bd   Thumb Code    14  fcmp.o(x$fpl$fcmp)
    __aeabi_fcmpge                           0x080063cb   Thumb Code     0  fcmp.o(x$fpl$fcmp)
    _fgeq                                    0x080063cb   Thumb Code    14  fcmp.o(x$fpl$fcmp)
    __aeabi_fcmple                           0x080063d9   Thumb Code     0  fcmp.o(x$fpl$fcmp)
    _fleq                                    0x080063d9   Thumb Code    14  fcmp.o(x$fpl$fcmp)
    __aeabi_fcmplt                           0x080063e7   Thumb Code     0  fcmp.o(x$fpl$fcmp)
    _fls                                     0x080063e7   Thumb Code    14  fcmp.o(x$fpl$fcmp)
    __fpl_fcmp_Inf                           0x080063f5   Thumb Code    24  fcmpi.o(x$fpl$fcmpinf)
    __aeabi_fdiv                             0x0800640d   Thumb Code     0  fdiv.o(x$fpl$fdiv)
    _fdiv                                    0x0800640d   Thumb Code   384  fdiv.o(x$fpl$fdiv)
    __aeabi_cfcmpeq                          0x08006591   Thumb Code     0  feqf.o(x$fpl$feqf)
    _fcmpeq                                  0x08006591   Thumb Code   104  feqf.o(x$fpl$feqf)
    __aeabi_f2iz                             0x080065f9   Thumb Code     0  ffix.o(x$fpl$ffix)
    _ffix                                    0x080065f9   Thumb Code    54  ffix.o(x$fpl$ffix)
    __aeabi_i2f                              0x08006631   Thumb Code     0  fflt_clz.o(x$fpl$fflt)
    _fflt                                    0x08006631   Thumb Code    48  fflt_clz.o(x$fpl$fflt)
    _fcmpge                                  0x08006661   Thumb Code   104  fgeqf.o(x$fpl$fgeqf)
    __aeabi_cfcmple                          0x080066c9   Thumb Code     0  fleqf.o(x$fpl$fleqf)
    _fcmple                                  0x080066c9   Thumb Code   104  fleqf.o(x$fpl$fleqf)
    __fpl_fcmple_InfNaN                      0x0800671b   Thumb Code     0  fleqf.o(x$fpl$fleqf)
    __aeabi_fmul                             0x08006731   Thumb Code     0  fmul.o(x$fpl$fmul)
    _fmul                                    0x08006731   Thumb Code   258  fmul.o(x$fpl$fmul)
    __fpl_fnaninf                            0x08006833   Thumb Code   140  fnaninf.o(x$fpl$fnaninf)
    __fpl_fretinf                            0x080068bf   Thumb Code    10  fretinf.o(x$fpl$fretinf)
    __aeabi_fsub                             0x080068c9   Thumb Code     0  faddsub_clz.o(x$fpl$fsub)
    _fsub                                    0x080068c9   Thumb Code   234  faddsub_clz.o(x$fpl$fsub)
    __fpl_return_NaN                         0x080069b3   Thumb Code   100  retnan.o(x$fpl$retnan)
    __ARM_scalbn                             0x08006a17   Thumb Code    92  scalbn.o(x$fpl$scalbn)
    __fpl_cmpreturn                          0x08006a73   Thumb Code    48  trapv.o(x$fpl$trapveneer)
    __I$use$fp                               0x08006aa2   Number         0  usenofp.o(x$fpl$usenofp)
    AHBPrescTable                            0x08006b40   Data          16  system_stm32f1xx.o(.rodata.AHBPrescTable)
    APBPrescTable                            0x08006b50   Data           8  system_stm32f1xx.o(.rodata.APBPrescTable)
    Region$$Table$$Base                      0x08006b6c   Number         0  anon$$obj.o(Region$$Table)
    Region$$Table$$Limit                     0x08006b8c   Number         0  anon$$obj.o(Region$$Table)
    Kp                                       0x20000000   Data           4  main.o(.data..L_MergedGlobals)
    Ts                                       0x20000004   Data           4  main.o(.data..L_MergedGlobals)
    uwTickFreq                               0x20000008   Data           1  stm32f1xx_hal.o(.data..L_MergedGlobals)
    uwTickPrio                               0x2000000c   Data           4  stm32f1xx_hal.o(.data..L_MergedGlobals)
    SystemCoreClock                          0x20000010   Data           4  system_stm32f1xx.o(.data.SystemCoreClock)
    count                                    0x20000014   Data           4  main.o(.data.count)
    __libspace_start                         0x20000018   Data          96  libspace.o(.bss)
    __temporary_stack_top$libspace           0x20000078   Data           0  libspace.o(.bss)
    timer                                    0x20000078   Data           2  mpu6050.o(.bss..L_MergedGlobals)
    samples                                  0x2000007a   Data           2  mpu6050.o(.bss..L_MergedGlobals)
    gyro_x_offset                            0x2000007c   Data           2  mpu6050.o(.bss..L_MergedGlobals)
    gyro_y_offset                            0x2000007e   Data           2  mpu6050.o(.bss..L_MergedGlobals)
    gyro_z_offset                            0x20000080   Data           2  mpu6050.o(.bss..L_MergedGlobals)
    dt                                       0x20000088   Data           8  mpu6050.o(.bss..L_MergedGlobals)
    mode                                     0x20000090   Data           1  main.o(.bss..L_MergedGlobals.1)
    encoderGet                               0x20000092   Data           2  main.o(.bss..L_MergedGlobals.1)
    pwmValueCW                               0x20000094   Data           2  main.o(.bss..L_MergedGlobals.1)
    pwmValueCCW                              0x20000096   Data           2  main.o(.bss..L_MergedGlobals.1)
    encoderValue                             0x20000098   Data           4  main.o(.bss..L_MergedGlobals.1)
    last_encoderValue                        0x2000009c   Data           4  main.o(.bss..L_MergedGlobals.1)
    rpm                                      0x200000a0   Data           4  main.o(.bss..L_MergedGlobals.1)
    mps                                      0x200000a4   Data           4  main.o(.bss..L_MergedGlobals.1)
    posInRad                                 0x200000a8   Data           4  main.o(.bss..L_MergedGlobals.1)
    posInMeter                               0x200000ac   Data           4  main.o(.bss..L_MergedGlobals.1)
    Ki                                       0x200000b0   Data           4  main.o(.bss..L_MergedGlobals.1)
    Kd                                       0x200000b4   Data           4  main.o(.bss..L_MergedGlobals.1)
    prev_error                               0x200000b8   Data           4  main.o(.bss..L_MergedGlobals.1)
    integral                                 0x200000bc   Data           4  main.o(.bss..L_MergedGlobals.1)
    setpoint                                 0x200000c0   Data           4  main.o(.bss..L_MergedGlobals.1)
    direction                                0x200000c4   Data           4  main.o(.bss..L_MergedGlobals.1)
    output                                   0x200000c8   Data           4  main.o(.bss..L_MergedGlobals.1)
    TxMailbox                                0x200000cc   Data           4  main.o(.bss..L_MergedGlobals.1)
    RxData                                   0x200000d0   Data           8  main.o(.bss..L_MergedGlobals.1)
    RxDataAile                               0x200000d8   Data           8  main.o(.bss..L_MergedGlobals.1)
    LCD1                                     0x200000e0   Data          12  main.o(.bss..L_MergedGlobals.1)
    TxHeader                                 0x200000ec   Data          24  main.o(.bss..L_MergedGlobals.1)
    RxHeader                                 0x20000104   Data          28  main.o(.bss..L_MergedGlobals.2)
    Angle                                    0x20000120   Data          36  main.o(.bss..L_MergedGlobals.2)
    hcan                                     0x20000144   Data          40  main.o(.bss..L_MergedGlobals.2)
    Raw                                      0x2000016c   Data          44  main.o(.bss..L_MergedGlobals.3)
    hadc1                                    0x20000198   Data          48  main.o(.bss..L_MergedGlobals.3)
    hi2c1                                    0x200001c8   Data          84  main.o(.bss.hi2c1)
    htim1                                    0x2000021c   Data          72  main.o(.bss.htim1)
    htim2                                    0x20000264   Data          72  main.o(.bss.htim2)
    htim3                                    0x200002ac   Data          72  main.o(.bss.htim3)
    uwTick                                   0x200002f4   Data           4  stm32f1xx_hal.o(.bss.uwTick)



==============================================================================

Memory Map of the image

  Image Entry point : 0x080000ed

  Load Region LR_IROM1 (Base: 0x08000000, Size: 0x00006ba8, Max: 0x00010000, ABSOLUTE)

    Execution Region ER_IROM1 (Exec base: 0x08000000, Load base: 0x08000000, Size: 0x00006b8c, Max: 0x00010000, ABSOLUTE)

    Exec Addr    Load Addr    Size         Type   Attr      Idx    E Section Name        Object

    0x08000000   0x08000000   0x000000ec   Data   RO            3    RESET               startup_stm32f103xb.o
    0x080000ec   0x080000ec   0x00000008   Code   RO         1183  * !!!main             c_w.l(__main.o)
    0x080000f4   0x080000f4   0x00000034   Code   RO         1459    !!!scatter          c_w.l(__scatter.o)
    0x08000128   0x08000128   0x0000001a   Code   RO         1461    !!handler_copy      c_w.l(__scatter_copy.o)
    0x08000142   0x08000142   0x00000002   PAD
    0x08000144   0x08000144   0x0000001c   Code   RO         1463    !!handler_zi        c_w.l(__scatter_zi.o)
    0x08000160   0x08000160   0x00000002   Code   RO         1320    .ARM.Collect$$libinit$$00000000  c_w.l(libinit.o)
    0x08000162   0x08000162   0x00000000   Code   RO         1326    .ARM.Collect$$libinit$$00000002  c_w.l(libinit2.o)
    0x08000162   0x08000162   0x00000000   Code   RO         1328    .ARM.Collect$$libinit$$00000004  c_w.l(libinit2.o)
    0x08000162   0x08000162   0x00000000   Code   RO         1330    .ARM.Collect$$libinit$$00000006  c_w.l(libinit2.o)
    0x08000162   0x08000162   0x00000000   Code   RO         1333    .ARM.Collect$$libinit$$0000000C  c_w.l(libinit2.o)
    0x08000162   0x08000162   0x00000000   Code   RO         1335    .ARM.Collect$$libinit$$0000000E  c_w.l(libinit2.o)
    0x08000162   0x08000162   0x00000000   Code   RO         1337    .ARM.Collect$$libinit$$00000010  c_w.l(libinit2.o)
    0x08000162   0x08000162   0x00000000   Code   RO         1340    .ARM.Collect$$libinit$$00000013  c_w.l(libinit2.o)
    0x08000162   0x08000162   0x00000000   Code   RO         1342    .ARM.Collect$$libinit$$00000015  c_w.l(libinit2.o)
    0x08000162   0x08000162   0x00000000   Code   RO         1344    .ARM.Collect$$libinit$$00000017  c_w.l(libinit2.o)
    0x08000162   0x08000162   0x00000000   Code   RO         1346    .ARM.Collect$$libinit$$00000019  c_w.l(libinit2.o)
    0x08000162   0x08000162   0x00000000   Code   RO         1348    .ARM.Collect$$libinit$$0000001B  c_w.l(libinit2.o)
    0x08000162   0x08000162   0x00000000   Code   RO         1350    .ARM.Collect$$libinit$$0000001D  c_w.l(libinit2.o)
    0x08000162   0x08000162   0x00000000   Code   RO         1352    .ARM.Collect$$libinit$$0000001F  c_w.l(libinit2.o)
    0x08000162   0x08000162   0x00000000   Code   RO         1354    .ARM.Collect$$libinit$$00000021  c_w.l(libinit2.o)
    0x08000162   0x08000162   0x00000000   Code   RO         1356    .ARM.Collect$$libinit$$00000023  c_w.l(libinit2.o)
    0x08000162   0x08000162   0x00000000   Code   RO         1358    .ARM.Collect$$libinit$$00000025  c_w.l(libinit2.o)
    0x08000162   0x08000162   0x00000000   Code   RO         1360    .ARM.Collect$$libinit$$00000027  c_w.l(libinit2.o)
    0x08000162   0x08000162   0x00000000   Code   RO         1364    .ARM.Collect$$libinit$$0000002E  c_w.l(libinit2.o)
    0x08000162   0x08000162   0x00000000   Code   RO         1366    .ARM.Collect$$libinit$$00000030  c_w.l(libinit2.o)
    0x08000162   0x08000162   0x00000000   Code   RO         1368    .ARM.Collect$$libinit$$00000032  c_w.l(libinit2.o)
    0x08000162   0x08000162   0x00000000   Code   RO         1370    .ARM.Collect$$libinit$$00000034  c_w.l(libinit2.o)
    0x08000162   0x08000162   0x00000002   Code   RO         1371    .ARM.Collect$$libinit$$00000035  c_w.l(libinit2.o)
    0x08000164   0x08000164   0x00000002   Code   RO         1395    .ARM.Collect$$libshutdown$$00000000  c_w.l(libshutdown.o)
    0x08000166   0x08000166   0x00000000   Code   RO         1410    .ARM.Collect$$libshutdown$$00000002  c_w.l(libshutdown2.o)
    0x08000166   0x08000166   0x00000000   Code   RO         1412    .ARM.Collect$$libshutdown$$00000004  c_w.l(libshutdown2.o)
    0x08000166   0x08000166   0x00000000   Code   RO         1415    .ARM.Collect$$libshutdown$$00000007  c_w.l(libshutdown2.o)
    0x08000166   0x08000166   0x00000000   Code   RO         1418    .ARM.Collect$$libshutdown$$0000000A  c_w.l(libshutdown2.o)
    0x08000166   0x08000166   0x00000000   Code   RO         1420    .ARM.Collect$$libshutdown$$0000000C  c_w.l(libshutdown2.o)
    0x08000166   0x08000166   0x00000000   Code   RO         1423    .ARM.Collect$$libshutdown$$0000000F  c_w.l(libshutdown2.o)
    0x08000166   0x08000166   0x00000002   Code   RO         1424    .ARM.Collect$$libshutdown$$00000010  c_w.l(libshutdown2.o)
    0x08000168   0x08000168   0x00000000   Code   RO         1244    .ARM.Collect$$rtentry$$00000000  c_w.l(__rtentry.o)
    0x08000168   0x08000168   0x00000000   Code   RO         1285    .ARM.Collect$$rtentry$$00000002  c_w.l(__rtentry2.o)
    0x08000168   0x08000168   0x00000006   Code   RO         1297    .ARM.Collect$$rtentry$$00000004  c_w.l(__rtentry4.o)
    0x0800016e   0x0800016e   0x00000000   Code   RO         1287    .ARM.Collect$$rtentry$$00000009  c_w.l(__rtentry2.o)
    0x0800016e   0x0800016e   0x00000004   Code   RO         1288    .ARM.Collect$$rtentry$$0000000A  c_w.l(__rtentry2.o)
    0x08000172   0x08000172   0x00000000   Code   RO         1290    .ARM.Collect$$rtentry$$0000000C  c_w.l(__rtentry2.o)
    0x08000172   0x08000172   0x00000008   Code   RO         1291    .ARM.Collect$$rtentry$$0000000D  c_w.l(__rtentry2.o)
    0x0800017a   0x0800017a   0x00000002   Code   RO         1323    .ARM.Collect$$rtexit$$00000000  c_w.l(rtexit.o)
    0x0800017c   0x0800017c   0x00000000   Code   RO         1375    .ARM.Collect$$rtexit$$00000002  c_w.l(rtexit2.o)
    0x0800017c   0x0800017c   0x00000004   Code   RO         1376    .ARM.Collect$$rtexit$$00000003  c_w.l(rtexit2.o)
    0x08000180   0x08000180   0x00000006   Code   RO         1377    .ARM.Collect$$rtexit$$00000004  c_w.l(rtexit2.o)
    0x08000186   0x08000186   0x00000002   PAD
    0x08000188   0x08000188   0x00000040   Code   RO            4    .text               startup_stm32f103xb.o
    0x080001c8   0x080001c8   0x00000006   Code   RO         1181    .text               c_w.l(heapauxi.o)
    0x080001ce   0x080001ce   0x00000016   Code   RO         1245    .text               c_w.l(_rserrno.o)
    0x080001e4   0x080001e4   0x00000008   Code   RO         1302    .text               c_w.l(rt_errno_addr_intlibspace.o)
    0x080001ec   0x080001ec   0x00000008   Code   RO         1308    .text               c_w.l(libspace.o)
    0x080001f4   0x080001f4   0x0000004a   Code   RO         1311    .text               c_w.l(sys_stackheap_outer.o)
    0x0800023e   0x0800023e   0x00000012   Code   RO         1313    .text               c_w.l(exit.o)
    0x08000250   0x08000250   0x0000000c   Code   RO         1385    .text               c_w.l(sys_exit.o)
    0x0800025c   0x0800025c   0x00000002   Code   RO         1400    .text               c_w.l(use_no_semi.o)
    0x0800025e   0x0800025e   0x00000000   Code   RO         1402    .text               c_w.l(indicate_semi.o)
    0x0800025e   0x0800025e   0x00000002   PAD
    0x08000260   0x08000260   0x0000000c   Code   RO          130    .text.ADC1_2_IRQHandler  stm32f1xx_it.o
    0x0800026c   0x0800026c   0x000000b6   Code   RO          209    .text.ADC_Enable    stm32f1xx_hal_adc.o
    0x08000322   0x08000322   0x00000002   PAD
    0x08000324   0x08000324   0x00000002   Code   RO          114    .text.BusFault_Handler  stm32f1xx_it.o
    0x08000326   0x08000326   0x00000002   PAD
    0x08000328   0x08000328   0x0000000c   Code   RO          134    .text.CAN1_RX1_IRQHandler  stm32f1xx_it.o
    0x08000334   0x08000334   0x000002d0   Code   RO           11    .text.CLCD_I2C_Init  clcd_i2c.o
    0x08000604   0x08000604   0x00000002   Code   RO          120    .text.DebugMon_Handler  stm32f1xx_it.o
    0x08000606   0x08000606   0x00000002   PAD
    0x08000608   0x08000608   0x00000006   Code   RO          126    .text.EXTI1_IRQHandler  stm32f1xx_it.o
    0x0800060e   0x0800060e   0x00000002   PAD
    0x08000610   0x08000610   0x00000006   Code   RO          128    .text.EXTI2_IRQHandler  stm32f1xx_it.o
    0x08000616   0x08000616   0x00000002   PAD
    0x08000618   0x08000618   0x00000002   Code   RO          279    .text.HAL_ADCEx_InjectedConvCpltCallback  stm32f1xx_hal_adc_ex.o
    0x0800061a   0x0800061a   0x00000002   PAD
    0x0800061c   0x0800061c   0x00000194   Code   RO          243    .text.HAL_ADC_ConfigChannel  stm32f1xx_hal_adc.o
    0x080007b0   0x080007b0   0x00000002   Code   RO          235    .text.HAL_ADC_ConvCpltCallback  stm32f1xx_hal_adc.o
    0x080007b2   0x080007b2   0x00000002   PAD
    0x080007b4   0x080007b4   0x000000ee   Code   RO          233    .text.HAL_ADC_IRQHandler  stm32f1xx_hal_adc.o
    0x080008a2   0x080008a2   0x00000002   PAD
    0x080008a4   0x080008a4   0x0000015c   Code   RO          197    .text.HAL_ADC_Init  stm32f1xx_hal_adc.o
    0x08000a00   0x08000a00   0x00000002   Code   RO          237    .text.HAL_ADC_LevelOutOfWindowCallback  stm32f1xx_hal_adc.o
    0x08000a02   0x08000a02   0x00000002   PAD
    0x08000a04   0x08000a04   0x00000072   Code   RO          153    .text.HAL_ADC_MspInit  stm32f1xx_hal_msp.o
    0x08000a76   0x08000a76   0x00000002   PAD
    0x08000a78   0x08000a78   0x000000cc   Code   RO          207    .text.HAL_ADC_Start  stm32f1xx_hal_adc.o
    0x08000b44   0x08000b44   0x0000002e   Code   RO          660    .text.HAL_CAN_ActivateNotification  stm32f1xx_hal_can.o
    0x08000b72   0x08000b72   0x00000002   PAD
    0x08000b74   0x08000b74   0x000000ea   Code   RO          636    .text.HAL_CAN_ConfigFilter  stm32f1xx_hal_can.o
    0x08000c5e   0x08000c5e   0x00000002   PAD
    0x08000c60   0x08000c60   0x00000002   Code   RO          690    .text.HAL_CAN_ErrorCallback  stm32f1xx_hal_can.o
    0x08000c62   0x08000c62   0x00000002   PAD
    0x08000c64   0x08000c64   0x00000134   Code   RO          656    .text.HAL_CAN_GetRxMessage  stm32f1xx_hal_can.o
    0x08000d98   0x08000d98   0x0000025e   Code   RO          664    .text.HAL_CAN_IRQHandler  stm32f1xx_hal_can.o
    0x08000ff6   0x08000ff6   0x00000002   PAD
    0x08000ff8   0x08000ff8   0x000000f4   Code   RO          626    .text.HAL_CAN_Init  stm32f1xx_hal_can.o
    0x080010ec   0x080010ec   0x0000009a   Code   RO          157    .text.HAL_CAN_MspInit  stm32f1xx_hal_msp.o
    0x08001186   0x08001186   0x00000002   PAD
    0x08001188   0x08001188   0x00000002   Code   RO          678    .text.HAL_CAN_RxFifo0FullCallback  stm32f1xx_hal_can.o
    0x0800118a   0x0800118a   0x00000002   PAD
    0x0800118c   0x0800118c   0x00000044   Code   RO           76    .text.HAL_CAN_RxFifo0MsgPendingCallback  main.o
    0x080011d0   0x080011d0   0x00000002   Code   RO          682    .text.HAL_CAN_RxFifo1FullCallback  stm32f1xx_hal_can.o
    0x080011d2   0x080011d2   0x00000002   PAD
    0x080011d4   0x080011d4   0x00000002   Code   RO          684    .text.HAL_CAN_RxFifo1MsgPendingCallback  stm32f1xx_hal_can.o
    0x080011d6   0x080011d6   0x00000002   PAD
    0x080011d8   0x080011d8   0x00000002   Code   RO          686    .text.HAL_CAN_SleepCallback  stm32f1xx_hal_can.o
    0x080011da   0x080011da   0x00000002   PAD
    0x080011dc   0x080011dc   0x0000005a   Code   RO          638    .text.HAL_CAN_Start  stm32f1xx_hal_can.o
    0x08001236   0x08001236   0x00000002   PAD
    0x08001238   0x08001238   0x00000002   Code   RO          668    .text.HAL_CAN_TxMailbox0AbortCallback  stm32f1xx_hal_can.o
    0x0800123a   0x0800123a   0x00000002   PAD
    0x0800123c   0x0800123c   0x00000002   Code   RO          666    .text.HAL_CAN_TxMailbox0CompleteCallback  stm32f1xx_hal_can.o
    0x0800123e   0x0800123e   0x00000002   PAD
    0x08001240   0x08001240   0x00000002   Code   RO          672    .text.HAL_CAN_TxMailbox1AbortCallback  stm32f1xx_hal_can.o
    0x08001242   0x08001242   0x00000002   PAD
    0x08001244   0x08001244   0x00000002   Code   RO          670    .text.HAL_CAN_TxMailbox1CompleteCallback  stm32f1xx_hal_can.o
    0x08001246   0x08001246   0x00000002   PAD
    0x08001248   0x08001248   0x00000002   Code   RO          676    .text.HAL_CAN_TxMailbox2AbortCallback  stm32f1xx_hal_can.o
    0x0800124a   0x0800124a   0x00000002   PAD
    0x0800124c   0x0800124c   0x00000002   Code   RO          674    .text.HAL_CAN_TxMailbox2CompleteCallback  stm32f1xx_hal_can.o
    0x0800124e   0x0800124e   0x00000002   PAD
    0x08001250   0x08001250   0x00000002   Code   RO          688    .text.HAL_CAN_WakeUpFromRxMsgCallback  stm32f1xx_hal_can.o
    0x08001252   0x08001252   0x00000002   PAD
    0x08001254   0x08001254   0x000000b2   Code   RO          439    .text.HAL_DMA_Abort_IT  stm32f1xx_hal_dma.o
    0x08001306   0x08001306   0x00000002   PAD
    0x08001308   0x08001308   0x00000006   Code   RO          449    .text.HAL_DMA_GetState  stm32f1xx_hal_dma.o
    0x0800130e   0x0800130e   0x00000002   PAD
    0x08001310   0x08001310   0x00000028   Code   RO          313    .text.HAL_Delay     stm32f1xx_hal.o
    0x08001338   0x08001338   0x00000026   Code   RO           72    .text.HAL_GPIO_EXTI_Callback  main.o
    0x0800135e   0x0800135e   0x00000002   PAD
    0x08001360   0x08001360   0x00000016   Code   RO          417    .text.HAL_GPIO_EXTI_IRQHandler  stm32f1xx_hal_gpio.o
    0x08001376   0x08001376   0x00000002   PAD
    0x08001378   0x08001378   0x00000212   Code   RO          405    .text.HAL_GPIO_Init  stm32f1xx_hal_gpio.o
    0x0800158a   0x0800158a   0x00000002   PAD
    0x0800158c   0x0800158c   0x00000010   Code   RO          413    .text.HAL_GPIO_TogglePin  stm32f1xx_hal_gpio.o
    0x0800159c   0x0800159c   0x0000000a   Code   RO          411    .text.HAL_GPIO_WritePin  stm32f1xx_hal_gpio.o
    0x080015a6   0x080015a6   0x00000002   PAD
    0x080015a8   0x080015a8   0x0000000c   Code   RO          305    .text.HAL_GetTick   stm32f1xx_hal.o
    0x080015b4   0x080015b4   0x00000002   Code   RO          826    .text.HAL_I2C_AbortCpltCallback  stm32f1xx_hal_i2c.o
    0x080015b6   0x080015b6   0x00000002   PAD
    0x080015b8   0x080015b8   0x00000002   Code   RO          816    .text.HAL_I2C_AddrCallback  stm32f1xx_hal_i2c.o
    0x080015ba   0x080015ba   0x00000002   PAD
    0x080015bc   0x080015bc   0x00000660   Code   RO          794    .text.HAL_I2C_EV_IRQHandler  stm32f1xx_hal_i2c.o
    0x08001c1c   0x08001c1c   0x00000002   Code   RO          824    .text.HAL_I2C_ErrorCallback  stm32f1xx_hal_i2c.o
    0x08001c1e   0x08001c1e   0x00000002   PAD
    0x08001c20   0x08001c20   0x00000176   Code   RO          706    .text.HAL_I2C_Init  stm32f1xx_hal_i2c.o
    0x08001d96   0x08001d96   0x00000002   PAD
    0x08001d98   0x08001d98   0x00000002   Code   RO          818    .text.HAL_I2C_ListenCpltCallback  stm32f1xx_hal_i2c.o
    0x08001d9a   0x08001d9a   0x00000002   PAD
    0x08001d9c   0x08001d9c   0x00000002   Code   RO          810    .text.HAL_I2C_MasterRxCpltCallback  stm32f1xx_hal_i2c.o
    0x08001d9e   0x08001d9e   0x00000002   PAD
    0x08001da0   0x08001da0   0x00000002   Code   RO          808    .text.HAL_I2C_MasterTxCpltCallback  stm32f1xx_hal_i2c.o
    0x08001da2   0x08001da2   0x00000002   PAD
    0x08001da4   0x08001da4   0x000001d4   Code   RO          714    .text.HAL_I2C_Master_Transmit  stm32f1xx_hal_i2c.o
    0x08001f78   0x08001f78   0x00000002   Code   RO          822    .text.HAL_I2C_MemRxCpltCallback  stm32f1xx_hal_i2c.o
    0x08001f7a   0x08001f7a   0x00000002   PAD
    0x08001f7c   0x08001f7c   0x00000002   Code   RO          820    .text.HAL_I2C_MemTxCpltCallback  stm32f1xx_hal_i2c.o
    0x08001f7e   0x08001f7e   0x00000002   PAD
    0x08001f80   0x08001f80   0x0000034a   Code   RO          754    .text.HAL_I2C_Mem_Read  stm32f1xx_hal_i2c.o
    0x080022ca   0x080022ca   0x00000002   PAD
    0x080022cc   0x080022cc   0x00000158   Code   RO          750    .text.HAL_I2C_Mem_Write  stm32f1xx_hal_i2c.o
    0x08002424   0x08002424   0x00000072   Code   RO          161    .text.HAL_I2C_MspInit  stm32f1xx_hal_msp.o
    0x08002496   0x08002496   0x00000002   PAD
    0x08002498   0x08002498   0x00000002   Code   RO          814    .text.HAL_I2C_SlaveRxCpltCallback  stm32f1xx_hal_i2c.o
    0x0800249a   0x0800249a   0x00000002   PAD
    0x0800249c   0x0800249c   0x00000002   Code   RO          812    .text.HAL_I2C_SlaveTxCpltCallback  stm32f1xx_hal_i2c.o
    0x0800249e   0x0800249e   0x00000002   PAD
    0x080024a0   0x080024a0   0x0000001a   Code   RO          303    .text.HAL_IncTick   stm32f1xx_hal.o
    0x080024ba   0x080024ba   0x00000002   PAD
    0x080024bc   0x080024bc   0x00000026   Code   RO          293    .text.HAL_Init      stm32f1xx_hal.o
    0x080024e2   0x080024e2   0x00000002   PAD
    0x080024e4   0x080024e4   0x00000048   Code   RO          295    .text.HAL_InitTick  stm32f1xx_hal.o
    0x0800252c   0x0800252c   0x00000042   Code   RO          151    .text.HAL_MspInit   stm32f1xx_hal_msp.o
    0x0800256e   0x0800256e   0x00000002   PAD
    0x08002570   0x08002570   0x00000020   Code   RO          465    .text.HAL_NVIC_EnableIRQ  stm32f1xx_hal_cortex.o
    0x08002590   0x08002590   0x00000056   Code   RO          463    .text.HAL_NVIC_SetPriority  stm32f1xx_hal_cortex.o
    0x080025e6   0x080025e6   0x00000002   PAD
    0x080025e8   0x080025e8   0x00000020   Code   RO          461    .text.HAL_NVIC_SetPriorityGrouping  stm32f1xx_hal_cortex.o
    0x08002608   0x08002608   0x0000010a   Code   RO          391    .text.HAL_RCCEx_PeriphCLKConfig  stm32f1xx_hal_rcc_ex.o
    0x08002712   0x08002712   0x00000002   PAD
    0x08002714   0x08002714   0x000001be   Code   RO          357    .text.HAL_RCC_ClockConfig  stm32f1xx_hal_rcc.o
    0x080028d2   0x080028d2   0x00000002   PAD
    0x080028d4   0x080028d4   0x00000026   Code   RO          369    .text.HAL_RCC_GetPCLK1Freq  stm32f1xx_hal_rcc.o
    0x080028fa   0x080028fa   0x00000002   PAD
    0x080028fc   0x080028fc   0x000003b4   Code   RO          355    .text.HAL_RCC_OscConfig  stm32f1xx_hal_rcc.o
    0x08002cb0   0x08002cb0   0x0000002c   Code   RO          473    .text.HAL_SYSTICK_Config  stm32f1xx_hal_cortex.o
    0x08002cdc   0x08002cdc   0x00000002   Code   RO         1149    .text.HAL_TIMEx_BreakCallback  stm32f1xx_hal_tim_ex.o
    0x08002cde   0x08002cde   0x00000002   PAD
    0x08002ce0   0x08002ce0   0x00000002   Code   RO         1145    .text.HAL_TIMEx_CommutCallback  stm32f1xx_hal_tim_ex.o
    0x08002ce2   0x08002ce2   0x00000002   PAD
    0x08002ce4   0x08002ce4   0x0000007a   Code   RO         1139    .text.HAL_TIMEx_MasterConfigSynchronization  stm32f1xx_hal_tim_ex.o
    0x08002d5e   0x08002d5e   0x00000002   PAD
    0x08002d60   0x08002d60   0x000000ec   Code   RO          844    .text.HAL_TIM_Base_Init  stm32f1xx_hal_tim.o
    0x08002e4c   0x08002e4c   0x0000007c   Code   RO          165    .text.HAL_TIM_Base_MspInit  stm32f1xx_hal_msp.o
    0x08002ec8   0x08002ec8   0x0000006e   Code   RO          858    .text.HAL_TIM_Base_Start_IT  stm32f1xx_hal_tim.o
    0x08002f36   0x08002f36   0x00000002   PAD
    0x08002f38   0x08002f38   0x0000019c   Code   RO         1024    .text.HAL_TIM_ConfigClockSource  stm32f1xx_hal_tim.o
    0x080030d4   0x080030d4   0x0000014c   Code   RO          958    .text.HAL_TIM_Encoder_Init  stm32f1xx_hal_tim.o
    0x08003220   0x08003220   0x000000b0   Code   RO          167    .text.HAL_TIM_Encoder_MspInit  stm32f1xx_hal_msp.o
    0x080032d0   0x080032d0   0x000000bc   Code   RO          966    .text.HAL_TIM_Encoder_Start  stm32f1xx_hal_tim.o
    0x0800338c   0x0800338c   0x00000002   Code   RO          980    .text.HAL_TIM_IC_CaptureCallback  stm32f1xx_hal_tim.o
    0x0800338e   0x0800338e   0x00000002   PAD
    0x08003390   0x08003390   0x00000170   Code   RO          978    .text.HAL_TIM_IRQHandler  stm32f1xx_hal_tim.o
    0x08003500   0x08003500   0x0000004e   Code   RO          169    .text.HAL_TIM_MspPostInit  stm32f1xx_hal_msp.o
    0x0800354e   0x0800354e   0x00000002   PAD
    0x08003550   0x08003550   0x00000002   Code   RO          982    .text.HAL_TIM_OC_DelayElapsedCallback  stm32f1xx_hal_tim.o
    0x08003552   0x08003552   0x00000002   PAD
    0x08003554   0x08003554   0x00000204   Code   RO          998    .text.HAL_TIM_PWM_ConfigChannel  stm32f1xx_hal_tim.o
    0x08003758   0x08003758   0x000000ec   Code   RO          898    .text.HAL_TIM_PWM_Init  stm32f1xx_hal_tim.o
    0x08003844   0x08003844   0x00000002   Code   RO          900    .text.HAL_TIM_PWM_MspInit  stm32f1xx_hal_tim.o
    0x08003846   0x08003846   0x00000002   PAD
    0x08003848   0x08003848   0x00000002   Code   RO          984    .text.HAL_TIM_PWM_PulseFinishedCallback  stm32f1xx_hal_tim.o
    0x0800384a   0x0800384a   0x00000002   PAD
    0x0800384c   0x0800384c   0x000000de   Code   RO          906    .text.HAL_TIM_PWM_Start  stm32f1xx_hal_tim.o
    0x0800392a   0x0800392a   0x00000002   PAD
    0x0800392c   0x0800392c   0x0000013a   Code   RO           66    .text.HAL_TIM_PeriodElapsedCallback  main.o
    0x08003a66   0x08003a66   0x00000002   PAD
    0x08003a68   0x08003a68   0x00000002   Code   RO          988    .text.HAL_TIM_TriggerCallback  stm32f1xx_hal_tim.o
    0x08003a6a   0x08003a6a   0x00000002   PAD
    0x08003a6c   0x08003a6c   0x00000002   Code   RO          110    .text.HardFault_Handler  stm32f1xx_it.o
    0x08003a6e   0x08003a6e   0x00000002   PAD
    0x08003a70   0x08003a70   0x0000000c   Code   RO          142    .text.I2C1_EV_IRQHandler  stm32f1xx_it.o
    0x08003a7c   0x08003a7c   0x00000122   Code   RO          780    .text.I2C_DMAAbort  stm32f1xx_hal_i2c.o
    0x08003b9e   0x08003b9e   0x00000002   PAD
    0x08003ba0   0x08003ba0   0x0000018c   Code   RO          792    .text.I2C_ITError   stm32f1xx_hal_i2c.o
    0x08003d2c   0x08003d2c   0x000000e8   Code   RO          804    .text.I2C_MasterReceive_BTF  stm32f1xx_hal_i2c.o
    0x08003e14   0x08003e14   0x00000142   Code   RO          802    .text.I2C_MasterReceive_RXNE  stm32f1xx_hal_i2c.o
    0x08003f56   0x08003f56   0x00000002   PAD
    0x08003f58   0x08003f58   0x00000082   Code   RO          798    .text.I2C_MasterTransmit_BTF  stm32f1xx_hal_i2c.o
    0x08003fda   0x08003fda   0x00000002   PAD
    0x08003fdc   0x08003fdc   0x000000b2   Code   RO          796    .text.I2C_MasterTransmit_TXE  stm32f1xx_hal_i2c.o
    0x0800408e   0x0800408e   0x00000002   PAD
    0x08004090   0x08004090   0x000000be   Code   RO          800    .text.I2C_MemoryTransmit_TXE_BTF  stm32f1xx_hal_i2c.o
    0x0800414e   0x0800414e   0x00000002   PAD
    0x08004150   0x08004150   0x00000118   Code   RO          756    .text.I2C_RequestMemoryRead  stm32f1xx_hal_i2c.o
    0x08004268   0x08004268   0x000000c8   Code   RO          752    .text.I2C_RequestMemoryWrite  stm32f1xx_hal_i2c.o
    0x08004330   0x08004330   0x000000be   Code   RO          720    .text.I2C_WaitOnBTFFlagUntilTimeout  stm32f1xx_hal_i2c.o
    0x080043ee   0x080043ee   0x00000002   PAD
    0x080043f0   0x080043f0   0x000001d2   Code   RO          716    .text.I2C_WaitOnFlagUntilTimeout  stm32f1xx_hal_i2c.o
    0x080045c2   0x080045c2   0x00000002   PAD
    0x080045c4   0x080045c4   0x000000e0   Code   RO          834    .text.I2C_WaitOnMasterAddressFlagUntilTimeout  stm32f1xx_hal_i2c.o
    0x080046a4   0x080046a4   0x00000090   Code   RO          724    .text.I2C_WaitOnRXNEFlagUntilTimeout  stm32f1xx_hal_i2c.o
    0x08004734   0x08004734   0x000000be   Code   RO          718    .text.I2C_WaitOnTXEFlagUntilTimeout  stm32f1xx_hal_i2c.o
    0x080047f2   0x080047f2   0x00000002   PAD
    0x080047f4   0x080047f4   0x000000ce   Code   RO           39    .text.MPU6050_Init  mpu6050.o
    0x080048c2   0x080048c2   0x00000002   PAD
    0x080048c4   0x080048c4   0x00000264   Code   RO           43    .text.MPU6050_Read_Angle  mpu6050.o
    0x08004b28   0x08004b28   0x000002a8   Code   RO           41    .text.MPU6050_Read_Data  mpu6050.o
    0x08004dd0   0x08004dd0   0x00000002   Code   RO          112    .text.MemManage_Handler  stm32f1xx_it.o
    0x08004dd2   0x08004dd2   0x00000002   PAD
    0x08004dd4   0x08004dd4   0x00000002   Code   RO          108    .text.NMI_Handler   stm32f1xx_it.o
    0x08004dd6   0x08004dd6   0x00000002   PAD
    0x08004dd8   0x08004dd8   0x00000002   Code   RO          122    .text.PendSV_Handler  stm32f1xx_it.o
    0x08004dda   0x08004dda   0x00000002   PAD
    0x08004ddc   0x08004ddc   0x00000002   Code   RO          118    .text.SVC_Handler   stm32f1xx_it.o
    0x08004dde   0x08004dde   0x00000002   PAD
    0x08004de0   0x08004de0   0x00000004   Code   RO          124    .text.SysTick_Handler  stm32f1xx_it.o
    0x08004de4   0x08004de4   0x00000002   Code   RO         1163    .text.SystemInit    system_stm32f1xx.o
    0x08004de6   0x08004de6   0x00000002   PAD
    0x08004de8   0x08004de8   0x0000000c   Code   RO          136    .text.TIM1_UP_IRQHandler  stm32f1xx_it.o
    0x08004df4   0x08004df4   0x0000000c   Code   RO          138    .text.TIM2_IRQHandler  stm32f1xx_it.o
    0x08004e00   0x08004e00   0x0000000c   Code   RO          140    .text.TIM3_IRQHandler  stm32f1xx_it.o
    0x08004e0c   0x08004e0c   0x0000000c   Code   RO          132    .text.USB_LP_CAN1_RX0_IRQHandler  stm32f1xx_it.o
    0x08004e18   0x08004e18   0x00000002   Code   RO          116    .text.UsageFault_Handler  stm32f1xx_it.o
    0x08004e1a   0x08004e1a   0x00000002   PAD
    0x08004e1c   0x08004e1c   0x0000015a   Code   RO           68    .text.dc_motor_control  main.o
    0x08004f76   0x08004f76   0x00000002   PAD
    0x08004f78   0x08004f78   0x000004d0   Code   RO           60    .text.main          main.o
    0x08005448   0x08005448   0x00000028   Code   RO         1280    i.__ARM_fpclassify  m_ws.l(fpclassify.o)
    0x08005470   0x08005470   0x000000aa   Code   RO         1282    i.__kernel_poly     m_ws.l(poly.o)
    0x0800551a   0x0800551a   0x00000006   Code   RO         1267    i.__mathlib_dbl_infnan  m_ws.l(dunder.o)
    0x08005520   0x08005520   0x00000010   Code   RO         1272    i.__mathlib_dbl_underflow  m_ws.l(dunder.o)
    0x08005530   0x08005530   0x00000220   Code   RO         1236    i.atan              m_ws.l(atan.o)
    0x08005750   0x08005750   0x0000004c   Code   RO         1241    i.sqrt              m_ws.l(sqrt.o)
    0x0800579c   0x0800579c   0x00000062   Code   RO         1185    x$fpl$d2f           fz_ws.l(d2f.o)
    0x080057fe   0x080057fe   0x00000002   PAD
    0x08005800   0x08005800   0x00000150   Code   RO         1187    x$fpl$dadd          fz_ws.l(daddsub_clz.o)
    0x08005950   0x08005950   0x00000010   Code   RO         1304    x$fpl$dcheck1       fz_ws.l(dcheck1.o)
    0x08005960   0x08005960   0x000002b4   Code   RO         1194    x$fpl$ddiv          fz_ws.l(ddiv.o)
    0x08005c14   0x08005c14   0x0000005e   Code   RO         1197    x$fpl$dfix          fz_ws.l(dfix.o)
    0x08005c72   0x08005c72   0x0000002e   Code   RO         1202    x$fpl$dflt          fz_ws.l(dflt_clz.o)
    0x08005ca0   0x08005ca0   0x00000026   Code   RO         1201    x$fpl$dfltu         fz_ws.l(dflt_clz.o)
    0x08005cc6   0x08005cc6   0x00000002   PAD
    0x08005cc8   0x08005cc8   0x00000154   Code   RO         1207    x$fpl$dmul          fz_ws.l(dmul.o)
    0x08005e1c   0x08005e1c   0x0000009c   Code   RO         1247    x$fpl$dnaninf       fz_ws.l(dnaninf.o)
    0x08005eb8   0x08005eb8   0x0000000c   Code   RO         1249    x$fpl$dretinf       fz_ws.l(dretinf.o)
    0x08005ec4   0x08005ec4   0x00000016   Code   RO         1188    x$fpl$drsb          fz_ws.l(daddsub_clz.o)
    0x08005eda   0x08005eda   0x00000002   PAD
    0x08005edc   0x08005edc   0x000001cc   Code   RO         1251    x$fpl$dsqrt         fz_ws.l(dsqrt_noumaal.o)
    0x080060a8   0x080060a8   0x000001dc   Code   RO         1189    x$fpl$dsub          fz_ws.l(daddsub_clz.o)
    0x08006284   0x08006284   0x00000056   Code   RO         1209    x$fpl$f2d           fz_ws.l(f2d.o)
    0x080062da   0x080062da   0x00000002   PAD
    0x080062dc   0x080062dc   0x000000c4   Code   RO         1211    x$fpl$fadd          fz_ws.l(faddsub_clz.o)
    0x080063a0   0x080063a0   0x00000054   Code   RO         1217    x$fpl$fcmp          fz_ws.l(fcmp.o)
    0x080063f4   0x080063f4   0x00000018   Code   RO         1306    x$fpl$fcmpinf       fz_ws.l(fcmpi.o)
    0x0800640c   0x0800640c   0x00000184   Code   RO         1220    x$fpl$fdiv          fz_ws.l(fdiv.o)
    0x08006590   0x08006590   0x00000068   Code   RO         1253    x$fpl$feqf          fz_ws.l(feqf.o)
    0x080065f8   0x080065f8   0x00000036   Code   RO         1223    x$fpl$ffix          fz_ws.l(ffix.o)
    0x0800662e   0x0800662e   0x00000002   PAD
    0x08006630   0x08006630   0x00000030   Code   RO         1228    x$fpl$fflt          fz_ws.l(fflt_clz.o)
    0x08006660   0x08006660   0x00000068   Code   RO         1255    x$fpl$fgeqf         fz_ws.l(fgeqf.o)
    0x080066c8   0x080066c8   0x00000068   Code   RO         1257    x$fpl$fleqf         fz_ws.l(fleqf.o)
    0x08006730   0x08006730   0x00000102   Code   RO         1233    x$fpl$fmul          fz_ws.l(fmul.o)
    0x08006832   0x08006832   0x0000008c   Code   RO         1259    x$fpl$fnaninf       fz_ws.l(fnaninf.o)
    0x080068be   0x080068be   0x0000000a   Code   RO         1261    x$fpl$fretinf       fz_ws.l(fretinf.o)
    0x080068c8   0x080068c8   0x000000ea   Code   RO         1213    x$fpl$fsub          fz_ws.l(faddsub_clz.o)
    0x080069b2   0x080069b2   0x00000064   Code   RO         1321    x$fpl$retnan        fz_ws.l(retnan.o)
    0x08006a16   0x08006a16   0x0000005c   Code   RO         1263    x$fpl$scalbn        fz_ws.l(scalbn.o)
    0x08006a72   0x08006a72   0x00000030   Code   RO         1372    x$fpl$trapveneer    fz_ws.l(trapv.o)
    0x08006aa2   0x08006aa2   0x00000000   Code   RO         1265    x$fpl$usenofp       fz_ws.l(usenofp.o)
    0x08006aa2   0x08006aa2   0x00000006   PAD
    0x08006aa8   0x08006aa8   0x00000098   Data   RO         1237    .constdata          m_ws.l(atan.o)
    0x08006b40   0x08006b40   0x00000010   Data   RO         1168    .rodata.AHBPrescTable  system_stm32f1xx.o
    0x08006b50   0x08006b50   0x00000008   Data   RO         1169    .rodata.APBPrescTable  system_stm32f1xx.o
    0x08006b58   0x08006b58   0x00000002   Data   RO          382    .rodata.HAL_RCC_GetSysClockFreq.aPredivFactorTable  stm32f1xx_hal_rcc.o
    0x08006b5a   0x08006b5a   0x00000010   Data   RO          381    .rodata.cst16       stm32f1xx_hal_rcc.o
    0x08006b6a   0x08006b6a   0x00000002   PAD
    0x08006b6c   0x08006b6c   0x00000020   Data   RO         1458    Region$$Table       anon$$obj.o


    Execution Region RW_IRAM1 (Exec base: 0x20000000, Load base: 0x08006b90, Size: 0x000008f8, Max: 0x00005000, ABSOLUTE)

    Exec Addr    Load Addr    Size         Type   Attr      Idx    E Section Name        Object

    0x20000000   0x08006b90   0x00000008   Data   RW           96    .data..L_MergedGlobals  main.o
    0x20000008   0x08006b98   0x00000008   Data   RW          344    .data..L_MergedGlobals  stm32f1xx_hal.o
    0x20000010   0x08006ba0   0x00000004   Data   RW         1167    .data.SystemCoreClock  system_stm32f1xx.o
    0x20000014   0x08006ba4   0x00000004   Data   RW           80    .data.count         main.o
    0x20000018        -       0x00000060   Zero   RW         1309    .bss                c_w.l(libspace.o)
    0x20000078        -       0x00000018   Zero   RW           51    .bss..L_MergedGlobals  mpu6050.o
    0x20000090        -       0x00000074   Zero   RW           97    .bss..L_MergedGlobals.1  main.o
    0x20000104        -       0x00000068   Zero   RW           98    .bss..L_MergedGlobals.2  main.o
    0x2000016c        -       0x0000005c   Zero   RW           99    .bss..L_MergedGlobals.3  main.o
    0x200001c8        -       0x00000054   Zero   RW           85    .bss.hi2c1          main.o
    0x2000021c        -       0x00000048   Zero   RW           82    .bss.htim1          main.o
    0x20000264        -       0x00000048   Zero   RW           83    .bss.htim2          main.o
    0x200002ac        -       0x00000048   Zero   RW           84    .bss.htim3          main.o
    0x200002f4        -       0x00000004   Zero   RW          343    .bss.uwTick         stm32f1xx_hal.o
    0x200002f8        -       0x00000200   Zero   RW            2    HEAP                startup_stm32f103xb.o
    0x200004f8        -       0x00000400   Zero   RW            1    STACK               startup_stm32f103xb.o


==============================================================================

Image component sizes


      Code (inc. data)   RO Data    RW Data    ZI Data      Debug   Object Name

       720          0          0          0          0      12619   clcd_i2c.o
      1998          0          0         12        612      17894   main.o
      1498          0          0          0         24       3739   mpu6050.o
        64         26        236          0       1536        780   startup_stm32f103xb.o
       188          0          0          8          4       5729   stm32f1xx_hal.o
      1380          0          0          0          0      13142   stm32f1xx_hal_adc.o
         2          0          0          0          0       9449   stm32f1xx_hal_adc_ex.o
      1552          6          0          0          0      13668   stm32f1xx_hal_can.o
       194          0          0          0          0       8455   stm32f1xx_hal_cortex.o
       184          0          0          0          0       8408   stm32f1xx_hal_dma.o
       578         22          0          0          0       4596   stm32f1xx_hal_gpio.o
      7112         16          0          0          0      42465   stm32f1xx_hal_i2c.o
       826          0          0          0          0      12095   stm32f1xx_hal_msp.o
      1432          0         18          0          0       7638   stm32f1xx_hal_rcc.o
       266          0          0          0          0       3560   stm32f1xx_hal_rcc_ex.o
      2630          6          0          0          0      55122   stm32f1xx_hal_tim.o
       126          0          0          0          0      20713   stm32f1xx_hal_tim_ex.o
       116          0          0          0          0       8925   stm32f1xx_it.o
         2          0         24          4          0       1609   system_stm32f1xx.o

    ----------------------------------------------------------------------
     21032         76        312         24       2176     250606   Object Totals
         0          0         32          0          0          0   (incl. Generated)
       164          0          2          0          0          0   (incl. Padding)

    ----------------------------------------------------------------------

      Code (inc. data)   RO Data    RW Data    ZI Data      Debug   Library Member Name

         8          0          0          0          0         68   __main.o
         0          0          0          0          0          0   __rtentry.o
        12          0          0          0          0          0   __rtentry2.o
         6          0          0          0          0          0   __rtentry4.o
        52          8          0          0          0          0   __scatter.o
        26          0          0          0          0          0   __scatter_copy.o
        28          0          0          0          0          0   __scatter_zi.o
        22          0          0          0          0        100   _rserrno.o
        18          0          0          0          0         80   exit.o
         6          0          0          0          0        152   heapauxi.o
         0          0          0          0          0          0   indicate_semi.o
         2          0          0          0          0          0   libinit.o
         2          0          0          0          0          0   libinit2.o
         2          0          0          0          0          0   libshutdown.o
         2          0          0          0          0          0   libshutdown2.o
         8          4          0          0         96         68   libspace.o
         8          4          0          0          0         68   rt_errno_addr_intlibspace.o
         2          0          0          0          0          0   rtexit.o
        10          0          0          0          0          0   rtexit2.o
        12          4          0          0          0         68   sys_exit.o
        74          0          0          0          0         80   sys_stackheap_outer.o
         2          0          0          0          0         68   use_no_semi.o
        98          4          0          0          0         92   d2f.o
       834         16          0          0          0        372   daddsub_clz.o
        16          4          0          0          0         68   dcheck1.o
       692        140          0          0          0        216   ddiv.o
        94          4          0          0          0         92   dfix.o
        84          0          0          0          0        136   dflt_clz.o
       340         12          0          0          0        104   dmul.o
       156          4          0          0          0         92   dnaninf.o
        12          0          0          0          0         68   dretinf.o
       460         56          0          0          0        120   dsqrt_noumaal.o
        86          4          0          0          0         84   f2d.o
       430          8          0          0          0        168   faddsub_clz.o
        84          0          0          0          0        196   fcmp.o
        24          0          0          0          0         68   fcmpi.o
       388         76          0          0          0         96   fdiv.o
       104          4          0          0          0         84   feqf.o
        54          4          0          0          0         84   ffix.o
        48          0          0          0          0         68   fflt_clz.o
       104          4          0          0          0         84   fgeqf.o
       104          4          0          0          0         84   fleqf.o
       258          4          0          0          0         84   fmul.o
       140          4          0          0          0         84   fnaninf.o
        10          0          0          0          0         68   fretinf.o
       100          0          0          0          0         68   retnan.o
        92          0          0          0          0         68   scalbn.o
        48          0          0          0          0         68   trapv.o
         0          0          0          0          0          0   usenofp.o
       544         70        152          0          0        124   atan.o
        22          6          0          0          0        136   dunder.o
        40          0          0          0          0         68   fpclassify.o
       170          0          0          0          0         96   poly.o
        76          0          0          0          0         84   sqrt.o

    ----------------------------------------------------------------------
      6036        448        152          0         96       4076   Library Totals
        22          0          0          0          0          0   (incl. Padding)

    ----------------------------------------------------------------------

      Code (inc. data)   RO Data    RW Data    ZI Data      Debug   Library Name

       302         20          0          0         96        752   c_w.l
      4860        352          0          0          0       2816   fz_ws.l
       852         76        152          0          0        508   m_ws.l

    ----------------------------------------------------------------------
      6036        448        152          0         96       4076   Library Totals

    ----------------------------------------------------------------------

==============================================================================


      Code (inc. data)   RO Data    RW Data    ZI Data      Debug   

     27068        524        464         24       2272     252258   Grand Totals
     27068        524        464         24       2272     252258   ELF Image Totals
     27068        524        464         24          0          0   ROM Totals

==============================================================================

    Total RO  Size (Code + RO Data)                27532 (  26.89kB)
    Total RW  Size (RW Data + ZI Data)              2296 (   2.24kB)
    Total ROM Size (Code + RO Data + RW Data)      27556 (  26.91kB)

==============================================================================

